<html>
<body>
<pre>
<h1>µVision Build Log</h1>
<h2>Tool Versions:</h2>
IDE-Version: µVision V5.36.0.0
Copyright (C) 2021 ARM Ltd and ARM Germany GmbH. All rights reserved.
License Information: QUANG QUANG, QUANG, LIC=D0DY6-DYD0B-F09NG-TRIR5-95MI8-36TFF
 
Tool Versions:
Toolchain:       MDK-ARM Plus  Version: 5.36.0.0
Toolchain Path:  C:\Keil_v5\ARM\ARMCC\Bin
C Compiler:      Armcc.exe V5.06 update 7 (build 960)
Assembler:       Armasm.exe V5.06 update 7 (build 960)
Linker/Locator:  ArmLink.exe V5.06 update 7 (build 960)
Library Manager: ArmAr.exe V5.06 update 7 (build 960)
Hex Converter:   FromElf.exe V5.06 update 7 (build 960)
CPU DLL:         SARMCM3.DLL V5.36.0.0
Dialog DLL:      DCM.DLL V1.17.3.0
Target DLL:      STLink\ST-LINKIII-KEIL_SWO.dll V3.0.9.0
Dialog DLL:      TCM.DLL V1.53.0.0
 
<h2>Project:</h2>
D:\Task\LIOP_VGS502\MDK-ARM\LIOP_VGS502.uvprojx
Project File Date:  05/12/2022

<h2>Output:</h2>
*** Using Compiler 'V5.06 update 7 (build 960)', folder: 'C:\Keil_v5\ARM\ARMCC\Bin'
Build target 'LIOP_VGS502'
compiling Display.c...
../Core/Inc/dict.h(10): warning:  #21-D: type qualifiers are meaningless in this declaration
  const struct _dict
..\Core\Src\Display.c: 1 warning, 0 errors
compiling version.c...
../Core/Inc/dict.h(10): warning:  #21-D: type qualifiers are meaningless in this declaration
  const struct _dict
..\Core\Src\version.c: 1 warning, 0 errors
compiling interrupt.c...
../Core/Inc/dict.h(10): warning:  #21-D: type qualifiers are meaningless in this declaration
  const struct _dict
..\Core\Src\interrupt.c(131): warning:  #188-D: enumerated type mixed with another type
  		HAL_GPIO_WritePin(UO_GPIO_Port, UO_Pin, i & 0x01);
..\Core\Src\interrupt.c(132): warning:  #188-D: enumerated type mixed with another type
  		HAL_GPIO_WritePin(DO_GPIO_Port, DO_Pin, bit_select(i, 1));
..\Core\Src\interrupt.c(15): warning:  #177-D: variable "a"  was declared but never referenced
  	static uint8_t a = 0;
..\Core\Src\interrupt.c(17): warning:  #177-D: variable "pos"  was declared but never referenced
  	SBYTE pos;
..\Core\Src\interrupt.c: 5 warnings, 0 errors
compiling flash.c...
../Core/Inc/dict.h(10): warning:  #21-D: type qualifiers are meaningless in this declaration
  const struct _dict
..\Core\Src\flash.c: 1 warning, 0 errors
compiling dict.c...
../Core/Inc/dict.h(10): warning:  #21-D: type qualifiers are meaningless in this declaration
  const struct _dict
..\Core\Src\dict.c(178): warning:  #111-D: statement is unreachable
  							subindex_exists = 1;					/* object exists,but access not valid	*/
..\Core\Src\dict.c: 2 warnings, 0 errors
compiling main.c...
../Core/Inc/dict.h(10): warning:  #21-D: type qualifiers are meaningless in this declaration
  const struct _dict
../Core/Src/main.c(373): warning:  #167-D: argument of type "uint8_t *" is incompatible with parameter of type "char *"
        Dwin_Change_Current_FloorName(floorDisplay);
../Core/Src/main.c(515): warning:  #188-D: enumerated type mixed with another type
    hcan.Init.TimeTriggeredMode = DISABLE;
../Core/Src/main.c(516): warning:  #188-D: enumerated type mixed with another type
    hcan.Init.AutoBusOff = DISABLE;
../Core/Src/main.c(517): warning:  #188-D: enumerated type mixed with another type
    hcan.Init.AutoWakeUp = DISABLE;
../Core/Src/main.c(518): warning:  #188-D: enumerated type mixed with another type
    hcan.Init.AutoRetransmission = DISABLE;
../Core/Src/main.c(519): warning:  #188-D: enumerated type mixed with another type
    hcan.Init.ReceiveFifoLocked = DISABLE;
../Core/Src/main.c(520): warning:  #188-D: enumerated type mixed with another type
    hcan.Init.TransmitFifoPriority = DISABLE;
../Core/Src/main.c: 8 warnings, 0 errors
compiling CanBus.c...
../Core/Inc/dict.h(10): warning:  #21-D: type qualifiers are meaningless in this declaration
  const struct _dict
..\Core\Src\CanBus.c(287): warning:  #1215-D: #warning directive: add filter and enbale interrupt
  #warning add filter and enbale interrupt
..\Core\Src\CanBus.c: 2 warnings, 0 errors
compiling stm32f1xx_it.c...
../Core/Inc/dict.h(10): warning:  #21-D: type qualifiers are meaningless in this declaration
  const struct _dict
..\Core\Src\stm32f1xx_it.c: 1 warning, 0 errors
compiling Dwin_App.c...
../Core/Inc/dict.h(10): warning:  #21-D: type qualifiers are meaningless in this declaration
  const struct _dict
..\Core\Src\Dwin_App.c(253): warning:  #177-D: variable "Message_Time"  was declared but never referenced
  	static uint32_t Message_Time = 0;
..\Core\Src\Dwin_App.c(255): warning:  #177-D: variable "Buf"  was declared but never referenced
  	uint8_t Buf[100] = {0};
..\Core\Src\Dwin_App.c: 3 warnings, 0 errors
compiling Dwin.c...
../Core/Inc/dict.h(10): warning:  #21-D: type qualifiers are meaningless in this declaration
  const struct _dict
..\Core\Src\Dwin.c: 1 warning, 0 errors
compiling stm32f1xx_hal_msp.c...
../Core/Inc/dict.h(10): warning:  #21-D: type qualifiers are meaningless in this declaration
  const struct _dict
../Core/Src/stm32f1xx_hal_msp.c: 1 warning, 0 errors
linking...
Program Size: Code=18828 RO-data=1304 RW-data=220 ZI-data=2780  
FromELF: creating hex file...
"LIOP_VGS502\LIOP_VGS502.axf" - 0 Error(s), 26 Warning(s).

<h2>Software Packages used:</h2>

Package Vendor: ARM
                http://www.keil.com/pack/ARM.CMSIS.5.8.0.pack
                ARM.CMSIS.5.8.0
                CMSIS (Common Microcontroller Software Interface Standard)
   * Component: CORE Version: 5.5.0

Package Vendor: Keil
                http://www.keil.com/pack/Keil.STM32F1xx_DFP.2.4.0.pack
                Keil.STM32F1xx_DFP.2.4.0
                STMicroelectronics STM32F1 Series Device Support, Drivers and Examples

<h2>Collection of Component include folders:</h2>
  .\RTE\_LIOP_VGS502
  C:\Users\Ha Thien Quang\AppData\Local\Arm\Packs\ARM\CMSIS\5.8.0\CMSIS\Core\Include
  C:\Users\Ha Thien Quang\AppData\Local\Arm\Packs\Keil\STM32F1xx_DFP\2.4.0\Device\Include

<h2>Collection of Component Files used:</h2>

   * Component: ARM::CMSIS:CORE:5.5.0
      Include file:  CMSIS\Core\Include\tz_context.h
Build Time Elapsed:  00:00:10
</pre>
</body>
</html>
