Component: ARM Compiler 5.06 update 7 (build 960) Tool: armlink [4d3601]

==============================================================================

Section Cross References

    startup_stm32f103xb.o(STACK) refers (Special) to heapauxi.o(.text) for __use_two_region_memory
    startup_stm32f103xb.o(HEAP) refers (Special) to heapauxi.o(.text) for __use_two_region_memory
    startup_stm32f103xb.o(RESET) refers (Special) to heapauxi.o(.text) for __use_two_region_memory
    startup_stm32f103xb.o(RESET) refers to startup_stm32f103xb.o(STACK) for __initial_sp
    startup_stm32f103xb.o(RESET) refers to startup_stm32f103xb.o(.text) for Reset_Handler
    startup_stm32f103xb.o(RESET) refers to stm32f1xx_it.o(i.NMI_Handler) for NMI_Handler
    startup_stm32f103xb.o(RESET) refers to stm32f1xx_it.o(i.HardFault_Handler) for HardFault_Handler
    startup_stm32f103xb.o(RESET) refers to stm32f1xx_it.o(i.MemManage_Handler) for MemManage_Handler
    startup_stm32f103xb.o(RESET) refers to stm32f1xx_it.o(i.BusFault_Handler) for BusFault_Handler
    startup_stm32f103xb.o(RESET) refers to stm32f1xx_it.o(i.UsageFault_Handler) for UsageFault_Handler
    startup_stm32f103xb.o(RESET) refers to stm32f1xx_it.o(i.SVC_Handler) for SVC_Handler
    startup_stm32f103xb.o(RESET) refers to stm32f1xx_it.o(i.DebugMon_Handler) for DebugMon_Handler
    startup_stm32f103xb.o(RESET) refers to stm32f1xx_it.o(i.PendSV_Handler) for PendSV_Handler
    startup_stm32f103xb.o(RESET) refers to stm32f1xx_it.o(i.SysTick_Handler) for SysTick_Handler
    startup_stm32f103xb.o(RESET) refers to stm32f1xx_it.o(i.USB_HP_CAN1_TX_IRQHandler) for USB_HP_CAN1_TX_IRQHandler
    startup_stm32f103xb.o(RESET) refers to stm32f1xx_it.o(i.USB_LP_CAN1_RX0_IRQHandler) for USB_LP_CAN1_RX0_IRQHandler
    startup_stm32f103xb.o(RESET) refers to stm32f1xx_it.o(i.CAN1_RX1_IRQHandler) for CAN1_RX1_IRQHandler
    startup_stm32f103xb.o(RESET) refers to stm32f1xx_it.o(i.CAN1_SCE_IRQHandler) for CAN1_SCE_IRQHandler
    startup_stm32f103xb.o(RESET) refers to stm32f1xx_it.o(i.TIM2_IRQHandler) for TIM2_IRQHandler
    startup_stm32f103xb.o(RESET) refers to stm32f1xx_it.o(i.TIM3_IRQHandler) for TIM3_IRQHandler
    startup_stm32f103xb.o(RESET) refers to stm32f1xx_it.o(i.TIM4_IRQHandler) for TIM4_IRQHandler
    startup_stm32f103xb.o(.text) refers (Special) to heapauxi.o(.text) for __use_two_region_memory
    startup_stm32f103xb.o(.text) refers to system_stm32f1xx_1.o(i.SystemInit) for SystemInit
    startup_stm32f103xb.o(.text) refers to __main.o(!!!main) for __main
    startup_stm32f103xb.o(.text) refers to startup_stm32f103xb.o(HEAP) for Heap_Mem
    startup_stm32f103xb.o(.text) refers to startup_stm32f103xb.o(STACK) for Stack_Mem
    canbus.o(i.CAN_transmit_Interrupt) refers to stm32f1xx_hal_can.o(i.HAL_CAN_AddTxMessage) for HAL_CAN_AddTxMessage
    canbus.o(i.CAN_transmit_Interrupt) refers to main.o(i.Error_Handler) for Error_Handler
    canbus.o(i.CAN_transmit_Interrupt) refers to canbus.o(.data) for .data
    canbus.o(i.CAN_transmit_Interrupt) refers to canbus.o(.bss) for .bss
    canbus.o(i.CAN_transmit_Interrupt) refers to main.o(.bss) for hcan
    canbus.o(i.CAN_transmit_heartbeat) refers to canbus.o(i.can_transmit) for can_transmit
    canbus.o(i.CAN_transmit_heartbeat) refers to canbus.o(.data) for .data
    canbus.o(i.CAN_transmit_heartbeat) refers to canbus.o(.bss) for .bss
    canbus.o(i.CAN_transmit_heartbeat) refers to main.o(.data) for node_id
    canbus.o(i.CAN_transmit_heartbeat) refers to main.o(.data) for nmtstate
    canbus.o(i.HAL_CAN_RxFifo0MsgPendingCallback) refers to stm32f1xx_hal_can.o(i.HAL_CAN_GetRxMessage) for HAL_CAN_GetRxMessage
    canbus.o(i.HAL_CAN_RxFifo0MsgPendingCallback) refers to main.o(i.Error_Handler) for Error_Handler
    canbus.o(i.HAL_CAN_RxFifo0MsgPendingCallback) refers to stm32f1xx_hal.o(i.HAL_GetTick) for HAL_GetTick
    canbus.o(i.HAL_CAN_RxFifo0MsgPendingCallback) refers to canbus.o(.data) for .data
    canbus.o(i.HAL_CAN_RxFifo0MsgPendingCallback) refers to canbus.o(.bss) for .bss
    canbus.o(i.HAL_CAN_RxFifo0MsgPendingCallback) refers to main.o(.data) for hsetime
    canbus.o(i.HAL_CAN_RxFifo0MsgPendingCallback) refers to main.o(.data) for hse_heartbeat
    canbus.o(i.HAL_CAN_RxFifo1MsgPendingCallback) refers to stm32f1xx_hal_can.o(i.HAL_CAN_GetRxMessage) for HAL_CAN_GetRxMessage
    canbus.o(i.HAL_CAN_RxFifo1MsgPendingCallback) refers to main.o(i.Error_Handler) for Error_Handler
    canbus.o(i.HAL_CAN_RxFifo1MsgPendingCallback) refers to rt_memcpy_v6.o(.text) for __aeabi_memcpy
    canbus.o(i.HAL_CAN_RxFifo1MsgPendingCallback) refers to canbus.o(.data) for .data
    canbus.o(i.HAL_CAN_RxFifo1MsgPendingCallback) refers to canbus.o(.bss) for .bss
    canbus.o(i.HAL_CAN_RxFifo1MsgPendingCallback) refers to main.o(.data) for errorregister
    canbus.o(i.HAL_CAN_RxFifo1MsgPendingCallback) refers to main.o(.data) for node_id
[...]
    ..\Drivers\STM32F1xx_HAL_Driver\Src\stm32f1xx_hal_flash.c 0x00000000   Number         0  stm32f1xx_hal_flash.o ABSOLUTE
    ..\Drivers\STM32F1xx_HAL_Driver\Src\stm32f1xx_hal_flash_ex.c 0x00000000   Number         0  stm32f1xx_hal_flash_ex.o ABSOLUTE
    ..\Drivers\STM32F1xx_HAL_Driver\Src\stm32f1xx_hal_gpio.c 0x00000000   Number         0  stm32f1xx_hal_gpio.o ABSOLUTE
    ..\Drivers\STM32F1xx_HAL_Driver\Src\stm32f1xx_hal_gpio_ex.c 0x00000000   Number         0  stm32f1xx_hal_gpio_ex.o ABSOLUTE
    ..\Drivers\STM32F1xx_HAL_Driver\Src\stm32f1xx_hal_pwr.c 0x00000000   Number         0  stm32f1xx_hal_pwr.o ABSOLUTE
    ..\Drivers\STM32F1xx_HAL_Driver\Src\stm32f1xx_hal_rcc.c 0x00000000   Number         0  stm32f1xx_hal_rcc.o ABSOLUTE
    ..\Drivers\STM32F1xx_HAL_Driver\Src\stm32f1xx_hal_rcc_ex.c 0x00000000   Number         0  stm32f1xx_hal_rcc_ex.o ABSOLUTE
    ..\Drivers\STM32F1xx_HAL_Driver\Src\stm32f1xx_hal_tim.c 0x00000000   Number         0  stm32f1xx_hal_tim.o ABSOLUTE
    ..\Drivers\STM32F1xx_HAL_Driver\Src\stm32f1xx_hal_tim_ex.c 0x00000000   Number         0  stm32f1xx_hal_tim_ex.o ABSOLUTE
    ..\\Core\\Src\\CanBus.c                  0x00000000   Number         0  canbus.o ABSOLUTE
    ..\\Core\\Src\\Display.c                 0x00000000   Number         0  display.o ABSOLUTE
    ..\\Core\\Src\\dict.c                    0x00000000   Number         0  dict.o ABSOLUTE
    ..\\Core\\Src\\interrupt.c               0x00000000   Number         0  interrupt.o ABSOLUTE
    ..\\Core\\Src\\stm32f1xx_it.c            0x00000000   Number         0  stm32f1xx_it.o ABSOLUTE
    ..\\Core\\Src\\version.c                 0x00000000   Number         0  version.o ABSOLUTE
    dc.s                                     0x00000000   Number         0  dc.o ABSOLUTE
    startup_stm32f103xb.s                    0x00000000   Number         0  startup_stm32f103xb.o ABSOLUTE
    RESET                                    0x08000000   Section      236  startup_stm32f103xb.o(RESET)
    !!!main                                  0x080000ec   Section        8  __main.o(!!!main)
    !!!scatter                               0x080000f4   Section       52  __scatter.o(!!!scatter)
    !!handler_copy                           0x08000128   Section       26  __scatter_copy.o(!!handler_copy)
    !!handler_zi                             0x08000144   Section       28  __scatter_zi.o(!!handler_zi)
    .ARM.Collect$$libinit$$00000000          0x08000160   Section        2  libinit.o(.ARM.Collect$$libinit$$00000000)
    .ARM.Collect$$libinit$$00000002          0x08000162   Section        0  libinit2.o(.ARM.Collect$$libinit$$00000002)
    .ARM.Collect$$libinit$$00000004          0x08000162   Section        0  libinit2.o(.ARM.Collect$$libinit$$00000004)
    .ARM.Collect$$libinit$$0000000A          0x08000162   Section        0  libinit2.o(.ARM.Collect$$libinit$$0000000A)
    .ARM.Collect$$libinit$$0000000C          0x08000162   Section        0  libinit2.o(.ARM.Collect$$libinit$$0000000C)
    .ARM.Collect$$libinit$$0000000E          0x08000162   Section        0  libinit2.o(.ARM.Collect$$libinit$$0000000E)
    .ARM.Collect$$libinit$$00000011          0x08000162   Section        0  libinit2.o(.ARM.Collect$$libinit$$00000011)
    .ARM.Collect$$libinit$$00000013          0x08000162   Section        0  libinit2.o(.ARM.Collect$$libinit$$00000013)
    .ARM.Collect$$libinit$$00000015          0x08000162   Section        0  libinit2.o(.ARM.Collect$$libinit$$00000015)
    .ARM.Collect$$libinit$$00000017          0x08000162   Section        0  libinit2.o(.ARM.Collect$$libinit$$00000017)
    .ARM.Collect$$libinit$$00000019          0x08000162   Section        0  libinit2.o(.ARM.Collect$$libinit$$00000019)
    .ARM.Collect$$libinit$$0000001B          0x08000162   Section        0  libinit2.o(.ARM.Collect$$libinit$$0000001B)
    .ARM.Collect$$libinit$$0000001D          0x08000162   Section        0  libinit2.o(.ARM.Collect$$libinit$$0000001D)
    .ARM.Collect$$libinit$$0000001F          0x08000162   Section        0  libinit2.o(.ARM.Collect$$libinit$$0000001F)
    .ARM.Collect$$libinit$$00000021          0x08000162   Section        0  libinit2.o(.ARM.Collect$$libinit$$00000021)
    .ARM.Collect$$libinit$$00000023          0x08000162   Section        0  libinit2.o(.ARM.Collect$$libinit$$00000023)
    .ARM.Collect$$libinit$$00000025          0x08000162   Section        0  libinit2.o(.ARM.Collect$$libinit$$00000025)
    .ARM.Collect$$libinit$$0000002C          0x08000162   Section        0  libinit2.o(.ARM.Collect$$libinit$$0000002C)
    .ARM.Collect$$libinit$$0000002E          0x08000162   Section        0  libinit2.o(.ARM.Collect$$libinit$$0000002E)
    .ARM.Collect$$libinit$$00000030          0x08000162   Section        0  libinit2.o(.ARM.Collect$$libinit$$00000030)
    .ARM.Collect$$libinit$$00000032          0x08000162   Section        0  libinit2.o(.ARM.Collect$$libinit$$00000032)
    .ARM.Collect$$libinit$$00000033          0x08000162   Section        2  libinit2.o(.ARM.Collect$$libinit$$00000033)
    .ARM.Collect$$libshutdown$$00000000      0x08000164   Section        2  libshutdown.o(.ARM.Collect$$libshutdown$$00000000)
    .ARM.Collect$$libshutdown$$00000002      0x08000166   Section        0  libshutdown2.o(.ARM.Collect$$libshutdown$$00000002)
    .ARM.Collect$$libshutdown$$00000004      0x08000166   Section        0  libshutdown2.o(.ARM.Collect$$libshutdown$$00000004)
    .ARM.Collect$$libshutdown$$00000006      0x08000166   Section        0  libshutdown2.o(.ARM.Collect$$libshutdown$$00000006)
    .ARM.Collect$$libshutdown$$00000009      0x08000166   Section        0  libshutdown2.o(.ARM.Collect$$libshutdown$$00000009)
    .ARM.Collect$$libshutdown$$0000000C      0x08000166   Section        0  libshutdown2.o(.ARM.Collect$$libshutdown$$0000000C)
    .ARM.Collect$$libshutdown$$0000000E      0x08000166   Section        0  libshutdown2.o(.ARM.Collect$$libshutdown$$0000000E)
    .ARM.Collect$$libshutdown$$00000011      0x08000166   Section        0  libshutdown2.o(.ARM.Collect$$libshutdown$$00000011)
    .ARM.Collect$$libshutdown$$00000012      0x08000166   Section        2  libshutdown2.o(.ARM.Collect$$libshutdown$$00000012)
    .ARM.Collect$$rtentry$$00000000          0x08000168   Section        0  __rtentry.o(.ARM.Collect$$rtentry$$00000000)
    .ARM.Collect$$rtentry$$00000002          0x08000168   Section        0  __rtentry2.o(.ARM.Collect$$rtentry$$00000002)
    .ARM.Collect$$rtentry$$00000004          0x08000168   Section        6  __rtentry4.o(.ARM.Collect$$rtentry$$00000004)
    .ARM.Collect$$rtentry$$00000009          0x0800016e   Section        0  __rtentry2.o(.ARM.Collect$$rtentry$$00000009)
    .ARM.Collect$$rtentry$$0000000A          0x0800016e   Section        4  __rtentry2.o(.ARM.Collect$$rtentry$$0000000A)
    .ARM.Collect$$rtentry$$0000000C          0x08000172   Section        0  __rtentry2.o(.ARM.Collect$$rtentry$$0000000C)
    .ARM.Collect$$rtentry$$0000000D          0x08000172   Section        8  __rtentry2.o(.ARM.Collect$$rtentry$$0000000D)
    .ARM.Collect$$rtexit$$00000000           0x0800017a   Section        2  rtexit.o(.ARM.Collect$$rtexit$$00000000)
    .ARM.Collect$$rtexit$$00000002           0x0800017c   Section        0  rtexit2.o(.ARM.Collect$$rtexit$$00000002)
    .ARM.Collect$$rtexit$$00000003           0x0800017c   Section        4  rtexit2.o(.ARM.Collect$$rtexit$$00000003)
    .ARM.Collect$$rtexit$$00000004           0x08000180   Section        6  rtexit2.o(.ARM.Collect$$rtexit$$00000004)
    .text                                    0x08000188   Section       64  startup_stm32f103xb.o(.text)
    .text                                    0x080001c8   Section      138  rt_memcpy_v6.o(.text)
    .text                                    0x08000252   Section       78  rt_memclr_w.o(.text)
    .text                                    0x080002a0   Section        0  heapauxi.o(.text)
    .text                                    0x080002a6   Section      100  rt_memcpy_w.o(.text)
    .text                                    0x0800030a   Section       74  sys_stackheap_outer.o(.text)
    .text                                    0x08000354   Section        0  exit.o(.text)
    .text                                    0x08000368   Section        8  libspace.o(.text)
    .text                                    0x08000370   Section        0  sys_exit.o(.text)
    .text                                    0x0800037c   Section        2  use_no_semi.o(.text)
    .text                                    0x0800037e   Section        0  indicate_semi.o(.text)
    i.BusFault_Handler                       0x0800037e   Section        0  stm32f1xx_it.o(i.BusFault_Handler)
    i.CAN1_RX1_IRQHandler                    0x08000380   Section        0  stm32f1xx_it.o(i.CAN1_RX1_IRQHandler)
    i.CAN1_SCE_IRQHandler                    0x0800038c   Section        0  stm32f1xx_it.o(i.CAN1_SCE_IRQHandler)
    i.CAN_transmit_Interrupt                 0x08000398   Section        0  canbus.o(i.CAN_transmit_Interrupt)
    i.DebugMon_Handler                       0x08000434   Section        0  stm32f1xx_it.o(i.DebugMon_Handler)
    i.Error_Handler                          0x08000436   Section        0  main.o(i.Error_Handler)
    i.HAL_CAN_ActivateNotification           0x0800043a   Section        0  stm32f1xx_hal_can.o(i.HAL_CAN_ActivateNotification)
    i.HAL_CAN_AddTxMessage                   0x0800045e   Section        0  stm32f1xx_hal_can.o(i.HAL_CAN_AddTxMessage)
    i.HAL_CAN_ConfigFilter                   0x0800053c   Section        0  stm32f1xx_hal_can.o(i.HAL_CAN_ConfigFilter)
    i.HAL_CAN_DeactivateNotification         0x0800062a   Section        0  stm32f1xx_hal_can.o(i.HAL_CAN_DeactivateNotification)
    i.HAL_CAN_ErrorCallback                  0x0800064e   Section        0  stm32f1xx_hal_can.o(i.HAL_CAN_ErrorCallback)
    i.HAL_CAN_GetRxMessage                   0x08000650   Section        0  stm32f1xx_hal_can.o(i.HAL_CAN_GetRxMessage)
    i.HAL_CAN_IRQHandler                     0x08000738   Section        0  stm32f1xx_hal_can.o(i.HAL_CAN_IRQHandler)
    i.HAL_CAN_Init                           0x08000934   Section        0  stm32f1xx_hal_can.o(i.HAL_CAN_Init)
    i.HAL_CAN_MspInit                        0x08000a50   Section        0  stm32f1xx_hal_msp.o(i.HAL_CAN_MspInit)
    i.HAL_CAN_RxFifo0FullCallback            0x08000afc   Section        0  stm32f1xx_hal_can.o(i.HAL_CAN_RxFifo0FullCallback)
    i.HAL_CAN_RxFifo0MsgPendingCallback      0x08000b00   Section        0  canbus.o(i.HAL_CAN_RxFifo0MsgPendingCallback)
    i.HAL_CAN_RxFifo1FullCallback            0x08000b64   Section        0  stm32f1xx_hal_can.o(i.HAL_CAN_RxFifo1FullCallback)
    i.HAL_CAN_RxFifo1MsgPendingCallback      0x08000b68   Section        0  canbus.o(i.HAL_CAN_RxFifo1MsgPendingCallback)
    i.HAL_CAN_SleepCallback                  0x08000c1c   Section        0  stm32f1xx_hal_can.o(i.HAL_CAN_SleepCallback)
    i.HAL_CAN_Start                          0x08000c20   Section        0  stm32f1xx_hal_can.o(i.HAL_CAN_Start)
    i.HAL_CAN_TxMailbox0AbortCallback        0x08000c78   Section        0  stm32f1xx_hal_can.o(i.HAL_CAN_TxMailbox0AbortCallback)
    i.HAL_CAN_TxMailbox0CompleteCallback     0x08000c7c   Section        0  canbus.o(i.HAL_CAN_TxMailbox0CompleteCallback)
    i.HAL_CAN_TxMailbox1AbortCallback        0x08000c8c   Section        0  stm32f1xx_hal_can.o(i.HAL_CAN_TxMailbox1AbortCallback)
    i.HAL_CAN_TxMailbox1CompleteCallback     0x08000c90   Section        0  canbus.o(i.HAL_CAN_TxMailbox1CompleteCallback)
    i.HAL_CAN_TxMailbox2AbortCallback        0x08000ca0   Section        0  stm32f1xx_hal_can.o(i.HAL_CAN_TxMailbox2AbortCallback)
    i.HAL_CAN_TxMailbox2CompleteCallback     0x08000ca4   Section        0  canbus.o(i.HAL_CAN_TxMailbox2CompleteCallback)
    i.HAL_CAN_WakeUpFromRxMsgCallback        0x08000cb4   Section        0  stm32f1xx_hal_can.o(i.HAL_CAN_WakeUpFromRxMsgCallback)
    i.HAL_GPIO_Init                          0x08000cb8   Section        0  stm32f1xx_hal_gpio.o(i.HAL_GPIO_Init)
    i.HAL_GPIO_WritePin                      0x08000e98   Section        0  stm32f1xx_hal_gpio.o(i.HAL_GPIO_WritePin)
    i.HAL_GetTick                            0x08000ea4   Section        0  stm32f1xx_hal.o(i.HAL_GetTick)
    i.HAL_IncTick                            0x08000eb0   Section        0  stm32f1xx_hal.o(i.HAL_IncTick)
    i.HAL_Init                               0x08000ec0   Section        0  stm32f1xx_hal.o(i.HAL_Init)
    i.HAL_InitTick                           0x08000ee4   Section        0  stm32f1xx_hal.o(i.HAL_InitTick)
    i.HAL_MspInit                            0x08000f24   Section        0  stm32f1xx_hal_msp.o(i.HAL_MspInit)
    i.HAL_NVIC_EnableIRQ                     0x08000f60   Section        0  stm32f1xx_hal_cortex.o(i.HAL_NVIC_EnableIRQ)
    i.HAL_NVIC_SetPriority                   0x08000f7c   Section        0  stm32f1xx_hal_cortex.o(i.HAL_NVIC_SetPriority)
    i.HAL_NVIC_SetPriorityGrouping           0x08000fbc   Section        0  stm32f1xx_hal_cortex.o(i.HAL_NVIC_SetPriorityGrouping)
    i.HAL_RCC_ClockConfig                    0x08000fe0   Section        0  stm32f1xx_hal_rcc.o(i.HAL_RCC_ClockConfig)
    i.HAL_RCC_GetSysClockFreq                0x0800110c   Section        0  stm32f1xx_hal_rcc.o(i.HAL_RCC_GetSysClockFreq)
    i.HAL_RCC_OscConfig                      0x08001178   Section        0  stm32f1xx_hal_rcc.o(i.HAL_RCC_OscConfig)
    i.HAL_SYSTICK_Config                     0x08001498   Section        0  stm32f1xx_hal_cortex.o(i.HAL_SYSTICK_Config)
    i.HAL_TIMEx_BreakCallback                0x080014c0   Section        0  stm32f1xx_hal_tim_ex.o(i.HAL_TIMEx_BreakCallback)
    i.HAL_TIMEx_CommutCallback               0x080014c2   Section        0  stm32f1xx_hal_tim_ex.o(i.HAL_TIMEx_CommutCallback)
    i.HAL_TIMEx_MasterConfigSynchronization  0x080014c4   Section        0  stm32f1xx_hal_tim_ex.o(i.HAL_TIMEx_MasterConfigSynchronization)
    i.HAL_TIM_Base_Init                      0x0800152c   Section        0  stm32f1xx_hal_tim.o(i.HAL_TIM_Base_Init)
    i.HAL_TIM_Base_MspInit                   0x08001588   Section        0  stm32f1xx_hal_msp.o(i.HAL_TIM_Base_MspInit)
    i.HAL_TIM_Base_Start_IT                  0x08001610   Section        0  stm32f1xx_hal_tim.o(i.HAL_TIM_Base_Start_IT)
    i.HAL_TIM_ConfigClockSource              0x08001668   Section        0  stm32f1xx_hal_tim.o(i.HAL_TIM_ConfigClockSource)
    i.HAL_TIM_IC_CaptureCallback             0x0800173e   Section        0  stm32f1xx_hal_tim.o(i.HAL_TIM_IC_CaptureCallback)
    i.HAL_TIM_IRQHandler                     0x08001740   Section        0  stm32f1xx_hal_tim.o(i.HAL_TIM_IRQHandler)
    i.HAL_TIM_OC_DelayElapsedCallback        0x080018a6   Section        0  stm32f1xx_hal_tim.o(i.HAL_TIM_OC_DelayElapsedCallback)
    i.HAL_TIM_PWM_PulseFinishedCallback      0x080018a8   Section        0  stm32f1xx_hal_tim.o(i.HAL_TIM_PWM_PulseFinishedCallback)
    i.HAL_TIM_PeriodElapsedCallback          0x080018ac   Section        0  interrupt.o(i.HAL_TIM_PeriodElapsedCallback)
    i.HAL_TIM_TriggerCallback                0x08001d20   Section        0  stm32f1xx_hal_tim.o(i.HAL_TIM_TriggerCallback)
    i.HardFault_Handler                      0x08001d22   Section        0  stm32f1xx_it.o(i.HardFault_Handler)
    i.Init_Can                               0x08001d24   Section        0  canbus.o(i.Init_Can)
    i.MX_CAN_Init                            0x08001e8c   Section        0  main.o(i.MX_CAN_Init)
    MX_CAN_Init                              0x08001e8d   Thumb Code    56  main.o(i.MX_CAN_Init)
    i.MX_GPIO_Init                           0x08001ecc   Section        0  main.o(i.MX_GPIO_Init)
    MX_GPIO_Init                             0x08001ecd   Thumb Code   172  main.o(i.MX_GPIO_Init)
    i.MX_TIM2_Init                           0x08001f84   Section        0  main.o(i.MX_TIM2_Init)
    MX_TIM2_Init                             0x08001f85   Thumb Code    98  main.o(i.MX_TIM2_Init)
    i.MX_TIM3_Init                           0x08001fec   Section        0  main.o(i.MX_TIM3_Init)
    MX_TIM3_Init                             0x08001fed   Thumb Code    94  main.o(i.MX_TIM3_Init)
    i.MX_TIM4_Init                           0x08002054   Section        0  main.o(i.MX_TIM4_Init)
    MX_TIM4_Init                             0x08002055   Thumb Code    94  main.o(i.MX_TIM4_Init)
    i.MemManage_Handler                      0x080020bc   Section        0  stm32f1xx_it.o(i.MemManage_Handler)
    i.NMI_Handler                            0x080020be   Section        0  stm32f1xx_it.o(i.NMI_Handler)
    i.PendSV_Handler                         0x080020c0   Section        0  stm32f1xx_it.o(i.PendSV_Handler)
    i.SPI_SendOneByte                        0x080020c4   Section        0  display.o(i.SPI_SendOneByte)
    i.SVC_Handler                            0x08002100   Section        0  stm32f1xx_it.o(i.SVC_Handler)
    i.SysTick_Handler                        0x08002102   Section        0  stm32f1xx_it.o(i.SysTick_Handler)
    i.SystemClock_Config                     0x08002106   Section        0  main.o(i.SystemClock_Config)
    i.SystemInit                             0x08002164   Section        0  system_stm32f1xx_1.o(i.SystemInit)
    i.TIM2_IRQHandler                        0x08002168   Section        0  stm32f1xx_it.o(i.TIM2_IRQHandler)
    i.TIM3_IRQHandler                        0x08002174   Section        0  stm32f1xx_it.o(i.TIM3_IRQHandler)
    i.TIM4_IRQHandler                        0x08002180   Section        0  stm32f1xx_it.o(i.TIM4_IRQHandler)
    i.TIM_Base_SetConfig                     0x0800218c   Section        0  stm32f1xx_hal_tim.o(i.TIM_Base_SetConfig)
    i.TIM_ETR_SetConfig                      0x080021f8   Section        0  stm32f1xx_hal_tim.o(i.TIM_ETR_SetConfig)
    i.TIM_ITRx_SetConfig                     0x0800220c   Section        0  stm32f1xx_hal_tim.o(i.TIM_ITRx_SetConfig)
    TIM_ITRx_SetConfig                       0x0800220d   Thumb Code    16  stm32f1xx_hal_tim.o(i.TIM_ITRx_SetConfig)
    i.TIM_TI1_ConfigInputStage               0x0800221c   Section        0  stm32f1xx_hal_tim.o(i.TIM_TI1_ConfigInputStage)
    TIM_TI1_ConfigInputStage                 0x0800221d   Thumb Code    34  stm32f1xx_hal_tim.o(i.TIM_TI1_ConfigInputStage)
    i.TIM_TI2_ConfigInputStage               0x0800223e   Section        0  stm32f1xx_hal_tim.o(i.TIM_TI2_ConfigInputStage)
    TIM_TI2_ConfigInputStage                 0x0800223f   Thumb Code    36  stm32f1xx_hal_tim.o(i.TIM_TI2_ConfigInputStage)
    i.USB_HP_CAN1_TX_IRQHandler              0x08002264   Section        0  stm32f1xx_it.o(i.USB_HP_CAN1_TX_IRQHandler)
    i.USB_LP_CAN1_RX0_IRQHandler             0x08002270   Section        0  stm32f1xx_it.o(i.USB_LP_CAN1_RX0_IRQHandler)
    i.UsageFault_Handler                     0x0800227c   Section        0  stm32f1xx_it.o(i.UsageFault_Handler)
    i.__NVIC_SetPriority                     0x0800227e   Section        0  stm32f1xx_hal_cortex.o(i.__NVIC_SetPriority)
    __NVIC_SetPriority                       0x0800227f   Thumb Code    32  stm32f1xx_hal_cortex.o(i.__NVIC_SetPriority)
    i.abort_sdo                              0x080022a0   Section        0  canbus.o(i.abort_sdo)
    i.can_transmit                           0x08002358   Section        0  canbus.o(i.can_transmit)
    i.check_for_call                         0x08002424   Section        0  canbus.o(i.check_for_call)
    i.main                                   0x08002444   Section        0  main.o(i.main)
    i.read_dict                              0x080024d0   Section        0  dict.o(i.read_dict)
    i.read_rx                                0x08002570   Section        0  canbus.o(i.read_rx)
    i.sdo_response                           0x08002c48   Section        0  canbus.o(i.sdo_response)
    i.sdo_segment                            0x08002cec   Section        0  canbus.o(i.sdo_segment)
    i.search_dict                            0x08002d6c   Section        0  dict.o(i.search_dict)
    i.set_io_config                          0x08002df8   Section        0  canbus.o(i.set_io_config)
    i.set_output                             0x08002e6c   Section        0  canbus.o(i.set_output)
    i.write_dict                             0x0800337c   Section        0  dict.o(i.write_dict)
    .constdata                               0x08003484   Section       38  display.o(.constdata)
    .constdata                               0x080034aa   Section      176  display.o(.constdata)
    .constdata                               0x0800355a   Section        6  version.o(.constdata)
    .constdata                               0x08003560   Section        6  version.o(.constdata)
    .constdata                               0x08003566   Section        6  version.o(.constdata)
    .constdata                               0x0800356c   Section        6  version.o(.constdata)
    .constdata                               0x08003572   Section        6  version.o(.constdata)
    .constdata                               0x08003578   Section        6  version.o(.constdata)
    .constdata                               0x08003580   Section      324  dict.o(.constdata)
    .constdata                               0x080036c4   Section       16  system_stm32f1xx_1.o(.constdata)
    .data                                    0x20000000   Section        4  display.o(.data)
    .data                                    0x20000004   Section       50  canbus.o(.data)
    pos                                      0x20000007   Data           1  canbus.o(.data)
    Timettt                                  0x20000018   Data           4  canbus.o(.data)
    .data                                    0x20000036   Section        1  main.o(.data)
    .data                                    0x20000037   Section        1  main.o(.data)
    .data                                    0x20000038   Section        1  main.o(.data)
    .data                                    0x20000039   Section        1  main.o(.data)
    .data                                    0x2000003c   Section        4  main.o(.data)
    .data                                    0x20000040   Section        1  main.o(.data)
    .data                                    0x20000041   Section        1  main.o(.data)
    .data                                    0x20000042   Section        1  main.o(.data)
    .data                                    0x20000043   Section        1  main.o(.data)
    .data                                    0x20000044   Section        1  main.o(.data)
    .data                                    0x20000045   Section        1  main.o(.data)
    .data                                    0x20000046   Section        1  main.o(.data)
    .data                                    0x20000047   Section        1  main.o(.data)
    .data                                    0x20000048   Section        1  main.o(.data)
    .data                                    0x20000049   Section        1  main.o(.data)
    .data                                    0x2000004a   Section        1  main.o(.data)
    .data                                    0x2000004b   Section        1  main.o(.data)
    .data                                    0x2000004c   Section        1  main.o(.data)
    .data                                    0x2000004d   Section        1  main.o(.data)
    .data                                    0x2000004e   Section        1  main.o(.data)
    .data                                    0x2000004f   Section        1  main.o(.data)
    .data                                    0x20000050   Section        1  main.o(.data)
    .data                                    0x20000051   Section        1  main.o(.data)
    .data                                    0x20000052   Section        1  main.o(.data)
    .data                                    0x20000053   Section        1  main.o(.data)
    .data                                    0x20000054   Section        1  main.o(.data)
    .data                                    0x20000055   Section        1  main.o(.data)
    .data                                    0x20000056   Section        1  main.o(.data)
    .data                                    0x20000057   Section        1  main.o(.data)
    .data                                    0x20000058   Section        1  main.o(.data)
    .data                                    0x20000059   Section        1  main.o(.data)
    .data                                    0x2000005a   Section        1  main.o(.data)
    .data                                    0x2000005b   Section        1  main.o(.data)
    .data                                    0x2000005c   Section        4  main.o(.data)
    .data                                    0x20000060   Section        4  main.o(.data)
    .data                                    0x20000064   Section        1  main.o(.data)
    .data                                    0x20000065   Section        1  main.o(.data)
    .data                                    0x20000066   Section        1  main.o(.data)
    .data                                    0x20000067   Section        1  main.o(.data)
    .data                                    0x20000068   Section        1  main.o(.data)
    .data                                    0x20000069   Section        1  main.o(.data)
    .data                                    0x2000006a   Section        4  main.o(.data)
    .data                                    0x20000070   Section        4  main.o(.data)
    .data                                    0x20000074   Section        4  main.o(.data)
    .data                                    0x20000078   Section        3  main.o(.data)
    .data                                    0x2000007b   Section        1  main.o(.data)
    .data                                    0x2000007c   Section        1  main.o(.data)
    .data                                    0x2000007d   Section        1  main.o(.data)
    .data                                    0x2000007e   Section        1  main.o(.data)
    .data                                    0x2000007f   Section        1  main.o(.data)
    .data                                    0x20000080   Section        1  main.o(.data)
    .data                                    0x20000081   Section        7  main.o(.data)
    .data                                    0x20000088   Section        7  main.o(.data)
    .data                                    0x2000008f   Section        1  main.o(.data)
    .data                                    0x20000090   Section        8  main.o(.data)
    .data                                    0x20000098   Section        1  main.o(.data)
    .data                                    0x20000099   Section        1  main.o(.data)
    .data                                    0x2000009a   Section        3  interrupt.o(.data)
    timer_100ms                              0x2000009a   Data           1  interrupt.o(.data)
    count                                    0x2000009b   Data           1  interrupt.o(.data)
    timer_cnt                                0x2000009c   Data           1  interrupt.o(.data)
    .data                                    0x200000a0   Section       12  stm32f1xx_hal.o(.data)
    .data                                    0x200000ac   Section        4  system_stm32f1xx_1.o(.data)
    .bss                                     0x200000b0   Section      656  canbus.o(.bss)
    .bss                                     0x20000340   Section       12  main.o(.bss)
    .bss                                     0x2000034c   Section       56  main.o(.bss)
    .bss                                     0x20000384   Section       64  main.o(.bss)
    .bss                                     0x200003c4   Section      256  main.o(.bss)
    .bss                                     0x200004c4   Section       96  libspace.o(.bss)
    HEAP                                     0x20000528   Section      512  startup_stm32f103xb.o(HEAP)
    Heap_Mem                                 0x20000528   Data         512  startup_stm32f103xb.o(HEAP)
    STACK                                    0x20000728   Section     1024  startup_stm32f103xb.o(STACK)
    Stack_Mem                                0x20000728   Data        1024  startup_stm32f103xb.o(STACK)
    __initial_sp                             0x20000b28   Data           0  startup_stm32f103xb.o(STACK)

    Global Symbols

    Symbol Name                              Value     Ov Type        Size  Object(Section)

    BuildAttributes$$THM_ISAv4$P$D$K$B$S$PE$A:L22UL41UL21$X:L11$S22US41US21$IEEE1$IW$USESV6$~STKCKD$USESV7$~SHL$OSPACE$ROPI$EBA8$UX$STANDARDLIB$REQ8$PRES8$EABIv2 0x00000000   Number         0  anon$$obj.o ABSOLUTE
    __ARM_use_no_argv                        0x00000000   Number         0  main.o ABSOLUTE
    __ARM_exceptions_init                     - Undefined Weak Reference
    __alloca_initialize                       - Undefined Weak Reference
    __arm_fini_                               - Undefined Weak Reference
    __arm_preinit_                            - Undefined Weak Reference
    __cpp_initialize__aeabi_                  - Undefined Weak Reference
    __cxa_finalize                            - Undefined Weak Reference
    __rt_locale                               - Undefined Weak Reference
    __sigvec_lookup                           - Undefined Weak Reference
    _atexit_init                              - Undefined Weak Reference
    _call_atexit_fns                          - Undefined Weak Reference
    _clock_init                               - Undefined Weak Reference
    _fp_trap_init                             - Undefined Weak Reference
    _fp_trap_shutdown                         - Undefined Weak Reference
    _get_lc_collate                           - Undefined Weak Reference
    _get_lc_ctype                             - Undefined Weak Reference
    _get_lc_monetary                          - Undefined Weak Reference
    _get_lc_numeric                           - Undefined Weak Reference
    _get_lc_time                              - Undefined Weak Reference
    _getenv_init                              - Undefined Weak Reference
    _handle_redirection                       - Undefined Weak Reference
    _init_alloc                               - Undefined Weak Reference
    _init_user_alloc                          - Undefined Weak Reference
    _initio                                   - Undefined Weak Reference
    _rand_init                                - Undefined Weak Reference
    _signal_finish                            - Undefined Weak Reference
    _signal_init                              - Undefined Weak Reference
    _terminate_alloc                          - Undefined Weak Reference
    _terminate_user_alloc                     - Undefined Weak Reference
    _terminateio                              - Undefined Weak Reference
    __Vectors_Size                           0x000000ec   Number         0  startup_stm32f103xb.o ABSOLUTE
    __Vectors                                0x08000000   Data           4  startup_stm32f103xb.o(RESET)
    __Vectors_End                            0x080000ec   Data           0  startup_stm32f103xb.o(RESET)
    __main                                   0x080000ed   Thumb Code     8  __main.o(!!!main)
    __scatterload                            0x080000f5   Thumb Code     0  __scatter.o(!!!scatter)
    __scatterload_rt2                        0x080000f5   Thumb Code    44  __scatter.o(!!!scatter)
    __scatterload_rt2_thumb_only             0x080000f5   Thumb Code     0  __scatter.o(!!!scatter)
    __scatterload_null                       0x08000103   Thumb Code     0  __scatter.o(!!!scatter)
    __scatterload_copy                       0x08000129   Thumb Code    26  __scatter_copy.o(!!handler_copy)
    __scatterload_zeroinit                   0x08000145   Thumb Code    28  __scatter_zi.o(!!handler_zi)
    __rt_lib_init                            0x08000161   Thumb Code     0  libinit.o(.ARM.Collect$$libinit$$00000000)
    __rt_lib_init_alloca_1                   0x08000163   Thumb Code     0  libinit2.o(.ARM.Collect$$libinit$$0000002E)
    __rt_lib_init_argv_1                     0x08000163   Thumb Code     0  libinit2.o(.ARM.Collect$$libinit$$0000002C)
    __rt_lib_init_atexit_1                   0x08000163   Thumb Code     0  libinit2.o(.ARM.Collect$$libinit$$0000001B)
    __rt_lib_init_clock_1                    0x08000163   Thumb Code     0  libinit2.o(.ARM.Collect$$libinit$$00000021)
    __rt_lib_init_cpp_1                      0x08000163   Thumb Code     0  libinit2.o(.ARM.Collect$$libinit$$00000032)
    __rt_lib_init_exceptions_1               0x08000163   Thumb Code     0  libinit2.o(.ARM.Collect$$libinit$$00000030)
    __rt_lib_init_fp_1                       0x08000163   Thumb Code     0  libinit2.o(.ARM.Collect$$libinit$$00000002)
    __rt_lib_init_fp_trap_1                  0x08000163   Thumb Code     0  libinit2.o(.ARM.Collect$$libinit$$0000001F)
    __rt_lib_init_getenv_1                   0x08000163   Thumb Code     0  libinit2.o(.ARM.Collect$$libinit$$00000023)
    __rt_lib_init_heap_1                     0x08000163   Thumb Code     0  libinit2.o(.ARM.Collect$$libinit$$0000000A)
    __rt_lib_init_lc_collate_1               0x08000163   Thumb Code     0  libinit2.o(.ARM.Collect$$libinit$$00000011)
    __rt_lib_init_lc_ctype_1                 0x08000163   Thumb Code     0  libinit2.o(.ARM.Collect$$libinit$$00000013)
    __rt_lib_init_lc_monetary_1              0x08000163   Thumb Code     0  libinit2.o(.ARM.Collect$$libinit$$00000015)
    __rt_lib_init_lc_numeric_1               0x08000163   Thumb Code     0  libinit2.o(.ARM.Collect$$libinit$$00000017)
    __rt_lib_init_lc_time_1                  0x08000163   Thumb Code     0  libinit2.o(.ARM.Collect$$libinit$$00000019)
    __rt_lib_init_preinit_1                  0x08000163   Thumb Code     0  libinit2.o(.ARM.Collect$$libinit$$00000004)
    __rt_lib_init_rand_1                     0x08000163   Thumb Code     0  libinit2.o(.ARM.Collect$$libinit$$0000000E)
    __rt_lib_init_return                     0x08000163   Thumb Code     0  libinit2.o(.ARM.Collect$$libinit$$00000033)
    __rt_lib_init_signal_1                   0x08000163   Thumb Code     0  libinit2.o(.ARM.Collect$$libinit$$0000001D)
    __rt_lib_init_stdio_1                    0x08000163   Thumb Code     0  libinit2.o(.ARM.Collect$$libinit$$00000025)
    __rt_lib_init_user_alloc_1               0x08000163   Thumb Code     0  libinit2.o(.ARM.Collect$$libinit$$0000000C)
    __rt_lib_shutdown                        0x08000165   Thumb Code     0  libshutdown.o(.ARM.Collect$$libshutdown$$00000000)
    __rt_lib_shutdown_cpp_1                  0x08000167   Thumb Code     0  libshutdown2.o(.ARM.Collect$$libshutdown$$00000004)
    __rt_lib_shutdown_fini_1                 0x08000167   Thumb Code     0  libshutdown2.o(.ARM.Collect$$libshutdown$$00000002)
    __rt_lib_shutdown_fp_trap_1              0x08000167   Thumb Code     0  libshutdown2.o(.ARM.Collect$$libshutdown$$00000009)
    __rt_lib_shutdown_heap_1                 0x08000167   Thumb Code     0  libshutdown2.o(.ARM.Collect$$libshutdown$$00000011)
    __rt_lib_shutdown_return                 0x08000167   Thumb Code     0  libshutdown2.o(.ARM.Collect$$libshutdown$$00000012)
    __rt_lib_shutdown_signal_1               0x08000167   Thumb Code     0  libshutdown2.o(.ARM.Collect$$libshutdown$$0000000C)
    __rt_lib_shutdown_stdio_1                0x08000167   Thumb Code     0  libshutdown2.o(.ARM.Collect$$libshutdown$$00000006)
    __rt_lib_shutdown_user_alloc_1           0x08000167   Thumb Code     0  libshutdown2.o(.ARM.Collect$$libshutdown$$0000000E)
    __rt_entry                               0x08000169   Thumb Code     0  __rtentry.o(.ARM.Collect$$rtentry$$00000000)
    __rt_entry_presh_1                       0x08000169   Thumb Code     0  __rtentry2.o(.ARM.Collect$$rtentry$$00000002)
    __rt_entry_sh                            0x08000169   Thumb Code     0  __rtentry4.o(.ARM.Collect$$rtentry$$00000004)
    __rt_entry_li                            0x0800016f   Thumb Code     0  __rtentry2.o(.ARM.Collect$$rtentry$$0000000A)
    __rt_entry_postsh_1                      0x0800016f   Thumb Code     0  __rtentry2.o(.ARM.Collect$$rtentry$$00000009)
    __rt_entry_main                          0x08000173   Thumb Code     0  __rtentry2.o(.ARM.Collect$$rtentry$$0000000D)
    __rt_entry_postli_1                      0x08000173   Thumb Code     0  __rtentry2.o(.ARM.Collect$$rtentry$$0000000C)
    __rt_exit                                0x0800017b   Thumb Code     0  rtexit.o(.ARM.Collect$$rtexit$$00000000)
    __rt_exit_ls                             0x0800017d   Thumb Code     0  rtexit2.o(.ARM.Collect$$rtexit$$00000003)
    __rt_exit_prels_1                        0x0800017d   Thumb Code     0  rtexit2.o(.ARM.Collect$$rtexit$$00000002)
    __rt_exit_exit                           0x08000181   Thumb Code     0  rtexit2.o(.ARM.Collect$$rtexit$$00000004)
    Reset_Handler                            0x08000189   Thumb Code     8  startup_stm32f103xb.o(.text)
    ADC1_2_IRQHandler                        0x080001a3   Thumb Code     0  startup_stm32f103xb.o(.text)
    DMA1_Channel1_IRQHandler                 0x080001a3   Thumb Code     0  startup_stm32f103xb.o(.text)
    DMA1_Channel2_IRQHandler                 0x080001a3   Thumb Code     0  startup_stm32f103xb.o(.text)
    DMA1_Channel3_IRQHandler                 0x080001a3   Thumb Code     0  startup_stm32f103xb.o(.text)
    DMA1_Channel4_IRQHandler                 0x080001a3   Thumb Code     0  startup_stm32f103xb.o(.text)
    DMA1_Channel5_IRQHandler                 0x080001a3   Thumb Code     0  startup_stm32f103xb.o(.text)
    DMA1_Channel6_IRQHandler                 0x080001a3   Thumb Code     0  startup_stm32f103xb.o(.text)
    DMA1_Channel7_IRQHandler                 0x080001a3   Thumb Code     0  startup_stm32f103xb.o(.text)
    EXTI0_IRQHandler                         0x080001a3   Thumb Code     0  startup_stm32f103xb.o(.text)
    EXTI15_10_IRQHandler                     0x080001a3   Thumb Code     0  startup_stm32f103xb.o(.text)
    EXTI1_IRQHandler                         0x080001a3   Thumb Code     0  startup_stm32f103xb.o(.text)
    EXTI2_IRQHandler                         0x080001a3   Thumb Code     0  startup_stm32f103xb.o(.text)
    EXTI3_IRQHandler                         0x080001a3   Thumb Code     0  startup_stm32f103xb.o(.text)
    EXTI4_IRQHandler                         0x080001a3   Thumb Code     0  startup_stm32f103xb.o(.text)
    EXTI9_5_IRQHandler                       0x080001a3   Thumb Code     0  startup_stm32f103xb.o(.text)
    FLASH_IRQHandler                         0x080001a3   Thumb Code     0  startup_stm32f103xb.o(.text)
    I2C1_ER_IRQHandler                       0x080001a3   Thumb Code     0  startup_stm32f103xb.o(.text)
    I2C1_EV_IRQHandler                       0x080001a3   Thumb Code     0  startup_stm32f103xb.o(.text)
    I2C2_ER_IRQHandler                       0x080001a3   Thumb Code     0  startup_stm32f103xb.o(.text)
    I2C2_EV_IRQHandler                       0x080001a3   Thumb Code     0  startup_stm32f103xb.o(.text)
    PVD_IRQHandler                           0x080001a3   Thumb Code     0  startup_stm32f103xb.o(.text)
    RCC_IRQHandler                           0x080001a3   Thumb Code     0  startup_stm32f103xb.o(.text)
    RTC_Alarm_IRQHandler                     0x080001a3   Thumb Code     0  startup_stm32f103xb.o(.text)
    RTC_IRQHandler                           0x080001a3   Thumb Code     0  startup_stm32f103xb.o(.text)
    SPI1_IRQHandler                          0x080001a3   Thumb Code     0  startup_stm32f103xb.o(.text)
    SPI2_IRQHandler                          0x080001a3   Thumb Code     0  startup_stm32f103xb.o(.text)
    TAMPER_IRQHandler                        0x080001a3   Thumb Code     0  startup_stm32f103xb.o(.text)
    TIM1_BRK_IRQHandler                      0x080001a3   Thumb Code     0  startup_stm32f103xb.o(.text)
    TIM1_CC_IRQHandler                       0x080001a3   Thumb Code     0  startup_stm32f103xb.o(.text)
    TIM1_TRG_COM_IRQHandler                  0x080001a3   Thumb Code     0  startup_stm32f103xb.o(.text)
    TIM1_UP_IRQHandler                       0x080001a3   Thumb Code     0  startup_stm32f103xb.o(.text)
    USART1_IRQHandler                        0x080001a3   Thumb Code     0  startup_stm32f103xb.o(.text)
    USART2_IRQHandler                        0x080001a3   Thumb Code     0  startup_stm32f103xb.o(.text)
    USART3_IRQHandler                        0x080001a3   Thumb Code     0  startup_stm32f103xb.o(.text)
    USBWakeUp_IRQHandler                     0x080001a3   Thumb Code     0  startup_stm32f103xb.o(.text)
    WWDG_IRQHandler                          0x080001a3   Thumb Code     0  startup_stm32f103xb.o(.text)
    __user_initial_stackheap                 0x080001a5   Thumb Code     0  startup_stm32f103xb.o(.text)
    __aeabi_memcpy                           0x080001c9   Thumb Code     0  rt_memcpy_v6.o(.text)
    __rt_memcpy                              0x080001c9   Thumb Code   138  rt_memcpy_v6.o(.text)
    _memcpy_lastbytes                        0x0800022f   Thumb Code     0  rt_memcpy_v6.o(.text)
    __aeabi_memclr4                          0x08000253   Thumb Code     0  rt_memclr_w.o(.text)
    __aeabi_memclr8                          0x08000253   Thumb Code     0  rt_memclr_w.o(.text)
    __rt_memclr_w                            0x08000253   Thumb Code    78  rt_memclr_w.o(.text)
    _memset_w                                0x08000257   Thumb Code     0  rt_memclr_w.o(.text)
    __use_two_region_memory                  0x080002a1   Thumb Code     2  heapauxi.o(.text)
    __rt_heap_escrow$2region                 0x080002a3   Thumb Code     2  heapauxi.o(.text)
    __rt_heap_expand$2region                 0x080002a5   Thumb Code     2  heapauxi.o(.text)
    __aeabi_memcpy4                          0x080002a7   Thumb Code     0  rt_memcpy_w.o(.text)
    __aeabi_memcpy8                          0x080002a7   Thumb Code     0  rt_memcpy_w.o(.text)
    __rt_memcpy_w                            0x080002a7   Thumb Code   100  rt_memcpy_w.o(.text)
    _memcpy_lastbytes_aligned                0x080002ef   Thumb Code     0  rt_memcpy_w.o(.text)
    __user_setup_stackheap                   0x0800030b   Thumb Code    74  sys_stackheap_outer.o(.text)
    exit                                     0x08000355   Thumb Code    18  exit.o(.text)
    __user_libspace                          0x08000369   Thumb Code     8  libspace.o(.text)
    __user_perproc_libspace                  0x08000369   Thumb Code     0  libspace.o(.text)
    __user_perthread_libspace                0x08000369   Thumb Code     0  libspace.o(.text)
    _sys_exit                                0x08000371   Thumb Code     8  sys_exit.o(.text)
    __I$use$semihosting                      0x0800037d   Thumb Code     0  use_no_semi.o(.text)
    __use_no_semihosting_swi                 0x0800037d   Thumb Code     2  use_no_semi.o(.text)
    BusFault_Handler                         0x0800037f   Thumb Code     2  stm32f1xx_it.o(i.BusFault_Handler)
    __semihosting_library_function           0x0800037f   Thumb Code     0  indicate_semi.o(.text)
    CAN1_RX1_IRQHandler                      0x08000381   Thumb Code     6  stm32f1xx_it.o(i.CAN1_RX1_IRQHandler)
    CAN1_SCE_IRQHandler                      0x0800038d   Thumb Code     6  stm32f1xx_it.o(i.CAN1_SCE_IRQHandler)
    CAN_transmit_Interrupt                   0x08000399   Thumb Code   142  canbus.o(i.CAN_transmit_Interrupt)
    DebugMon_Handler                         0x08000435   Thumb Code     2  stm32f1xx_it.o(i.DebugMon_Handler)
    Error_Handler                            0x08000437   Thumb Code     4  main.o(i.Error_Handler)
    HAL_CAN_ActivateNotification             0x0800043b   Thumb Code    36  stm32f1xx_hal_can.o(i.HAL_CAN_ActivateNotification)
    HAL_CAN_AddTxMessage                     0x0800045f   Thumb Code   220  stm32f1xx_hal_can.o(i.HAL_CAN_AddTxMessage)
    HAL_CAN_ConfigFilter                     0x0800053d   Thumb Code   238  stm32f1xx_hal_can.o(i.HAL_CAN_ConfigFilter)
    HAL_CAN_DeactivateNotification           0x0800062b   Thumb Code    36  stm32f1xx_hal_can.o(i.HAL_CAN_DeactivateNotification)
    HAL_CAN_ErrorCallback                    0x0800064f   Thumb Code     2  stm32f1xx_hal_can.o(i.HAL_CAN_ErrorCallback)
    HAL_CAN_GetRxMessage                     0x08000651   Thumb Code   232  stm32f1xx_hal_can.o(i.HAL_CAN_GetRxMessage)
    HAL_CAN_IRQHandler                       0x08000739   Thumb Code   508  stm32f1xx_hal_can.o(i.HAL_CAN_IRQHandler)
    HAL_CAN_Init                             0x08000935   Thumb Code   282  stm32f1xx_hal_can.o(i.HAL_CAN_Init)
    HAL_CAN_MspInit                          0x08000a51   Thumb Code   160  stm32f1xx_hal_msp.o(i.HAL_CAN_MspInit)
    HAL_CAN_RxFifo0FullCallback              0x08000afd   Thumb Code     2  stm32f1xx_hal_can.o(i.HAL_CAN_RxFifo0FullCallback)
    HAL_CAN_RxFifo0MsgPendingCallback        0x08000b01   Thumb Code    84  canbus.o(i.HAL_CAN_RxFifo0MsgPendingCallback)
    HAL_CAN_RxFifo1FullCallback              0x08000b65   Thumb Code     2  stm32f1xx_hal_can.o(i.HAL_CAN_RxFifo1FullCallback)
    HAL_CAN_RxFifo1MsgPendingCallback        0x08000b69   Thumb Code   164  canbus.o(i.HAL_CAN_RxFifo1MsgPendingCallback)
    HAL_CAN_SleepCallback                    0x08000c1d   Thumb Code     2  stm32f1xx_hal_can.o(i.HAL_CAN_SleepCallback)
    HAL_CAN_Start                            0x08000c21   Thumb Code    88  stm32f1xx_hal_can.o(i.HAL_CAN_Start)
    HAL_CAN_TxMailbox0AbortCallback          0x08000c79   Thumb Code     2  stm32f1xx_hal_can.o(i.HAL_CAN_TxMailbox0AbortCallback)
    HAL_CAN_TxMailbox0CompleteCallback       0x08000c7d   Thumb Code    12  canbus.o(i.HAL_CAN_TxMailbox0CompleteCallback)
    HAL_CAN_TxMailbox1AbortCallback          0x08000c8d   Thumb Code     2  stm32f1xx_hal_can.o(i.HAL_CAN_TxMailbox1AbortCallback)
    HAL_CAN_TxMailbox1CompleteCallback       0x08000c91   Thumb Code    12  canbus.o(i.HAL_CAN_TxMailbox1CompleteCallback)
    HAL_CAN_TxMailbox2AbortCallback          0x08000ca1   Thumb Code     2  stm32f1xx_hal_can.o(i.HAL_CAN_TxMailbox2AbortCallback)
    HAL_CAN_TxMailbox2CompleteCallback       0x08000ca5   Thumb Code    12  canbus.o(i.HAL_CAN_TxMailbox2CompleteCallback)
    HAL_CAN_WakeUpFromRxMsgCallback          0x08000cb5   Thumb Code     2  stm32f1xx_hal_can.o(i.HAL_CAN_WakeUpFromRxMsgCallback)
    HAL_GPIO_Init                            0x08000cb9   Thumb Code   446  stm32f1xx_hal_gpio.o(i.HAL_GPIO_Init)
    HAL_GPIO_WritePin                        0x08000e99   Thumb Code    10  stm32f1xx_hal_gpio.o(i.HAL_GPIO_WritePin)
    HAL_GetTick                              0x08000ea5   Thumb Code     6  stm32f1xx_hal.o(i.HAL_GetTick)
    HAL_IncTick                              0x08000eb1   Thumb Code    12  stm32f1xx_hal.o(i.HAL_IncTick)
    HAL_Init                                 0x08000ec1   Thumb Code    32  stm32f1xx_hal.o(i.HAL_Init)
    HAL_InitTick                             0x08000ee5   Thumb Code    54  stm32f1xx_hal.o(i.HAL_InitTick)
    HAL_MspInit                              0x08000f25   Thumb Code    52  stm32f1xx_hal_msp.o(i.HAL_MspInit)
    HAL_NVIC_EnableIRQ                       0x08000f61   Thumb Code    26  stm32f1xx_hal_cortex.o(i.HAL_NVIC_EnableIRQ)
    HAL_NVIC_SetPriority                     0x08000f7d   Thumb Code    60  stm32f1xx_hal_cortex.o(i.HAL_NVIC_SetPriority)
    HAL_NVIC_SetPriorityGrouping             0x08000fbd   Thumb Code    26  stm32f1xx_hal_cortex.o(i.HAL_NVIC_SetPriorityGrouping)
    HAL_RCC_ClockConfig                      0x08000fe1   Thumb Code   280  stm32f1xx_hal_rcc.o(i.HAL_RCC_ClockConfig)
    HAL_RCC_GetSysClockFreq                  0x0800110d   Thumb Code    74  stm32f1xx_hal_rcc.o(i.HAL_RCC_GetSysClockFreq)
    HAL_RCC_OscConfig                        0x08001179   Thumb Code   778  stm32f1xx_hal_rcc.o(i.HAL_RCC_OscConfig)
    HAL_SYSTICK_Config                       0x08001499   Thumb Code    40  stm32f1xx_hal_cortex.o(i.HAL_SYSTICK_Config)
    HAL_TIMEx_BreakCallback                  0x080014c1   Thumb Code     2  stm32f1xx_hal_tim_ex.o(i.HAL_TIMEx_BreakCallback)
    HAL_TIMEx_CommutCallback                 0x080014c3   Thumb Code     2  stm32f1xx_hal_tim_ex.o(i.HAL_TIMEx_CommutCallback)
    HAL_TIMEx_MasterConfigSynchronization    0x080014c5   Thumb Code    92  stm32f1xx_hal_tim_ex.o(i.HAL_TIMEx_MasterConfigSynchronization)
    HAL_TIM_Base_Init                        0x0800152d   Thumb Code    90  stm32f1xx_hal_tim.o(i.HAL_TIM_Base_Init)
    HAL_TIM_Base_MspInit                     0x08001589   Thumb Code   122  stm32f1xx_hal_msp.o(i.HAL_TIM_Base_MspInit)
    HAL_TIM_Base_Start_IT                    0x08001611   Thumb Code    76  stm32f1xx_hal_tim.o(i.HAL_TIM_Base_Start_IT)
    HAL_TIM_ConfigClockSource                0x08001669   Thumb Code   214  stm32f1xx_hal_tim.o(i.HAL_TIM_ConfigClockSource)
    HAL_TIM_IC_CaptureCallback               0x0800173f   Thumb Code     2  stm32f1xx_hal_tim.o(i.HAL_TIM_IC_CaptureCallback)
    HAL_TIM_IRQHandler                       0x08001741   Thumb Code   358  stm32f1xx_hal_tim.o(i.HAL_TIM_IRQHandler)
    HAL_TIM_OC_DelayElapsedCallback          0x080018a7   Thumb Code     2  stm32f1xx_hal_tim.o(i.HAL_TIM_OC_DelayElapsedCallback)
    HAL_TIM_PWM_PulseFinishedCallback        0x080018a9   Thumb Code     2  stm32f1xx_hal_tim.o(i.HAL_TIM_PWM_PulseFinishedCallback)
    HAL_TIM_PeriodElapsedCallback            0x080018ad   Thumb Code   960  interrupt.o(i.HAL_TIM_PeriodElapsedCallback)
    HAL_TIM_TriggerCallback                  0x08001d21   Thumb Code     2  stm32f1xx_hal_tim.o(i.HAL_TIM_TriggerCallback)
    HardFault_Handler                        0x08001d23   Thumb Code     2  stm32f1xx_it.o(i.HardFault_Handler)
    Init_Can                                 0x08001d25   Thumb Code   338  canbus.o(i.Init_Can)
    MemManage_Handler                        0x080020bd   Thumb Code     2  stm32f1xx_it.o(i.MemManage_Handler)
    NMI_Handler                              0x080020bf   Thumb Code     2  stm32f1xx_it.o(i.NMI_Handler)
    PendSV_Handler                           0x080020c1   Thumb Code     2  stm32f1xx_it.o(i.PendSV_Handler)
    SPI_SendOneByte                          0x080020c5   Thumb Code    54  display.o(i.SPI_SendOneByte)
    SVC_Handler                              0x08002101   Thumb Code     2  stm32f1xx_it.o(i.SVC_Handler)
    SysTick_Handler                          0x08002103   Thumb Code     4  stm32f1xx_it.o(i.SysTick_Handler)
    SystemClock_Config                       0x08002107   Thumb Code    94  main.o(i.SystemClock_Config)
    SystemInit                               0x08002165   Thumb Code     2  system_stm32f1xx_1.o(i.SystemInit)
    TIM2_IRQHandler                          0x08002169   Thumb Code     6  stm32f1xx_it.o(i.TIM2_IRQHandler)
    TIM3_IRQHandler                          0x08002175   Thumb Code     6  stm32f1xx_it.o(i.TIM3_IRQHandler)
    TIM4_IRQHandler                          0x08002181   Thumb Code     6  stm32f1xx_it.o(i.TIM4_IRQHandler)
    TIM_Base_SetConfig                       0x0800218d   Thumb Code    94  stm32f1xx_hal_tim.o(i.TIM_Base_SetConfig)
    TIM_ETR_SetConfig                        0x080021f9   Thumb Code    20  stm32f1xx_hal_tim.o(i.TIM_ETR_SetConfig)
    USB_HP_CAN1_TX_IRQHandler                0x08002265   Thumb Code     6  stm32f1xx_it.o(i.USB_HP_CAN1_TX_IRQHandler)
    USB_LP_CAN1_RX0_IRQHandler               0x08002271   Thumb Code     6  stm32f1xx_it.o(i.USB_LP_CAN1_RX0_IRQHandler)
    UsageFault_Handler                       0x0800227d   Thumb Code     2  stm32f1xx_it.o(i.UsageFault_Handler)
    abort_sdo                                0x080022a1   Thumb Code   162  canbus.o(i.abort_sdo)
    can_transmit                             0x08002359   Thumb Code   184  canbus.o(i.can_transmit)
    check_for_call                           0x08002425   Thumb Code    32  canbus.o(i.check_for_call)
    main                                     0x08002445   Thumb Code   126  main.o(i.main)
    read_dict                                0x080024d1   Thumb Code   156  dict.o(i.read_dict)
    read_rx                                  0x08002571   Thumb Code  1694  canbus.o(i.read_rx)
    sdo_response                             0x08002c49   Thumb Code   150  canbus.o(i.sdo_response)
    sdo_segment                              0x08002ced   Thumb Code   114  canbus.o(i.sdo_segment)
    search_dict                              0x08002d6d   Thumb Code   124  dict.o(i.search_dict)
    set_io_config                            0x08002df9   Thumb Code   108  canbus.o(i.set_io_config)
    set_output                               0x08002e6d   Thumb Code  1274  canbus.o(i.set_output)
    write_dict                               0x0800337d   Thumb Code   240  dict.o(i.write_dict)
    tDisp_FloorAscii                         0x08003484   Data          38  display.o(.constdata)
    sign                                     0x080034aa   Data         176  display.o(.constdata)
    version_uea_G741                         0x0800355a   Data           6  version.o(.constdata)
    version_uea_G742                         0x08003560   Data           6  version.o(.constdata)
    hardware_uea_G741                        0x08003566   Data           6  version.o(.constdata)
    device_name_G741                         0x0800356c   Data           6  version.o(.constdata)
    hardware_uea_G742                        0x08003572   Data           6  version.o(.constdata)
    device_name_G742                         0x08003578   Data           6  version.o(.constdata)
    dict                                     0x08003580   Data         324  dict.o(.constdata)
    AHBPrescTable                            0x080036c4   Data          16  system_stm32f1xx_1.o(.constdata)
    Region$$Table$$Base                      0x080036d4   Number         0  anon$$obj.o(Region$$Table)
    Region$$Table$$Limit                     0x080036f4   Number         0  anon$$obj.o(Region$$Table)
    display                                  0x20000000   Data           4  display.o(.data)
    fire_alarm                               0x20000004   Data           1  canbus.o(.data)
    fire_evacuation                          0x20000005   Data           1  canbus.o(.data)
    fire_state                               0x20000006   Data           1  canbus.o(.data)
    rc                                       0x20000008   Data           1  canbus.o(.data)
    tc                                       0x20000009   Data           1  canbus.o(.data)
    ro                                       0x2000000a   Data           1  canbus.o(.data)
    ri                                       0x2000000b   Data           1  canbus.o(.data)
    to                                       0x2000000c   Data           1  canbus.o(.data)
    ti                                       0x2000000d   Data           1  canbus.o(.data)
    txmallbox                                0x2000000e   Data           2  canbus.o(.data)
    txmallbox_request                        0x20000010   Data           2  canbus.o(.data)
    hse_heartbeat_time                       0x20000014   Data           4  canbus.o(.data)
    pTxMailbox                               0x2000001c   Data           4  canbus.o(.data)
    mallbox                                  0x20000020   Data           6  canbus.o(.data)
    Can1RxData                               0x20000026   Data           8  canbus.o(.data)
    CanRxData                                0x2000002e   Data           8  canbus.o(.data)
    node_id                                  0x20000036   Data           1  main.o(.data)
    disp_id                                  0x20000037   Data           1  main.o(.data)
    disp_lift                                0x20000038   Data           1  main.o(.data)
    preset_node_id                           0x20000039   Data           1  main.o(.data)
    sdo_index                                0x2000003c   Data           4  main.o(.data)
    sdo_subindex                             0x20000040   Data           1  main.o(.data)
    sdo_timer                                0x20000041   Data           1  main.o(.data)
    errorregister                            0x20000042   Data           1  main.o(.data)
    row                                      0x20000043   Data           1  main.o(.data)
    scroll                                   0x20000044   Data           1  main.o(.data)
    scrollpos                                0x20000045   Data           1  main.o(.data)
    scrolltimer                              0x20000046   Data           1  main.o(.data)
    input_detect                             0x20000047   Data           1  main.o(.data)
    landingcalltimer                         0x20000048   Data           1  main.o(.data)
    direction_ind_mode                       0x20000049   Data           1  main.o(.data)
    arrowtype                                0x2000004a   Data           1  main.o(.data)
    arrowflash                               0x2000004b   Data           1  main.o(.data)
    arrowflash_old                           0x2000004c   Data           1  main.o(.data)
    flashcontent                             0x2000004d   Data           1  main.o(.data)
    hsecheck                                 0x2000004e   Data           1  main.o(.data)
    hse_heartbeat                            0x2000004f   Data           1  main.o(.data)
    can_inittime                             0x20000050   Data           1  main.o(.data)
    can_passive_time                         0x20000051   Data           1  main.o(.data)
    display_scantimer                        0x20000052   Data           1  main.o(.data)
    hardware_version                         0x20000053   Data           1  main.o(.data)
    com_can_work                             0x20000054   Data           1  main.o(.data)
    keytimer                                 0x20000055   Data           1  main.o(.data)
    flashtimer                               0x20000056   Data           1  main.o(.data)
    mLongKeyTime                             0x20000057   Data           1  main.o(.data)
    display_timer                            0x20000058   Data           1  main.o(.data)
    u8Start_Dark                             0x20000059   Data           1  main.o(.data)
    backlight_mode                           0x2000005a   Data           1  main.o(.data)
    backlight_func                           0x2000005b   Data           1  main.o(.data)
    backlight_off_time                       0x2000005c   Data           4  main.o(.data)
    backlight_time_count                     0x20000060   Data           4  main.o(.data)
    light_para_ok                            0x20000064   Data           1  main.o(.data)
    display_STN_mode                         0x20000065   Data           1  main.o(.data)
    merker                                   0x20000066   Data           1  main.o(.data)
    nmtstate                                 0x20000067   Data           1  main.o(.data)
    setid_mode                               0x20000068   Data           1  main.o(.data)
    setid_mode_old                           0x20000069   Data           1  main.o(.data)
    id_buff                                  0x2000006a   Data           4  main.o(.data)
    nmtwait                                  0x20000070   Data           4  main.o(.data)
    device_type                              0x20000074   Data           4  main.o(.data)
    input                                    0x20000078   Data           3  main.o(.data)
    in                                       0x2000007b   Data           1  main.o(.data)
    out                                      0x2000007c   Data           1  main.o(.data)
    outpush                                  0x2000007d   Data           1  main.o(.data)
    in_polarity                              0x2000007e   Data           1  main.o(.data)
    out_polarity                             0x2000007f   Data           1  main.o(.data)
    heartbeat                                0x20000080   Data           1  main.o(.data)
    virt_in                                  0x20000081   Data           7  main.o(.data)
    virt_out                                 0x20000088   Data           7  main.o(.data)
    hsetime                                  0x2000008f   Data           1  main.o(.data)
    recei_monitor                            0x20000090   Data           8  main.o(.data)
    bKey_Fg                                  0x20000098   Data           1  main.o(.data)
    bTime                                    0x20000099   Data           1  main.o(.data)
    uwTickFreq                               0x200000a0   Data           1  stm32f1xx_hal.o(.data)
    uwTickPrio                               0x200000a4   Data           4  stm32f1xx_hal.o(.data)
    uwTick                                   0x200000a8   Data           4  stm32f1xx_hal.o(.data)
    SystemCoreClock                          0x200000ac   Data           4  system_stm32f1xx_1.o(.data)
    rx                                       0x200000b0   Data         300  canbus.o(.bss)
    tx                                       0x200001dc   Data         300  canbus.o(.bss)
    Can1RxHeader                             0x20000308   Data          28  canbus.o(.bss)
    CanRxHeader                              0x20000324   Data          28  canbus.o(.bss)
    virtual_device                           0x20000340   Data          12  main.o(.bss)
    inpar                                    0x2000034c   Data          56  main.o(.bss)
    outpar                                   0x20000384   Data          64  main.o(.bss)
    hcan                                     0x200003c4   Data          40  main.o(.bss)
    htim2                                    0x200003ec   Data          72  main.o(.bss)
    htim3                                    0x20000434   Data          72  main.o(.bss)
    htim4                                    0x2000047c   Data          72  main.o(.bss)
    __libspace_start                         0x200004c4   Data          96  libspace.o(.bss)
    __temporary_stack_top$libspace           0x20000524   Data           0  libspace.o(.bss)



==============================================================================

Memory Map of the image

  Image Entry point : 0x080000ed

  Load Region LR_IROM1 (Base: 0x08000000, Size: 0x000037a4, Max: 0x00010000, ABSOLUTE)

    Execution Region ER_IROM1 (Exec base: 0x08000000, Load base: 0x08000000, Size: 0x000036f4, Max: 0x00010000, ABSOLUTE)

    Exec Addr    Load Addr    Size         Type   Attr      Idx    E Section Name        Object

    0x08000000   0x08000000   0x000000ec   Data   RO            3    RESET               startup_stm32f103xb.o
    0x080000ec   0x080000ec   0x00000008   Code   RO         2988  * !!!main             c_w.l(__main.o)
    0x080000f4   0x080000f4   0x00000034   Code   RO         3149    !!!scatter          c_w.l(__scatter.o)
    0x08000128   0x08000128   0x0000001a   Code   RO         3151    !!handler_copy      c_w.l(__scatter_copy.o)
    0x08000142   0x08000142   0x00000002   PAD
    0x08000144   0x08000144   0x0000001c   Code   RO         3153    !!handler_zi        c_w.l(__scatter_zi.o)
    0x08000160   0x08000160   0x00000002   Code   RO         3017    .ARM.Collect$$libinit$$00000000  c_w.l(libinit.o)
    0x08000162   0x08000162   0x00000000   Code   RO         3024    .ARM.Collect$$libinit$$00000002  c_w.l(libinit2.o)
    0x08000162   0x08000162   0x00000000   Code   RO         3026    .ARM.Collect$$libinit$$00000004  c_w.l(libinit2.o)
    0x08000162   0x08000162   0x00000000   Code   RO         3029    .ARM.Collect$$libinit$$0000000A  c_w.l(libinit2.o)
    0x08000162   0x08000162   0x00000000   Code   RO         3031    .ARM.Collect$$libinit$$0000000C  c_w.l(libinit2.o)
    0x08000162   0x08000162   0x00000000   Code   RO         3033    .ARM.Collect$$libinit$$0000000E  c_w.l(libinit2.o)
    0x08000162   0x08000162   0x00000000   Code   RO         3036    .ARM.Collect$$libinit$$00000011  c_w.l(libinit2.o)
    0x08000162   0x08000162   0x00000000   Code   RO         3038    .ARM.Collect$$libinit$$00000013  c_w.l(libinit2.o)
    0x08000162   0x08000162   0x00000000   Code   RO         3040    .ARM.Collect$$libinit$$00000015  c_w.l(libinit2.o)
    0x08000162   0x08000162   0x00000000   Code   RO         3042    .ARM.Collect$$libinit$$00000017  c_w.l(libinit2.o)
    0x08000162   0x08000162   0x00000000   Code   RO         3044    .ARM.Collect$$libinit$$00000019  c_w.l(libinit2.o)
    0x08000162   0x08000162   0x00000000   Code   RO         3046    .ARM.Collect$$libinit$$0000001B  c_w.l(libinit2.o)
    0x08000162   0x08000162   0x00000000   Code   RO         3048    .ARM.Collect$$libinit$$0000001D  c_w.l(libinit2.o)
    0x08000162   0x08000162   0x00000000   Code   RO         3050    .ARM.Collect$$libinit$$0000001F  c_w.l(libinit2.o)
    0x08000162   0x08000162   0x00000000   Code   RO         3052    .ARM.Collect$$libinit$$00000021  c_w.l(libinit2.o)
    0x08000162   0x08000162   0x00000000   Code   RO         3054    .ARM.Collect$$libinit$$00000023  c_w.l(libinit2.o)
    0x08000162   0x08000162   0x00000000   Code   RO         3056    .ARM.Collect$$libinit$$00000025  c_w.l(libinit2.o)
    0x08000162   0x08000162   0x00000000   Code   RO         3060    .ARM.Collect$$libinit$$0000002C  c_w.l(libinit2.o)
    0x08000162   0x08000162   0x00000000   Code   RO         3062    .ARM.Collect$$libinit$$0000002E  c_w.l(libinit2.o)
    0x08000162   0x08000162   0x00000000   Code   RO         3064    .ARM.Collect$$libinit$$00000030  c_w.l(libinit2.o)
    0x08000162   0x08000162   0x00000000   Code   RO         3066    .ARM.Collect$$libinit$$00000032  c_w.l(libinit2.o)
    0x08000162   0x08000162   0x00000002   Code   RO         3067    .ARM.Collect$$libinit$$00000033  c_w.l(libinit2.o)
    0x08000164   0x08000164   0x00000002   Code   RO         3087    .ARM.Collect$$libshutdown$$00000000  c_w.l(libshutdown.o)
    0x08000166   0x08000166   0x00000000   Code   RO         3100    .ARM.Collect$$libshutdown$$00000002  c_w.l(libshutdown2.o)
    0x08000166   0x08000166   0x00000000   Code   RO         3102    .ARM.Collect$$libshutdown$$00000004  c_w.l(libshutdown2.o)
    0x08000166   0x08000166   0x00000000   Code   RO         3104    .ARM.Collect$$libshutdown$$00000006  c_w.l(libshutdown2.o)
    0x08000166   0x08000166   0x00000000   Code   RO         3107    .ARM.Collect$$libshutdown$$00000009  c_w.l(libshutdown2.o)
    0x08000166   0x08000166   0x00000000   Code   RO         3110    .ARM.Collect$$libshutdown$$0000000C  c_w.l(libshutdown2.o)
    0x08000166   0x08000166   0x00000000   Code   RO         3112    .ARM.Collect$$libshutdown$$0000000E  c_w.l(libshutdown2.o)
    0x08000166   0x08000166   0x00000000   Code   RO         3115    .ARM.Collect$$libshutdown$$00000011  c_w.l(libshutdown2.o)
    0x08000166   0x08000166   0x00000002   Code   RO         3116    .ARM.Collect$$libshutdown$$00000012  c_w.l(libshutdown2.o)
    0x08000168   0x08000168   0x00000000   Code   RO         2990    .ARM.Collect$$rtentry$$00000000  c_w.l(__rtentry.o)
    0x08000168   0x08000168   0x00000000   Code   RO         2994    .ARM.Collect$$rtentry$$00000002  c_w.l(__rtentry2.o)
    0x08000168   0x08000168   0x00000006   Code   RO         3006    .ARM.Collect$$rtentry$$00000004  c_w.l(__rtentry4.o)
    0x0800016e   0x0800016e   0x00000000   Code   RO         2996    .ARM.Collect$$rtentry$$00000009  c_w.l(__rtentry2.o)
    0x0800016e   0x0800016e   0x00000004   Code   RO         2997    .ARM.Collect$$rtentry$$0000000A  c_w.l(__rtentry2.o)
    0x08000172   0x08000172   0x00000000   Code   RO         2999    .ARM.Collect$$rtentry$$0000000C  c_w.l(__rtentry2.o)
    0x08000172   0x08000172   0x00000008   Code   RO         3000    .ARM.Collect$$rtentry$$0000000D  c_w.l(__rtentry2.o)
    0x0800017a   0x0800017a   0x00000002   Code   RO         3021    .ARM.Collect$$rtexit$$00000000  c_w.l(rtexit.o)
    0x0800017c   0x0800017c   0x00000000   Code   RO         3069    .ARM.Collect$$rtexit$$00000002  c_w.l(rtexit2.o)
    0x0800017c   0x0800017c   0x00000004   Code   RO         3070    .ARM.Collect$$rtexit$$00000003  c_w.l(rtexit2.o)
    0x08000180   0x08000180   0x00000006   Code   RO         3071    .ARM.Collect$$rtexit$$00000004  c_w.l(rtexit2.o)
    0x08000186   0x08000186   0x00000002   PAD
    0x08000188   0x08000188   0x00000040   Code   RO            4    .text               startup_stm32f103xb.o
    0x080001c8   0x080001c8   0x0000008a   Code   RO         2982    .text               c_w.l(rt_memcpy_v6.o)
    0x08000252   0x08000252   0x0000004e   Code   RO         2984    .text               c_w.l(rt_memclr_w.o)
    0x080002a0   0x080002a0   0x00000006   Code   RO         2986    .text               c_w.l(heapauxi.o)
    0x080002a6   0x080002a6   0x00000064   Code   RO         2991    .text               c_w.l(rt_memcpy_w.o)
    0x0800030a   0x0800030a   0x0000004a   Code   RO         3008    .text               c_w.l(sys_stackheap_outer.o)
    0x08000354   0x08000354   0x00000012   Code   RO         3010    .text               c_w.l(exit.o)
    0x08000366   0x08000366   0x00000002   PAD
    0x08000368   0x08000368   0x00000008   Code   RO         3018    .text               c_w.l(libspace.o)
    0x08000370   0x08000370   0x0000000c   Code   RO         3079    .text               c_w.l(sys_exit.o)
    0x0800037c   0x0800037c   0x00000002   Code   RO         3090    .text               c_w.l(use_no_semi.o)
    0x0800037e   0x0800037e   0x00000000   Code   RO         3092    .text               c_w.l(indicate_semi.o)
    0x0800037e   0x0800037e   0x00000002   Code   RO          533    i.BusFault_Handler  stm32f1xx_it.o
    0x08000380   0x08000380   0x0000000c   Code   RO          534    i.CAN1_RX1_IRQHandler  stm32f1xx_it.o
    0x0800038c   0x0800038c   0x0000000c   Code   RO          535    i.CAN1_SCE_IRQHandler  stm32f1xx_it.o
    0x08000398   0x08000398   0x0000009c   Code   RO          209    i.CAN_transmit_Interrupt  canbus.o
    0x08000434   0x08000434   0x00000002   Code   RO          536    i.DebugMon_Handler  stm32f1xx_it.o
    0x08000436   0x08000436   0x00000004   Code   RO          392    i.Error_Handler     main.o
    0x0800043a   0x0800043a   0x00000024   Code   RO          762    i.HAL_CAN_ActivateNotification  stm32f1xx_hal_can.o
    0x0800045e   0x0800045e   0x000000dc   Code   RO          763    i.HAL_CAN_AddTxMessage  stm32f1xx_hal_can.o
    0x0800053a   0x0800053a   0x00000002   PAD
    0x0800053c   0x0800053c   0x000000ee   Code   RO          764    i.HAL_CAN_ConfigFilter  stm32f1xx_hal_can.o
    0x0800062a   0x0800062a   0x00000024   Code   RO          766    i.HAL_CAN_DeactivateNotification  stm32f1xx_hal_can.o
    0x0800064e   0x0800064e   0x00000002   Code   RO          767    i.HAL_CAN_ErrorCallback  stm32f1xx_hal_can.o
    0x08000650   0x08000650   0x000000e8   Code   RO          770    i.HAL_CAN_GetRxMessage  stm32f1xx_hal_can.o
    0x08000738   0x08000738   0x000001fc   Code   RO          774    i.HAL_CAN_IRQHandler  stm32f1xx_hal_can.o
    0x08000934   0x08000934   0x0000011a   Code   RO          775    i.HAL_CAN_Init      stm32f1xx_hal_can.o
    0x08000a4e   0x08000a4e   0x00000002   PAD
    0x08000a50   0x08000a50   0x000000ac   Code   RO          652    i.HAL_CAN_MspInit   stm32f1xx_hal_msp.o
    0x08000afc   0x08000afc   0x00000002   Code   RO          782    i.HAL_CAN_RxFifo0FullCallback  stm32f1xx_hal_can.o
    0x08000afe   0x08000afe   0x00000002   PAD
    0x08000b00   0x08000b00   0x00000064   Code   RO          211    i.HAL_CAN_RxFifo0MsgPendingCallback  canbus.o
    0x08000b64   0x08000b64   0x00000002   Code   RO          784    i.HAL_CAN_RxFifo1FullCallback  stm32f1xx_hal_can.o
    0x08000b66   0x08000b66   0x00000002   PAD
    0x08000b68   0x08000b68   0x000000b4   Code   RO          212    i.HAL_CAN_RxFifo1MsgPendingCallback  canbus.o
    0x08000c1c   0x08000c1c   0x00000002   Code   RO          786    i.HAL_CAN_SleepCallback  stm32f1xx_hal_can.o
    0x08000c1e   0x08000c1e   0x00000002   PAD
    0x08000c20   0x08000c20   0x00000058   Code   RO          787    i.HAL_CAN_Start     stm32f1xx_hal_can.o
    0x08000c78   0x08000c78   0x00000002   Code   RO          789    i.HAL_CAN_TxMailbox0AbortCallback  stm32f1xx_hal_can.o
    0x08000c7a   0x08000c7a   0x00000002   PAD
    0x08000c7c   0x08000c7c   0x00000010   Code   RO          213    i.HAL_CAN_TxMailbox0CompleteCallback  canbus.o
    0x08000c8c   0x08000c8c   0x00000002   Code   RO          791    i.HAL_CAN_TxMailbox1AbortCallback  stm32f1xx_hal_can.o
    0x08000c8e   0x08000c8e   0x00000002   PAD
    0x08000c90   0x08000c90   0x00000010   Code   RO          214    i.HAL_CAN_TxMailbox1CompleteCallback  canbus.o
    0x08000ca0   0x08000ca0   0x00000002   Code   RO          793    i.HAL_CAN_TxMailbox2AbortCallback  stm32f1xx_hal_can.o
    0x08000ca2   0x08000ca2   0x00000002   PAD
    0x08000ca4   0x08000ca4   0x00000010   Code   RO          215    i.HAL_CAN_TxMailbox2CompleteCallback  canbus.o
    0x08000cb4   0x08000cb4   0x00000002   Code   RO          796    i.HAL_CAN_WakeUpFromRxMsgCallback  stm32f1xx_hal_can.o
    0x08000cb6   0x08000cb6   0x00000002   PAD
    0x08000cb8   0x08000cb8   0x000001e0   Code   RO         1310    i.HAL_GPIO_Init     stm32f1xx_hal_gpio.o
    0x08000e98   0x08000e98   0x0000000a   Code   RO         1314    i.HAL_GPIO_WritePin  stm32f1xx_hal_gpio.o
    0x08000ea2   0x08000ea2   0x00000002   PAD
    0x08000ea4   0x08000ea4   0x0000000c   Code   RO         1006    i.HAL_GetTick       stm32f1xx_hal.o
    0x08000eb0   0x08000eb0   0x00000010   Code   RO         1012    i.HAL_IncTick       stm32f1xx_hal.o
    0x08000ec0   0x08000ec0   0x00000024   Code   RO         1013    i.HAL_Init          stm32f1xx_hal.o
    0x08000ee4   0x08000ee4   0x00000040   Code   RO         1014    i.HAL_InitTick      stm32f1xx_hal.o
    0x08000f24   0x08000f24   0x0000003c   Code   RO          653    i.HAL_MspInit       stm32f1xx_hal_msp.o
    0x08000f60   0x08000f60   0x0000001a   Code   RO         1470    i.HAL_NVIC_EnableIRQ  stm32f1xx_hal_cortex.o
    0x08000f7a   0x08000f7a   0x00000002   PAD
    0x08000f7c   0x08000f7c   0x00000040   Code   RO         1476    i.HAL_NVIC_SetPriority  stm32f1xx_hal_cortex.o
    0x08000fbc   0x08000fbc   0x00000024   Code   RO         1477    i.HAL_NVIC_SetPriorityGrouping  stm32f1xx_hal_cortex.o
    0x08000fe0   0x08000fe0   0x0000012c   Code   RO         1170    i.HAL_RCC_ClockConfig  stm32f1xx_hal_rcc.o
    0x0800110c   0x0800110c   0x0000006c   Code   RO         1179    i.HAL_RCC_GetSysClockFreq  stm32f1xx_hal_rcc.o
    0x08001178   0x08001178   0x00000320   Code   RO         1182    i.HAL_RCC_OscConfig  stm32f1xx_hal_rcc.o
    0x08001498   0x08001498   0x00000028   Code   RO         1481    i.HAL_SYSTICK_Config  stm32f1xx_hal_cortex.o
    0x080014c0   0x080014c0   0x00000002   Code   RO         2676    i.HAL_TIMEx_BreakCallback  stm32f1xx_hal_tim_ex.o
    0x080014c2   0x080014c2   0x00000002   Code   RO         2677    i.HAL_TIMEx_CommutCallback  stm32f1xx_hal_tim_ex.o
    0x080014c4   0x080014c4   0x00000068   Code   RO         2695    i.HAL_TIMEx_MasterConfigSynchronization  stm32f1xx_hal_tim_ex.o
    0x0800152c   0x0800152c   0x0000005a   Code   RO         1972    i.HAL_TIM_Base_Init  stm32f1xx_hal_tim.o
    0x08001586   0x08001586   0x00000002   PAD
    0x08001588   0x08001588   0x00000088   Code   RO          655    i.HAL_TIM_Base_MspInit  stm32f1xx_hal_msp.o
    0x08001610   0x08001610   0x00000058   Code   RO         1977    i.HAL_TIM_Base_Start_IT  stm32f1xx_hal_tim.o
    0x08001668   0x08001668   0x000000d6   Code   RO         1981    i.HAL_TIM_ConfigClockSource  stm32f1xx_hal_tim.o
    0x0800173e   0x0800173e   0x00000002   Code   RO         2006    i.HAL_TIM_IC_CaptureCallback  stm32f1xx_hal_tim.o
    0x08001740   0x08001740   0x00000166   Code   RO         2020    i.HAL_TIM_IRQHandler  stm32f1xx_hal_tim.o
    0x080018a6   0x080018a6   0x00000002   Code   RO         2023    i.HAL_TIM_OC_DelayElapsedCallback  stm32f1xx_hal_tim.o
    0x080018a8   0x080018a8   0x00000002   Code   RO         2050    i.HAL_TIM_PWM_PulseFinishedCallback  stm32f1xx_hal_tim.o
    0x080018aa   0x080018aa   0x00000002   PAD
    0x080018ac   0x080018ac   0x00000474   Code   RO          699    i.HAL_TIM_PeriodElapsedCallback  interrupt.o
    0x08001d20   0x08001d20   0x00000002   Code   RO         2063    i.HAL_TIM_TriggerCallback  stm32f1xx_hal_tim.o
    0x08001d22   0x08001d22   0x00000002   Code   RO          537    i.HardFault_Handler  stm32f1xx_it.o
    0x08001d24   0x08001d24   0x00000168   Code   RO          216    i.Init_Can          canbus.o
    0x08001e8c   0x08001e8c   0x00000040   Code   RO          393    i.MX_CAN_Init       main.o
    0x08001ecc   0x08001ecc   0x000000b8   Code   RO          394    i.MX_GPIO_Init      main.o
    0x08001f84   0x08001f84   0x00000068   Code   RO          395    i.MX_TIM2_Init      main.o
    0x08001fec   0x08001fec   0x00000068   Code   RO          396    i.MX_TIM3_Init      main.o
    0x08002054   0x08002054   0x00000068   Code   RO          397    i.MX_TIM4_Init      main.o
    0x080020bc   0x080020bc   0x00000002   Code   RO          538    i.MemManage_Handler  stm32f1xx_it.o
    0x080020be   0x080020be   0x00000002   Code   RO          539    i.NMI_Handler       stm32f1xx_it.o
    0x080020c0   0x080020c0   0x00000002   Code   RO          540    i.PendSV_Handler    stm32f1xx_it.o
    0x080020c2   0x080020c2   0x00000002   PAD
    0x080020c4   0x080020c4   0x0000003c   Code   RO           13    i.SPI_SendOneByte   display.o
    0x08002100   0x08002100   0x00000002   Code   RO          541    i.SVC_Handler       stm32f1xx_it.o
    0x08002102   0x08002102   0x00000004   Code   RO          542    i.SysTick_Handler   stm32f1xx_it.o
    0x08002106   0x08002106   0x0000005e   Code   RO          398    i.SystemClock_Config  main.o
    0x08002164   0x08002164   0x00000002   Code   RO         2944    i.SystemInit        system_stm32f1xx_1.o
    0x08002166   0x08002166   0x00000002   PAD
    0x08002168   0x08002168   0x0000000c   Code   RO          543    i.TIM2_IRQHandler   stm32f1xx_it.o
    0x08002174   0x08002174   0x0000000c   Code   RO          544    i.TIM3_IRQHandler   stm32f1xx_it.o
    0x08002180   0x08002180   0x0000000c   Code   RO          545    i.TIM4_IRQHandler   stm32f1xx_it.o
    0x0800218c   0x0800218c   0x0000006c   Code   RO         2065    i.TIM_Base_SetConfig  stm32f1xx_hal_tim.o
    0x080021f8   0x080021f8   0x00000014   Code   RO         2076    i.TIM_ETR_SetConfig  stm32f1xx_hal_tim.o
    0x0800220c   0x0800220c   0x00000010   Code   RO         2077    i.TIM_ITRx_SetConfig  stm32f1xx_hal_tim.o
    0x0800221c   0x0800221c   0x00000022   Code   RO         2083    i.TIM_TI1_ConfigInputStage  stm32f1xx_hal_tim.o
    0x0800223e   0x0800223e   0x00000024   Code   RO         2085    i.TIM_TI2_ConfigInputStage  stm32f1xx_hal_tim.o
    0x08002262   0x08002262   0x00000002   PAD
    0x08002264   0x08002264   0x0000000c   Code   RO          546    i.USB_HP_CAN1_TX_IRQHandler  stm32f1xx_it.o
    0x08002270   0x08002270   0x0000000c   Code   RO          547    i.USB_LP_CAN1_RX0_IRQHandler  stm32f1xx_it.o
    0x0800227c   0x0800227c   0x00000002   Code   RO          548    i.UsageFault_Handler  stm32f1xx_it.o
    0x0800227e   0x0800227e   0x00000020   Code   RO         1483    i.__NVIC_SetPriority  stm32f1xx_hal_cortex.o
    0x0800229e   0x0800229e   0x00000002   PAD
    0x080022a0   0x080022a0   0x000000b8   Code   RO          217    i.abort_sdo         canbus.o
    0x08002358   0x08002358   0x000000cc   Code   RO          218    i.can_transmit      canbus.o
    0x08002424   0x08002424   0x00000020   Code   RO          219    i.check_for_call    canbus.o
    0x08002444   0x08002444   0x0000008c   Code   RO          399    i.main              main.o
    0x080024d0   0x080024d0   0x000000a0   Code   RO          350    i.read_dict         dict.o
    0x08002570   0x08002570   0x000006d8   Code   RO          221    i.read_rx           canbus.o
    0x08002c48   0x08002c48   0x000000a4   Code   RO          222    i.sdo_response      canbus.o
    0x08002cec   0x08002cec   0x00000080   Code   RO          223    i.sdo_segment       canbus.o
    0x08002d6c   0x08002d6c   0x0000008c   Code   RO          351    i.search_dict       dict.o
    0x08002df8   0x08002df8   0x00000074   Code   RO          224    i.set_io_config     canbus.o
    0x08002e6c   0x08002e6c   0x00000510   Code   RO          225    i.set_output        canbus.o
    0x0800337c   0x0800337c   0x00000108   Code   RO          352    i.write_dict        dict.o
    0x08003484   0x08003484   0x00000026   Data   RO           14    .constdata          display.o
    0x080034aa   0x080034aa   0x000000b0   Data   RO           16    .constdata          display.o
    0x0800355a   0x0800355a   0x00000006   Data   RO          174    .constdata          version.o
    0x08003560   0x08003560   0x00000006   Data   RO          175    .constdata          version.o
    0x08003566   0x08003566   0x00000006   Data   RO          176    .constdata          version.o
    0x0800356c   0x0800356c   0x00000006   Data   RO          177    .constdata          version.o
    0x08003572   0x08003572   0x00000006   Data   RO          178    .constdata          version.o
    0x08003578   0x08003578   0x00000006   Data   RO          179    .constdata          version.o
    0x0800357e   0x0800357e   0x00000002   PAD
    0x08003580   0x08003580   0x00000144   Data   RO          353    .constdata          dict.o
    0x080036c4   0x080036c4   0x00000010   Data   RO         2945    .constdata          system_stm32f1xx_1.o
    0x080036d4   0x080036d4   0x00000020   Data   RO         3147    Region$$Table       anon$$obj.o


    Execution Region RW_IRAM1 (Exec base: 0x20000000, Load base: 0x080036f4, Size: 0x00000b28, Max: 0x00005000, ABSOLUTE)

    Exec Addr    Load Addr    Size         Type   Attr      Idx    E Section Name        Object

    0x20000000   0x080036f4   0x00000004   Data   RW           17    .data               display.o
    0x20000004   0x080036f8   0x00000032   Data   RW          229    .data               canbus.o
    0x20000036   0x0800372a   0x00000001   Data   RW          405    .data               main.o
    0x20000037   0x0800372b   0x00000001   Data   RW          406    .data               main.o
    0x20000038   0x0800372c   0x00000001   Data   RW          407    .data               main.o
    0x20000039   0x0800372d   0x00000001   Data   RW          408    .data               main.o
    0x2000003a   0x0800372e   0x00000002   PAD
    0x2000003c   0x08003730   0x00000004   Data   RW          409    .data               main.o
    0x20000040   0x08003734   0x00000001   Data   RW          410    .data               main.o
    0x20000041   0x08003735   0x00000001   Data   RW          411    .data               main.o
    0x20000042   0x08003736   0x00000001   Data   RW          412    .data               main.o
    0x20000043   0x08003737   0x00000001   Data   RW          414    .data               main.o
    0x20000044   0x08003738   0x00000001   Data   RW          415    .data               main.o
    0x20000045   0x08003739   0x00000001   Data   RW          416    .data               main.o
    0x20000046   0x0800373a   0x00000001   Data   RW          417    .data               main.o
    0x20000047   0x0800373b   0x00000001   Data   RW          418    .data               main.o
    0x20000048   0x0800373c   0x00000001   Data   RW          419    .data               main.o
    0x20000049   0x0800373d   0x00000001   Data   RW          421    .data               main.o
    0x2000004a   0x0800373e   0x00000001   Data   RW          422    .data               main.o
    0x2000004b   0x0800373f   0x00000001   Data   RW          423    .data               main.o
    0x2000004c   0x08003740   0x00000001   Data   RW          424    .data               main.o
    0x2000004d   0x08003741   0x00000001   Data   RW          425    .data               main.o
    0x2000004e   0x08003742   0x00000001   Data   RW          428    .data               main.o
    0x2000004f   0x08003743   0x00000001   Data   RW          429    .data               main.o
    0x20000050   0x08003744   0x00000001   Data   RW          430    .data               main.o
    0x20000051   0x08003745   0x00000001   Data   RW          431    .data               main.o
    0x20000052   0x08003746   0x00000001   Data   RW          432    .data               main.o
    0x20000053   0x08003747   0x00000001   Data   RW          433    .data               main.o
    0x20000054   0x08003748   0x00000001   Data   RW          436    .data               main.o
    0x20000055   0x08003749   0x00000001   Data   RW          437    .data               main.o
    0x20000056   0x0800374a   0x00000001   Data   RW          438    .data               main.o
    0x20000057   0x0800374b   0x00000001   Data   RW          441    .data               main.o
    0x20000058   0x0800374c   0x00000001   Data   RW          443    .data               main.o
    0x20000059   0x0800374d   0x00000001   Data   RW          445    .data               main.o
    0x2000005a   0x0800374e   0x00000001   Data   RW          447    .data               main.o
    0x2000005b   0x0800374f   0x00000001   Data   RW          448    .data               main.o
    0x2000005c   0x08003750   0x00000004   Data   RW          449    .data               main.o
    0x20000060   0x08003754   0x00000004   Data   RW          450    .data               main.o
    0x20000064   0x08003758   0x00000001   Data   RW          451    .data               main.o
    0x20000065   0x08003759   0x00000001   Data   RW          452    .data               main.o
    0x20000066   0x0800375a   0x00000001   Data   RW          453    .data               main.o
    0x20000067   0x0800375b   0x00000001   Data   RW          454    .data               main.o
    0x20000068   0x0800375c   0x00000001   Data   RW          455    .data               main.o
    0x20000069   0x0800375d   0x00000001   Data   RW          456    .data               main.o
    0x2000006a   0x0800375e   0x00000004   Data   RW          457    .data               main.o
    0x2000006e   0x08003762   0x00000002   PAD
    0x20000070   0x08003764   0x00000004   Data   RW          458    .data               main.o
    0x20000074   0x08003768   0x00000004   Data   RW          459    .data               main.o
    0x20000078   0x0800376c   0x00000003   Data   RW          460    .data               main.o
    0x2000007b   0x0800376f   0x00000001   Data   RW          461    .data               main.o
    0x2000007c   0x08003770   0x00000001   Data   RW          463    .data               main.o
    0x2000007d   0x08003771   0x00000001   Data   RW          465    .data               main.o
    0x2000007e   0x08003772   0x00000001   Data   RW          466    .data               main.o
    0x2000007f   0x08003773   0x00000001   Data   RW          467    .data               main.o
    0x20000080   0x08003774   0x00000001   Data   RW          468    .data               main.o
    0x20000081   0x08003775   0x00000007   Data   RW          469    .data               main.o
    0x20000088   0x0800377c   0x00000007   Data   RW          470    .data               main.o
    0x2000008f   0x08003783   0x00000001   Data   RW          471    .data               main.o
    0x20000090   0x08003784   0x00000008   Data   RW          472    .data               main.o
    0x20000098   0x0800378c   0x00000001   Data   RW          473    .data               main.o
    0x20000099   0x0800378d   0x00000001   Data   RW          474    .data               main.o
    0x2000009a   0x0800378e   0x00000003   Data   RW          700    .data               interrupt.o
    0x2000009d   0x08003791   0x00000003   PAD
    0x200000a0   0x08003794   0x0000000c   Data   RW         1020    .data               stm32f1xx_hal.o
    0x200000ac   0x080037a0   0x00000004   Data   RW         2947    .data               system_stm32f1xx_1.o
    0x200000b0        -       0x00000290   Zero   RW          228    .bss                canbus.o
    0x20000340        -       0x0000000c   Zero   RW          400    .bss                main.o
    0x2000034c        -       0x00000038   Zero   RW          401    .bss                main.o
    0x20000384        -       0x00000040   Zero   RW          402    .bss                main.o
    0x200003c4        -       0x00000100   Zero   RW          403    .bss                main.o
    0x200004c4        -       0x00000060   Zero   RW         3019    .bss                c_w.l(libspace.o)
    0x20000524   0x080037a4   0x00000004   PAD
    0x20000528        -       0x00000200   Zero   RW            2    HEAP                startup_stm32f103xb.o
    0x20000728        -       0x00000400   Zero   RW            1    STACK               startup_stm32f103xb.o


==============================================================================

Image component sizes


      Code (inc. data)   RO Data    RW Data    ZI Data      Debug   Object Name

      4720        378          0         50        656      12778   canbus.o
       564         44        324          0          0       3482   dict.o
        60          6        214          4          0     437381   display.o
      1140        180          0          3          0       1776   interrupt.o
       798         60          0         96        388       9630   main.o
        64         26        236          0       1536        780   startup_stm32f103xb.o
       128         24          0         12          0       5073   stm32f1xx_hal.o
      1656          0          0          0          0      11697   stm32f1xx_hal_can.o
       198         14          0          0          0      28743   stm32f1xx_hal_cortex.o
       490         34          0          0          0       2796   stm32f1xx_hal_gpio.o
       368         34          0          0          0       2187   stm32f1xx_hal_msp.o
      1208         76          0          0          0       3934   stm32f1xx_hal_rcc.o
       972         26          0          0          0       9209   stm32f1xx_hal_tim.o
       108         12          0          0          0       2241   stm32f1xx_hal_tim_ex.o
       104         42          0          0          0       6425   stm32f1xx_it.o
         2          0         16          4          0       1023   system_stm32f1xx_1.o
         0          0         36          0          0        935   version.o

    ----------------------------------------------------------------------
     12614        956        860        176       2580     540090   Object Totals
         0          0         32          0          0          0   (incl. Generated)
        34          0          2          7          0          0   (incl. Padding)

    ----------------------------------------------------------------------

      Code (inc. data)   RO Data    RW Data    ZI Data      Debug   Library Member Name

         8          0          0          0          0         68   __main.o
         0          0          0          0          0          0   __rtentry.o
        12          0          0          0          0          0   __rtentry2.o
         6          0          0          0          0          0   __rtentry4.o
        52          8          0          0          0          0   __scatter.o
        26          0          0          0          0          0   __scatter_copy.o
        28          0          0          0          0          0   __scatter_zi.o
        18          0          0          0          0         80   exit.o
         6          0          0          0          0        152   heapauxi.o
         0          0          0          0          0          0   indicate_semi.o
         2          0          0          0          0          0   libinit.o
         2          0          0          0          0          0   libinit2.o
         2          0          0          0          0          0   libshutdown.o
         2          0          0          0          0          0   libshutdown2.o
         8          4          0          0         96         68   libspace.o
        78          0          0          0          0         80   rt_memclr_w.o
       138          0          0          0          0         68   rt_memcpy_v6.o
       100          0          0          0          0         80   rt_memcpy_w.o
         2          0          0          0          0          0   rtexit.o
        10          0          0          0          0          0   rtexit2.o
        12          4          0          0          0         68   sys_exit.o
        74          0          0          0          0         80   sys_stackheap_outer.o
         2          0          0          0          0         68   use_no_semi.o

    ----------------------------------------------------------------------
       594         16          0          0        100        812   Library Totals
         6          0          0          0          4          0   (incl. Padding)

    ----------------------------------------------------------------------

      Code (inc. data)   RO Data    RW Data    ZI Data      Debug   Library Name

       588         16          0          0         96        812   c_w.l

    ----------------------------------------------------------------------
       594         16          0          0        100        812   Library Totals

    ----------------------------------------------------------------------

==============================================================================


      Code (inc. data)   RO Data    RW Data    ZI Data      Debug   

     13208        972        860        176       2680     535958   Grand Totals
     13208        972        860        176       2680     535958   ELF Image Totals
     13208        972        860        176          0          0   ROM Totals

==============================================================================

    Total RO  Size (Code + RO Data)                14068 (  13.74kB)
    Total RW  Size (RW Data + ZI Data)              2856 (   2.79kB)
    Total ROM Size (Code + RO Data + RW Data)      14244 (  13.91kB)

==============================================================================

