Component: ARM Compiler 5.06 update 7 (build 960) Tool: armlink [4d3601]

==============================================================================

Section Cross References

    startup_stm32f103xb.o(STACK) refers (Special) to heapauxi.o(.text) for __use_two_region_memory
    startup_stm32f103xb.o(HEAP) refers (Special) to heapauxi.o(.text) for __use_two_region_memory
    startup_stm32f103xb.o(RESET) refers (Special) to heapauxi.o(.text) for __use_two_region_memory
    startup_stm32f103xb.o(RESET) refers to startup_stm32f103xb.o(STACK) for __initial_sp
    startup_stm32f103xb.o(RESET) refers to startup_stm32f103xb.o(.text) for Reset_Handler
    startup_stm32f103xb.o(RESET) refers to stm32f1xx_it.o(i.NMI_Handler) for NMI_Handler
    startup_stm32f103xb.o(RESET) refers to stm32f1xx_it.o(i.HardFault_Handler) for HardFault_Handler
    startup_stm32f103xb.o(RESET) refers to stm32f1xx_it.o(i.MemManage_Handler) for MemManage_Handler
    startup_stm32f103xb.o(RESET) refers to stm32f1xx_it.o(i.BusFault_Handler) for BusFault_Handler
    startup_stm32f103xb.o(RESET) refers to stm32f1xx_it.o(i.UsageFault_Handler) for UsageFault_Handler
    startup_stm32f103xb.o(RESET) refers to stm32f1xx_it.o(i.SVC_Handler) for SVC_Handler
    startup_stm32f103xb.o(RESET) refers to stm32f1xx_it.o(i.DebugMon_Handler) for DebugMon_Handler
    startup_stm32f103xb.o(RESET) refers to stm32f1xx_it.o(i.PendSV_Handler) for PendSV_Handler
    startup_stm32f103xb.o(RESET) refers to stm32f1xx_it.o(i.SysTick_Handler) for SysTick_Handler
    startup_stm32f103xb.o(RESET) refers to stm32f1xx_it.o(i.USB_HP_CAN1_TX_IRQHandler) for USB_HP_CAN1_TX_IRQHandler
    startup_stm32f103xb.o(RESET) refers to stm32f1xx_it.o(i.USB_LP_CAN1_RX0_IRQHandler) for USB_LP_CAN1_RX0_IRQHandler
    startup_stm32f103xb.o(RESET) refers to stm32f1xx_it.o(i.CAN1_RX1_IRQHandler) for CAN1_RX1_IRQHandler
    startup_stm32f103xb.o(RESET) refers to stm32f1xx_it.o(i.CAN1_SCE_IRQHandler) for CAN1_SCE_IRQHandler
    startup_stm32f103xb.o(RESET) refers to stm32f1xx_it.o(i.TIM2_IRQHandler) for TIM2_IRQHandler
    startup_stm32f103xb.o(RESET) refers to stm32f1xx_it.o(i.TIM3_IRQHandler) for TIM3_IRQHandler
    startup_stm32f103xb.o(RESET) refers to stm32f1xx_it.o(i.TIM4_IRQHandler) for TIM4_IRQHandler
    startup_stm32f103xb.o(.text) refers (Special) to heapauxi.o(.text) for __use_two_region_memory
    startup_stm32f103xb.o(.text) refers to system_stm32f1xx.o(i.SystemInit) for SystemInit
    startup_stm32f103xb.o(.text) refers to __main.o(!!!main) for __main
    startup_stm32f103xb.o(.text) refers to startup_stm32f103xb.o(HEAP) for Heap_Mem
    startup_stm32f103xb.o(.text) refers to startup_stm32f103xb.o(STACK) for Stack_Mem
    display.o(i.Display_test) refers to main.o(.data) for hardware_version
    display.o(i.Display_test) refers to main.o(.data) for testno
    display.o(i.Display_test) refers to display.o(.data) for .data
    display.o(i.Display_test) refers to display.o(.constdata) for .constdata
    display.o(i.Display_test) refers to main.o(.data) for scroll
    display.o(i.KeyProg) refers to flash.o(i.Flash_Write_Bytes) for Flash_Write_Bytes
    display.o(i.KeyProg) refers to canbus.o(i.lss_response) for lss_response
    display.o(i.KeyProg) refers to main.o(.data) for bKey_Fg
    display.o(i.KeyProg) refers to main.o(.data) for keytimer
    display.o(i.KeyProg) refers to main.o(.data) for scroll
    display.o(i.KeyProg) refers to main.o(.data) for arrowflash_old
    display.o(i.KeyProg) refers to main.o(.data) for flashtimer
    display.o(i.KeyScan) refers to main.o(.data) for mLongKeyTime
    display.o(i.KeyScan) refers to main.o(.data) for mKeyValue_Back
    display.o(i.KeyScan) refers to main.o(.data) for bKey_Fg
    display.o(i.KeyScan) refers to main.o(.constdata) for tKeyCode
    display.o(i.KeyScan) refers to main.o(.data) for mKeyValue
    display.o(i.SetNodeId) refers to main.o(.data) for disp_id
    display.o(i.SetNodeId) refers to main.o(.data) for node_id
    display.o(i.SetNodeId) refers to display.o(.data) for .data
    display.o(i.SetNodeId) refers to main.o(.data) for id_buff
    display.o(i.SetNodeId) refers to main.o(.data) for flashtimer
    display.o(i.SetNodeId) refers to display.o(.constdata) for .constdata
    display.o(i.TestMode) refers to stm32f1xx_hal_gpio.o(i.HAL_GPIO_ReadPin) for HAL_GPIO_ReadPin
    display.o(i.TestMode) refers to main.o(.data) for timer_1S5
    display.o(i.TestMode) refers to main.o(.data) for hardware_version
    display.o(i.TestMode) refers to display.o(.data) for .data
    display.o(i.TestMode) refers to version.o(.constdata) for version_uea_G742
    display.o(i.TestMode) refers to main.o(.data) for scroll
    display.o(i.TestMode) refers to version.o(.constdata) for version_uea_G741
    canbus.o(i.CAN_transmit_Interrupt) refers to stm32f1xx_hal_can.o(i.HAL_CAN_AddTxMessage) for HAL_CAN_AddTxMessage
    canbus.o(i.CAN_transmit_Interrupt) refers to main.o(i.Error_Handler) for Error_Handler
[...]
    .ARM.Collect$$libinit$$00000013          0x08000162   Section        0  libinit2.o(.ARM.Collect$$libinit$$00000013)
    .ARM.Collect$$libinit$$00000015          0x08000162   Section        0  libinit2.o(.ARM.Collect$$libinit$$00000015)
    .ARM.Collect$$libinit$$00000017          0x08000162   Section        0  libinit2.o(.ARM.Collect$$libinit$$00000017)
    .ARM.Collect$$libinit$$00000019          0x08000162   Section        0  libinit2.o(.ARM.Collect$$libinit$$00000019)
    .ARM.Collect$$libinit$$0000001B          0x08000162   Section        0  libinit2.o(.ARM.Collect$$libinit$$0000001B)
    .ARM.Collect$$libinit$$0000001D          0x08000162   Section        0  libinit2.o(.ARM.Collect$$libinit$$0000001D)
    .ARM.Collect$$libinit$$0000001F          0x08000162   Section        0  libinit2.o(.ARM.Collect$$libinit$$0000001F)
    .ARM.Collect$$libinit$$00000021          0x08000162   Section        0  libinit2.o(.ARM.Collect$$libinit$$00000021)
    .ARM.Collect$$libinit$$00000023          0x08000162   Section        0  libinit2.o(.ARM.Collect$$libinit$$00000023)
    .ARM.Collect$$libinit$$00000025          0x08000162   Section        0  libinit2.o(.ARM.Collect$$libinit$$00000025)
    .ARM.Collect$$libinit$$0000002C          0x08000162   Section        0  libinit2.o(.ARM.Collect$$libinit$$0000002C)
    .ARM.Collect$$libinit$$0000002E          0x08000162   Section        0  libinit2.o(.ARM.Collect$$libinit$$0000002E)
    .ARM.Collect$$libinit$$00000030          0x08000162   Section        0  libinit2.o(.ARM.Collect$$libinit$$00000030)
    .ARM.Collect$$libinit$$00000032          0x08000162   Section        0  libinit2.o(.ARM.Collect$$libinit$$00000032)
    .ARM.Collect$$libinit$$00000033          0x08000162   Section        2  libinit2.o(.ARM.Collect$$libinit$$00000033)
    .ARM.Collect$$libshutdown$$00000000      0x08000164   Section        2  libshutdown.o(.ARM.Collect$$libshutdown$$00000000)
    .ARM.Collect$$libshutdown$$00000002      0x08000166   Section        0  libshutdown2.o(.ARM.Collect$$libshutdown$$00000002)
    .ARM.Collect$$libshutdown$$00000004      0x08000166   Section        0  libshutdown2.o(.ARM.Collect$$libshutdown$$00000004)
    .ARM.Collect$$libshutdown$$00000006      0x08000166   Section        0  libshutdown2.o(.ARM.Collect$$libshutdown$$00000006)
    .ARM.Collect$$libshutdown$$00000009      0x08000166   Section        0  libshutdown2.o(.ARM.Collect$$libshutdown$$00000009)
    .ARM.Collect$$libshutdown$$0000000C      0x08000166   Section        0  libshutdown2.o(.ARM.Collect$$libshutdown$$0000000C)
    .ARM.Collect$$libshutdown$$0000000E      0x08000166   Section        0  libshutdown2.o(.ARM.Collect$$libshutdown$$0000000E)
    .ARM.Collect$$libshutdown$$00000011      0x08000166   Section        0  libshutdown2.o(.ARM.Collect$$libshutdown$$00000011)
    .ARM.Collect$$libshutdown$$00000012      0x08000166   Section        2  libshutdown2.o(.ARM.Collect$$libshutdown$$00000012)
    .ARM.Collect$$rtentry$$00000000          0x08000168   Section        0  __rtentry.o(.ARM.Collect$$rtentry$$00000000)
    .ARM.Collect$$rtentry$$00000002          0x08000168   Section        0  __rtentry2.o(.ARM.Collect$$rtentry$$00000002)
    .ARM.Collect$$rtentry$$00000004          0x08000168   Section        6  __rtentry4.o(.ARM.Collect$$rtentry$$00000004)
    .ARM.Collect$$rtentry$$00000009          0x0800016e   Section        0  __rtentry2.o(.ARM.Collect$$rtentry$$00000009)
    .ARM.Collect$$rtentry$$0000000A          0x0800016e   Section        4  __rtentry2.o(.ARM.Collect$$rtentry$$0000000A)
    .ARM.Collect$$rtentry$$0000000C          0x08000172   Section        0  __rtentry2.o(.ARM.Collect$$rtentry$$0000000C)
    .ARM.Collect$$rtentry$$0000000D          0x08000172   Section        8  __rtentry2.o(.ARM.Collect$$rtentry$$0000000D)
    .ARM.Collect$$rtexit$$00000000           0x0800017a   Section        2  rtexit.o(.ARM.Collect$$rtexit$$00000000)
    .ARM.Collect$$rtexit$$00000002           0x0800017c   Section        0  rtexit2.o(.ARM.Collect$$rtexit$$00000002)
    .ARM.Collect$$rtexit$$00000003           0x0800017c   Section        4  rtexit2.o(.ARM.Collect$$rtexit$$00000003)
    .ARM.Collect$$rtexit$$00000004           0x08000180   Section        6  rtexit2.o(.ARM.Collect$$rtexit$$00000004)
    .text                                    0x08000188   Section       64  startup_stm32f103xb.o(.text)
    .text                                    0x080001c8   Section       38  llushr.o(.text)
    .text                                    0x080001ee   Section      138  rt_memcpy_v6.o(.text)
    .text                                    0x08000278   Section       78  rt_memclr_w.o(.text)
    .text                                    0x080002c6   Section        0  heapauxi.o(.text)
    .text                                    0x080002cc   Section      100  rt_memcpy_w.o(.text)
    .text                                    0x08000330   Section       74  sys_stackheap_outer.o(.text)
    .text                                    0x0800037a   Section        0  exit.o(.text)
    .text                                    0x0800038c   Section        8  libspace.o(.text)
    .text                                    0x08000394   Section        0  sys_exit.o(.text)
    .text                                    0x080003a0   Section        2  use_no_semi.o(.text)
    .text                                    0x080003a2   Section        0  indicate_semi.o(.text)
    i.BusFault_Handler                       0x080003a2   Section        0  stm32f1xx_it.o(i.BusFault_Handler)
    i.CAN1_RX1_IRQHandler                    0x080003a4   Section        0  stm32f1xx_it.o(i.CAN1_RX1_IRQHandler)
    i.CAN1_SCE_IRQHandler                    0x080003b0   Section        0  stm32f1xx_it.o(i.CAN1_SCE_IRQHandler)
    i.CAN_transmit_Interrupt                 0x080003bc   Section        0  canbus.o(i.CAN_transmit_Interrupt)
    i.DebugMon_Handler                       0x08000458   Section        0  stm32f1xx_it.o(i.DebugMon_Handler)
    i.Error_Handler                          0x0800045a   Section        0  main.o(i.Error_Handler)
    i.FLASH_Program_HalfWord                 0x08000460   Section        0  stm32f1xx_hal_flash.o(i.FLASH_Program_HalfWord)
    FLASH_Program_HalfWord                   0x08000461   Thumb Code    20  stm32f1xx_hal_flash.o(i.FLASH_Program_HalfWord)
    i.FLASH_SetErrorCode                     0x0800047c   Section        0  stm32f1xx_hal_flash.o(i.FLASH_SetErrorCode)
    FLASH_SetErrorCode                       0x0800047d   Thumb Code    84  stm32f1xx_hal_flash.o(i.FLASH_SetErrorCode)
    i.FLASH_WaitForLastOperation             0x080004d8   Section        0  stm32f1xx_hal_flash.o(i.FLASH_WaitForLastOperation)
    i.Flash_Erase                            0x0800052c   Section        0  flash.o(i.Flash_Erase)
    i.Flash_Read_Bytes                       0x08000564   Section        0  flash.o(i.Flash_Read_Bytes)
    i.Flash_Write_Bytes                      0x0800057c   Section        0  flash.o(i.Flash_Write_Bytes)
    i.HAL_CAN_ActivateNotification           0x080005d0   Section        0  stm32f1xx_hal_can.o(i.HAL_CAN_ActivateNotification)
    i.HAL_CAN_AddTxMessage                   0x080005f4   Section        0  stm32f1xx_hal_can.o(i.HAL_CAN_AddTxMessage)
    i.HAL_CAN_ConfigFilter                   0x080006d0   Section        0  stm32f1xx_hal_can.o(i.HAL_CAN_ConfigFilter)
    i.HAL_CAN_DeactivateNotification         0x080007be   Section        0  stm32f1xx_hal_can.o(i.HAL_CAN_DeactivateNotification)
    i.HAL_CAN_ErrorCallback                  0x080007e2   Section        0  stm32f1xx_hal_can.o(i.HAL_CAN_ErrorCallback)
    i.HAL_CAN_GetRxMessage                   0x080007e4   Section        0  stm32f1xx_hal_can.o(i.HAL_CAN_GetRxMessage)
    i.HAL_CAN_IRQHandler                     0x080008cc   Section        0  stm32f1xx_hal_can.o(i.HAL_CAN_IRQHandler)
    i.HAL_CAN_Init                           0x08000ac8   Section        0  stm32f1xx_hal_can.o(i.HAL_CAN_Init)
    i.HAL_CAN_MspInit                        0x08000be4   Section        0  stm32f1xx_hal_msp.o(i.HAL_CAN_MspInit)
    i.HAL_CAN_RxFifo0FullCallback            0x08000c90   Section        0  stm32f1xx_hal_can.o(i.HAL_CAN_RxFifo0FullCallback)
    i.HAL_CAN_RxFifo0MsgPendingCallback      0x08000c94   Section        0  canbus.o(i.HAL_CAN_RxFifo0MsgPendingCallback)
    i.HAL_CAN_RxFifo1FullCallback            0x08000cd4   Section        0  stm32f1xx_hal_can.o(i.HAL_CAN_RxFifo1FullCallback)
    i.HAL_CAN_RxFifo1MsgPendingCallback      0x08000cd8   Section        0  canbus.o(i.HAL_CAN_RxFifo1MsgPendingCallback)
    i.HAL_CAN_SleepCallback                  0x08000d90   Section        0  stm32f1xx_hal_can.o(i.HAL_CAN_SleepCallback)
    i.HAL_CAN_Start                          0x08000d94   Section        0  stm32f1xx_hal_can.o(i.HAL_CAN_Start)
    i.HAL_CAN_TxMailbox0AbortCallback        0x08000dec   Section        0  stm32f1xx_hal_can.o(i.HAL_CAN_TxMailbox0AbortCallback)
    i.HAL_CAN_TxMailbox0CompleteCallback     0x08000df0   Section        0  canbus.o(i.HAL_CAN_TxMailbox0CompleteCallback)
    i.HAL_CAN_TxMailbox1AbortCallback        0x08000e00   Section        0  stm32f1xx_hal_can.o(i.HAL_CAN_TxMailbox1AbortCallback)
    i.HAL_CAN_TxMailbox1CompleteCallback     0x08000e04   Section        0  canbus.o(i.HAL_CAN_TxMailbox1CompleteCallback)
    i.HAL_CAN_TxMailbox2AbortCallback        0x08000e14   Section        0  stm32f1xx_hal_can.o(i.HAL_CAN_TxMailbox2AbortCallback)
    i.HAL_CAN_TxMailbox2CompleteCallback     0x08000e18   Section        0  canbus.o(i.HAL_CAN_TxMailbox2CompleteCallback)
    i.HAL_CAN_WakeUpFromRxMsgCallback        0x08000e28   Section        0  stm32f1xx_hal_can.o(i.HAL_CAN_WakeUpFromRxMsgCallback)
    i.HAL_Delay                              0x08000e2c   Section        0  stm32f1xx_hal.o(i.HAL_Delay)
    i.HAL_FLASH_Program                      0x08000e50   Section        0  stm32f1xx_hal_flash.o(i.HAL_FLASH_Program)
    i.HAL_FLASH_Unlock                       0x08000ed0   Section        0  stm32f1xx_hal_flash.o(i.HAL_FLASH_Unlock)
    i.HAL_GPIO_Init                          0x08000ef8   Section        0  stm32f1xx_hal_gpio.o(i.HAL_GPIO_Init)
    i.HAL_GPIO_ReadPin                       0x080010d8   Section        0  stm32f1xx_hal_gpio.o(i.HAL_GPIO_ReadPin)
    i.HAL_GPIO_WritePin                      0x080010e2   Section        0  stm32f1xx_hal_gpio.o(i.HAL_GPIO_WritePin)
    i.HAL_GetTick                            0x080010ec   Section        0  stm32f1xx_hal.o(i.HAL_GetTick)
    i.HAL_IWDG_Init                          0x080010f8   Section        0  stm32f1xx_hal_iwdg.o(i.HAL_IWDG_Init)
    i.HAL_IWDG_Refresh                       0x08001152   Section        0  stm32f1xx_hal_iwdg.o(i.HAL_IWDG_Refresh)
    i.HAL_IncTick                            0x08001160   Section        0  stm32f1xx_hal.o(i.HAL_IncTick)
    i.HAL_Init                               0x08001170   Section        0  stm32f1xx_hal.o(i.HAL_Init)
    i.HAL_InitTick                           0x08001194   Section        0  stm32f1xx_hal.o(i.HAL_InitTick)
    i.HAL_MspInit                            0x080011d4   Section        0  stm32f1xx_hal_msp.o(i.HAL_MspInit)
    i.HAL_NVIC_EnableIRQ                     0x08001210   Section        0  stm32f1xx_hal_cortex.o(i.HAL_NVIC_EnableIRQ)
    i.HAL_NVIC_SetPriority                   0x0800122c   Section        0  stm32f1xx_hal_cortex.o(i.HAL_NVIC_SetPriority)
    i.HAL_NVIC_SetPriorityGrouping           0x0800126c   Section        0  stm32f1xx_hal_cortex.o(i.HAL_NVIC_SetPriorityGrouping)
    i.HAL_NVIC_SystemReset                   0x08001290   Section        0  stm32f1xx_hal_cortex.o(i.HAL_NVIC_SystemReset)
    i.HAL_RCC_ClockConfig                    0x080012b4   Section        0  stm32f1xx_hal_rcc.o(i.HAL_RCC_ClockConfig)
    i.HAL_RCC_GetSysClockFreq                0x080013e0   Section        0  stm32f1xx_hal_rcc.o(i.HAL_RCC_GetSysClockFreq)
    i.HAL_RCC_OscConfig                      0x0800144c   Section        0  stm32f1xx_hal_rcc.o(i.HAL_RCC_OscConfig)
    i.HAL_SYSTICK_Config                     0x0800176c   Section        0  stm32f1xx_hal_cortex.o(i.HAL_SYSTICK_Config)
    i.HAL_TIMEx_BreakCallback                0x08001794   Section        0  stm32f1xx_hal_tim_ex.o(i.HAL_TIMEx_BreakCallback)
    i.HAL_TIMEx_CommutCallback               0x08001796   Section        0  stm32f1xx_hal_tim_ex.o(i.HAL_TIMEx_CommutCallback)
    i.HAL_TIMEx_MasterConfigSynchronization  0x08001798   Section        0  stm32f1xx_hal_tim_ex.o(i.HAL_TIMEx_MasterConfigSynchronization)
    i.HAL_TIM_Base_Init                      0x08001800   Section        0  stm32f1xx_hal_tim.o(i.HAL_TIM_Base_Init)
    i.HAL_TIM_Base_MspInit                   0x0800185c   Section        0  stm32f1xx_hal_msp.o(i.HAL_TIM_Base_MspInit)
    i.HAL_TIM_Base_Start_IT                  0x080018e4   Section        0  stm32f1xx_hal_tim.o(i.HAL_TIM_Base_Start_IT)
    i.HAL_TIM_ConfigClockSource              0x0800193c   Section        0  stm32f1xx_hal_tim.o(i.HAL_TIM_ConfigClockSource)
    i.HAL_TIM_IC_CaptureCallback             0x08001a12   Section        0  stm32f1xx_hal_tim.o(i.HAL_TIM_IC_CaptureCallback)
    i.HAL_TIM_IRQHandler                     0x08001a14   Section        0  stm32f1xx_hal_tim.o(i.HAL_TIM_IRQHandler)
    i.HAL_TIM_OC_DelayElapsedCallback        0x08001b7a   Section        0  stm32f1xx_hal_tim.o(i.HAL_TIM_OC_DelayElapsedCallback)
    i.HAL_TIM_PWM_PulseFinishedCallback      0x08001b7c   Section        0  stm32f1xx_hal_tim.o(i.HAL_TIM_PWM_PulseFinishedCallback)
    i.HAL_TIM_PeriodElapsedCallback          0x08001b80   Section        0  interrupt.o(i.HAL_TIM_PeriodElapsedCallback)
    i.HAL_TIM_TriggerCallback                0x08001fdc   Section        0  stm32f1xx_hal_tim.o(i.HAL_TIM_TriggerCallback)
    i.HardFault_Handler                      0x08001fde   Section        0  stm32f1xx_it.o(i.HardFault_Handler)
    i.Init_Can                               0x08001fe0   Section        0  canbus.o(i.Init_Can)
    i.KeyProg                                0x08002148   Section        0  display.o(i.KeyProg)
    i.KeyScan                                0x08002288   Section        0  display.o(i.KeyScan)
    i.MX_CAN_Init                            0x0800235c   Section        0  main.o(i.MX_CAN_Init)
    MX_CAN_Init                              0x0800235d   Thumb Code    56  main.o(i.MX_CAN_Init)
    i.MX_GPIO_Init                           0x0800239c   Section        0  main.o(i.MX_GPIO_Init)
    MX_GPIO_Init                             0x0800239d   Thumb Code   172  main.o(i.MX_GPIO_Init)
    i.MX_TIM2_Init                           0x08002454   Section        0  main.o(i.MX_TIM2_Init)
    MX_TIM2_Init                             0x08002455   Thumb Code    98  main.o(i.MX_TIM2_Init)
    i.MX_TIM3_Init                           0x080024bc   Section        0  main.o(i.MX_TIM3_Init)
    MX_TIM3_Init                             0x080024bd   Thumb Code    94  main.o(i.MX_TIM3_Init)
    i.MX_TIM4_Init                           0x08002524   Section        0  main.o(i.MX_TIM4_Init)
    MX_TIM4_Init                             0x08002525   Thumb Code    94  main.o(i.MX_TIM4_Init)
    i.MemManage_Handler                      0x0800258c   Section        0  stm32f1xx_it.o(i.MemManage_Handler)
    i.NMI_Handler                            0x0800258e   Section        0  stm32f1xx_it.o(i.NMI_Handler)
    i.PendSV_Handler                         0x08002590   Section        0  stm32f1xx_it.o(i.PendSV_Handler)
    i.SPI_SendOneByte                        0x08002594   Section        0  display.o(i.SPI_SendOneByte)
    i.SVC_Handler                            0x080025d0   Section        0  stm32f1xx_it.o(i.SVC_Handler)
    i.SetNodeId                              0x080025d4   Section        0  display.o(i.SetNodeId)
    i.SysTick_Handler                        0x08002718   Section        0  stm32f1xx_it.o(i.SysTick_Handler)
    i.SystemClock_Config                     0x0800271c   Section        0  main.o(i.SystemClock_Config)
    i.SystemInit                             0x08002780   Section        0  system_stm32f1xx.o(i.SystemInit)
    i.TIM2_IRQHandler                        0x08002784   Section        0  stm32f1xx_it.o(i.TIM2_IRQHandler)
    i.TIM3_IRQHandler                        0x08002790   Section        0  stm32f1xx_it.o(i.TIM3_IRQHandler)
    i.TIM4_IRQHandler                        0x0800279c   Section        0  stm32f1xx_it.o(i.TIM4_IRQHandler)
    i.TIM_Base_SetConfig                     0x080027a8   Section        0  stm32f1xx_hal_tim.o(i.TIM_Base_SetConfig)
    i.TIM_ETR_SetConfig                      0x08002814   Section        0  stm32f1xx_hal_tim.o(i.TIM_ETR_SetConfig)
    i.TIM_ITRx_SetConfig                     0x08002828   Section        0  stm32f1xx_hal_tim.o(i.TIM_ITRx_SetConfig)
    TIM_ITRx_SetConfig                       0x08002829   Thumb Code    16  stm32f1xx_hal_tim.o(i.TIM_ITRx_SetConfig)
    i.TIM_TI1_ConfigInputStage               0x08002838   Section        0  stm32f1xx_hal_tim.o(i.TIM_TI1_ConfigInputStage)
    TIM_TI1_ConfigInputStage                 0x08002839   Thumb Code    34  stm32f1xx_hal_tim.o(i.TIM_TI1_ConfigInputStage)
    i.TIM_TI2_ConfigInputStage               0x0800285a   Section        0  stm32f1xx_hal_tim.o(i.TIM_TI2_ConfigInputStage)
    TIM_TI2_ConfigInputStage                 0x0800285b   Thumb Code    36  stm32f1xx_hal_tim.o(i.TIM_TI2_ConfigInputStage)
    i.TestMode                               0x08002880   Section        0  display.o(i.TestMode)
    i.USB_HP_CAN1_TX_IRQHandler              0x080029d8   Section        0  stm32f1xx_it.o(i.USB_HP_CAN1_TX_IRQHandler)
    i.USB_LP_CAN1_RX0_IRQHandler             0x080029e4   Section        0  stm32f1xx_it.o(i.USB_LP_CAN1_RX0_IRQHandler)
    i.UsageFault_Handler                     0x080029f0   Section        0  stm32f1xx_it.o(i.UsageFault_Handler)
    i.__NVIC_SetPriority                     0x080029f2   Section        0  stm32f1xx_hal_cortex.o(i.__NVIC_SetPriority)
    __NVIC_SetPriority                       0x080029f3   Thumb Code    32  stm32f1xx_hal_cortex.o(i.__NVIC_SetPriority)
    i.abort_sdo                              0x08002a14   Section        0  canbus.o(i.abort_sdo)
    i.can_transmit                           0x08002acc   Section        0  canbus.o(i.can_transmit)
    i.check_for_call                         0x08002ba0   Section        0  canbus.o(i.check_for_call)
    i.check_hse                              0x08002bc0   Section        0  main.o(i.check_hse)
    i.init_userpara                          0x08002c74   Section        0  main.o(i.init_userpara)
    i.lss_response                           0x08002d44   Section        0  canbus.o(i.lss_response)
    i.main                                   0x08002da8   Section        0  main.o(i.main)
    i.read_dict                              0x080030b4   Section        0  dict.o(i.read_dict)
    i.read_rx                                0x08003154   Section        0  canbus.o(i.read_rx)
    i.sdo_response                           0x0800387c   Section        0  canbus.o(i.sdo_response)
    i.sdo_segment                            0x08003920   Section        0  canbus.o(i.sdo_segment)
    i.search_dict                            0x080039a0   Section        0  dict.o(i.search_dict)
    i.sent_heartbeat                         0x08003a2c   Section        0  canbus.o(i.sent_heartbeat)
    i.set_io_config                          0x08003a78   Section        0  canbus.o(i.set_io_config)
    i.set_output                             0x08003aec   Section        0  canbus.o(i.set_output)
    i.transmit_error                         0x0800402c   Section        0  canbus.o(i.transmit_error)
    i.transmit_in                            0x080040b4   Section        0  canbus.o(i.transmit_in)
    i.write_dict                             0x0800410c   Section        0  dict.o(i.write_dict)
    .constdata                               0x08004214   Section      294  display.o(.constdata)
    .constdata                               0x0800433a   Section      352  display.o(.constdata)
    .constdata                               0x0800449a   Section        6  version.o(.constdata)
    .constdata                               0x080044a0   Section        6  version.o(.constdata)
    .constdata                               0x080044a6   Section        6  version.o(.constdata)
    .constdata                               0x080044ac   Section        6  version.o(.constdata)
    .constdata                               0x080044b2   Section        6  version.o(.constdata)
    .constdata                               0x080044b8   Section        6  version.o(.constdata)
    .constdata                               0x080044c0   Section      324  dict.o(.constdata)
    .constdata                               0x08004604   Section        4  main.o(.constdata)
    .constdata                               0x08004608   Section       16  system_stm32f1xx.o(.constdata)
    .data                                    0x20000000   Section       12  display.o(.data)
    oldin                                    0x20000000   Data           1  display.o(.data)
    buffer                                   0x20000001   Data           3  display.o(.data)
    .data                                    0x2000000c   Section       50  canbus.o(.data)
    pos                                      0x2000000f   Data           1  canbus.o(.data)
    .data                                    0x2000003e   Section        3  interrupt.o(.data)
    timer_100ms                              0x2000003e   Data           1  interrupt.o(.data)
    count                                    0x2000003f   Data           1  interrupt.o(.data)
    timer_cnt                                0x20000040   Data           1  interrupt.o(.data)
    .data                                    0x20000044   Section       68  main.o(.data)
    .data                                    0x20000088   Section        1  main.o(.data)
    .data                                    0x20000089   Section        1  main.o(.data)
    .data                                    0x2000008a   Section        1  main.o(.data)
    .data                                    0x2000008b   Section        1  main.o(.data)
    .data                                    0x2000008c   Section        1  main.o(.data)
    .data                                    0x2000008d   Section        1  main.o(.data)
    .data                                    0x2000008e   Section        1  main.o(.data)
    .data                                    0x2000008f   Section        1  main.o(.data)
    .data                                    0x20000090   Section        1  main.o(.data)
    .data                                    0x20000091   Section        1  main.o(.data)
    .data                                    0x20000092   Section        1  main.o(.data)
    .data                                    0x20000093   Section        1  main.o(.data)
    .data                                    0x20000094   Section        1  main.o(.data)
    .data                                    0x20000095   Section        1  main.o(.data)
    .data                                    0x20000096   Section        1  main.o(.data)
    .data                                    0x20000097   Section        1  main.o(.data)
    .data                                    0x20000098   Section        2  main.o(.data)
    .data                                    0x2000009a   Section        2  main.o(.data)
    .data                                    0x2000009c   Section        1  main.o(.data)
    .data                                    0x2000009d   Section        1  main.o(.data)
    .data                                    0x2000009e   Section        4  main.o(.data)
    .data                                    0x200000a2   Section        8  main.o(.data)
    .data                                    0x200000aa   Section        1  main.o(.data)
    .data                                    0x200000ac   Section       12  stm32f1xx_hal.o(.data)
    .data                                    0x200000b8   Section        4  system_stm32f1xx.o(.data)
    .bss                                     0x200000bc   Section      656  canbus.o(.bss)
    .bss                                     0x2000034c   Section      388  main.o(.bss)
    .bss                                     0x200004d0   Section       32  stm32f1xx_hal_flash.o(.bss)
    .bss                                     0x200004f0   Section       96  libspace.o(.bss)
    HEAP                                     0x20000550   Section      512  startup_stm32f103xb.o(HEAP)
    Heap_Mem                                 0x20000550   Data         512  startup_stm32f103xb.o(HEAP)
    STACK                                    0x20000750   Section     1024  startup_stm32f103xb.o(STACK)
    Stack_Mem                                0x20000750   Data        1024  startup_stm32f103xb.o(STACK)
    __initial_sp                             0x20000b50   Data           0  startup_stm32f103xb.o(STACK)

    Global Symbols

    Symbol Name                              Value     Ov Type        Size  Object(Section)

    BuildAttributes$$THM_ISAv4$P$D$K$B$S$PE$A:L22UL41UL21$X:L11$S22US41US21$IEEE1$IW$USESV6$~STKCKD$USESV7$~SHL$OSPACE$ROPI$EBA8$UX$STANDARDLIB$REQ8$PRES8$EABIv2 0x00000000   Number         0  anon$$obj.o ABSOLUTE
    __ARM_use_no_argv                        0x00000000   Number         0  main.o ABSOLUTE
    __ARM_exceptions_init                     - Undefined Weak Reference
    __alloca_initialize                       - Undefined Weak Reference
    __arm_fini_                               - Undefined Weak Reference
    __arm_preinit_                            - Undefined Weak Reference
    __cpp_initialize__aeabi_                  - Undefined Weak Reference
    __cxa_finalize                            - Undefined Weak Reference
    __rt_locale                               - Undefined Weak Reference
    __sigvec_lookup                           - Undefined Weak Reference
    _atexit_init                              - Undefined Weak Reference
    _call_atexit_fns                          - Undefined Weak Reference
    _clock_init                               - Undefined Weak Reference
    _fp_trap_init                             - Undefined Weak Reference
    _fp_trap_shutdown                         - Undefined Weak Reference
    _get_lc_collate                           - Undefined Weak Reference
    _get_lc_ctype                             - Undefined Weak Reference
    _get_lc_monetary                          - Undefined Weak Reference
    _get_lc_numeric                           - Undefined Weak Reference
    _get_lc_time                              - Undefined Weak Reference
    _getenv_init                              - Undefined Weak Reference
    _handle_redirection                       - Undefined Weak Reference
    _init_alloc                               - Undefined Weak Reference
    _init_user_alloc                          - Undefined Weak Reference
    _initio                                   - Undefined Weak Reference
    _printf_post_padding                      - Undefined Weak Reference
    _printf_pre_padding                       - Undefined Weak Reference
    _printf_truncate_signed                   - Undefined Weak Reference
    _printf_truncate_unsigned                 - Undefined Weak Reference
    _rand_init                                - Undefined Weak Reference
    _signal_finish                            - Undefined Weak Reference
    _signal_init                              - Undefined Weak Reference
    _terminate_alloc                          - Undefined Weak Reference
    _terminate_user_alloc                     - Undefined Weak Reference
    _terminateio                              - Undefined Weak Reference
    __Vectors_Size                           0x000000ec   Number         0  startup_stm32f103xb.o ABSOLUTE
    __Vectors                                0x08000000   Data           4  startup_stm32f103xb.o(RESET)
    __Vectors_End                            0x080000ec   Data           0  startup_stm32f103xb.o(RESET)
    __main                                   0x080000ed   Thumb Code     8  __main.o(!!!main)
    __scatterload                            0x080000f5   Thumb Code     0  __scatter.o(!!!scatter)
    __scatterload_rt2                        0x080000f5   Thumb Code    44  __scatter.o(!!!scatter)
    __scatterload_rt2_thumb_only             0x080000f5   Thumb Code     0  __scatter.o(!!!scatter)
    __scatterload_null                       0x08000103   Thumb Code     0  __scatter.o(!!!scatter)
    __scatterload_copy                       0x08000129   Thumb Code    26  __scatter_copy.o(!!handler_copy)
    __scatterload_zeroinit                   0x08000145   Thumb Code    28  __scatter_zi.o(!!handler_zi)
    __rt_lib_init                            0x08000161   Thumb Code     0  libinit.o(.ARM.Collect$$libinit$$00000000)
    __rt_lib_init_alloca_1                   0x08000163   Thumb Code     0  libinit2.o(.ARM.Collect$$libinit$$0000002E)
    __rt_lib_init_argv_1                     0x08000163   Thumb Code     0  libinit2.o(.ARM.Collect$$libinit$$0000002C)
    __rt_lib_init_atexit_1                   0x08000163   Thumb Code     0  libinit2.o(.ARM.Collect$$libinit$$0000001B)
    __rt_lib_init_clock_1                    0x08000163   Thumb Code     0  libinit2.o(.ARM.Collect$$libinit$$00000021)
    __rt_lib_init_cpp_1                      0x08000163   Thumb Code     0  libinit2.o(.ARM.Collect$$libinit$$00000032)
    __rt_lib_init_exceptions_1               0x08000163   Thumb Code     0  libinit2.o(.ARM.Collect$$libinit$$00000030)
    __rt_lib_init_fp_1                       0x08000163   Thumb Code     0  libinit2.o(.ARM.Collect$$libinit$$00000002)
    __rt_lib_init_fp_trap_1                  0x08000163   Thumb Code     0  libinit2.o(.ARM.Collect$$libinit$$0000001F)
    __rt_lib_init_getenv_1                   0x08000163   Thumb Code     0  libinit2.o(.ARM.Collect$$libinit$$00000023)
    __rt_lib_init_heap_1                     0x08000163   Thumb Code     0  libinit2.o(.ARM.Collect$$libinit$$0000000A)
    __rt_lib_init_lc_collate_1               0x08000163   Thumb Code     0  libinit2.o(.ARM.Collect$$libinit$$00000011)
    __rt_lib_init_lc_ctype_1                 0x08000163   Thumb Code     0  libinit2.o(.ARM.Collect$$libinit$$00000013)
    __rt_lib_init_lc_monetary_1              0x08000163   Thumb Code     0  libinit2.o(.ARM.Collect$$libinit$$00000015)
    __rt_lib_init_lc_numeric_1               0x08000163   Thumb Code     0  libinit2.o(.ARM.Collect$$libinit$$00000017)
    __rt_lib_init_lc_time_1                  0x08000163   Thumb Code     0  libinit2.o(.ARM.Collect$$libinit$$00000019)
    __rt_lib_init_preinit_1                  0x08000163   Thumb Code     0  libinit2.o(.ARM.Collect$$libinit$$00000004)
    __rt_lib_init_rand_1                     0x08000163   Thumb Code     0  libinit2.o(.ARM.Collect$$libinit$$0000000E)
    __rt_lib_init_return                     0x08000163   Thumb Code     0  libinit2.o(.ARM.Collect$$libinit$$00000033)
    __rt_lib_init_signal_1                   0x08000163   Thumb Code     0  libinit2.o(.ARM.Collect$$libinit$$0000001D)
    __rt_lib_init_stdio_1                    0x08000163   Thumb Code     0  libinit2.o(.ARM.Collect$$libinit$$00000025)
    __rt_lib_init_user_alloc_1               0x08000163   Thumb Code     0  libinit2.o(.ARM.Collect$$libinit$$0000000C)
    __rt_lib_shutdown                        0x08000165   Thumb Code     0  libshutdown.o(.ARM.Collect$$libshutdown$$00000000)
    __rt_lib_shutdown_cpp_1                  0x08000167   Thumb Code     0  libshutdown2.o(.ARM.Collect$$libshutdown$$00000004)
    __rt_lib_shutdown_fini_1                 0x08000167   Thumb Code     0  libshutdown2.o(.ARM.Collect$$libshutdown$$00000002)
    __rt_lib_shutdown_fp_trap_1              0x08000167   Thumb Code     0  libshutdown2.o(.ARM.Collect$$libshutdown$$00000009)
    __rt_lib_shutdown_heap_1                 0x08000167   Thumb Code     0  libshutdown2.o(.ARM.Collect$$libshutdown$$00000011)
    __rt_lib_shutdown_return                 0x08000167   Thumb Code     0  libshutdown2.o(.ARM.Collect$$libshutdown$$00000012)
    __rt_lib_shutdown_signal_1               0x08000167   Thumb Code     0  libshutdown2.o(.ARM.Collect$$libshutdown$$0000000C)
    __rt_lib_shutdown_stdio_1                0x08000167   Thumb Code     0  libshutdown2.o(.ARM.Collect$$libshutdown$$00000006)
    __rt_lib_shutdown_user_alloc_1           0x08000167   Thumb Code     0  libshutdown2.o(.ARM.Collect$$libshutdown$$0000000E)
    __rt_entry                               0x08000169   Thumb Code     0  __rtentry.o(.ARM.Collect$$rtentry$$00000000)
    __rt_entry_presh_1                       0x08000169   Thumb Code     0  __rtentry2.o(.ARM.Collect$$rtentry$$00000002)
    __rt_entry_sh                            0x08000169   Thumb Code     0  __rtentry4.o(.ARM.Collect$$rtentry$$00000004)
    __rt_entry_li                            0x0800016f   Thumb Code     0  __rtentry2.o(.ARM.Collect$$rtentry$$0000000A)
    __rt_entry_postsh_1                      0x0800016f   Thumb Code     0  __rtentry2.o(.ARM.Collect$$rtentry$$00000009)
    __rt_entry_main                          0x08000173   Thumb Code     0  __rtentry2.o(.ARM.Collect$$rtentry$$0000000D)
    __rt_entry_postli_1                      0x08000173   Thumb Code     0  __rtentry2.o(.ARM.Collect$$rtentry$$0000000C)
    __rt_exit                                0x0800017b   Thumb Code     0  rtexit.o(.ARM.Collect$$rtexit$$00000000)
    __rt_exit_ls                             0x0800017d   Thumb Code     0  rtexit2.o(.ARM.Collect$$rtexit$$00000003)
    __rt_exit_prels_1                        0x0800017d   Thumb Code     0  rtexit2.o(.ARM.Collect$$rtexit$$00000002)
    __rt_exit_exit                           0x08000181   Thumb Code     0  rtexit2.o(.ARM.Collect$$rtexit$$00000004)
    Reset_Handler                            0x08000189   Thumb Code     8  startup_stm32f103xb.o(.text)
    ADC1_2_IRQHandler                        0x080001a3   Thumb Code     0  startup_stm32f103xb.o(.text)
    DMA1_Channel1_IRQHandler                 0x080001a3   Thumb Code     0  startup_stm32f103xb.o(.text)
    DMA1_Channel2_IRQHandler                 0x080001a3   Thumb Code     0  startup_stm32f103xb.o(.text)
    DMA1_Channel3_IRQHandler                 0x080001a3   Thumb Code     0  startup_stm32f103xb.o(.text)
    DMA1_Channel4_IRQHandler                 0x080001a3   Thumb Code     0  startup_stm32f103xb.o(.text)
    DMA1_Channel5_IRQHandler                 0x080001a3   Thumb Code     0  startup_stm32f103xb.o(.text)
    DMA1_Channel6_IRQHandler                 0x080001a3   Thumb Code     0  startup_stm32f103xb.o(.text)
    DMA1_Channel7_IRQHandler                 0x080001a3   Thumb Code     0  startup_stm32f103xb.o(.text)
    EXTI0_IRQHandler                         0x080001a3   Thumb Code     0  startup_stm32f103xb.o(.text)
    EXTI15_10_IRQHandler                     0x080001a3   Thumb Code     0  startup_stm32f103xb.o(.text)
    EXTI1_IRQHandler                         0x080001a3   Thumb Code     0  startup_stm32f103xb.o(.text)
    EXTI2_IRQHandler                         0x080001a3   Thumb Code     0  startup_stm32f103xb.o(.text)
    EXTI3_IRQHandler                         0x080001a3   Thumb Code     0  startup_stm32f103xb.o(.text)
    EXTI4_IRQHandler                         0x080001a3   Thumb Code     0  startup_stm32f103xb.o(.text)
    EXTI9_5_IRQHandler                       0x080001a3   Thumb Code     0  startup_stm32f103xb.o(.text)
    FLASH_IRQHandler                         0x080001a3   Thumb Code     0  startup_stm32f103xb.o(.text)
    I2C1_ER_IRQHandler                       0x080001a3   Thumb Code     0  startup_stm32f103xb.o(.text)
    I2C1_EV_IRQHandler                       0x080001a3   Thumb Code     0  startup_stm32f103xb.o(.text)
    I2C2_ER_IRQHandler                       0x080001a3   Thumb Code     0  startup_stm32f103xb.o(.text)
    I2C2_EV_IRQHandler                       0x080001a3   Thumb Code     0  startup_stm32f103xb.o(.text)
    PVD_IRQHandler                           0x080001a3   Thumb Code     0  startup_stm32f103xb.o(.text)
    RCC_IRQHandler                           0x080001a3   Thumb Code     0  startup_stm32f103xb.o(.text)
    RTC_Alarm_IRQHandler                     0x080001a3   Thumb Code     0  startup_stm32f103xb.o(.text)
    RTC_IRQHandler                           0x080001a3   Thumb Code     0  startup_stm32f103xb.o(.text)
    SPI1_IRQHandler                          0x080001a3   Thumb Code     0  startup_stm32f103xb.o(.text)
    SPI2_IRQHandler                          0x080001a3   Thumb Code     0  startup_stm32f103xb.o(.text)
    TAMPER_IRQHandler                        0x080001a3   Thumb Code     0  startup_stm32f103xb.o(.text)
    TIM1_BRK_IRQHandler                      0x080001a3   Thumb Code     0  startup_stm32f103xb.o(.text)
    TIM1_CC_IRQHandler                       0x080001a3   Thumb Code     0  startup_stm32f103xb.o(.text)
    TIM1_TRG_COM_IRQHandler                  0x080001a3   Thumb Code     0  startup_stm32f103xb.o(.text)
    TIM1_UP_IRQHandler                       0x080001a3   Thumb Code     0  startup_stm32f103xb.o(.text)
    USART1_IRQHandler                        0x080001a3   Thumb Code     0  startup_stm32f103xb.o(.text)
    USART2_IRQHandler                        0x080001a3   Thumb Code     0  startup_stm32f103xb.o(.text)
    USART3_IRQHandler                        0x080001a3   Thumb Code     0  startup_stm32f103xb.o(.text)
    USBWakeUp_IRQHandler                     0x080001a3   Thumb Code     0  startup_stm32f103xb.o(.text)
    WWDG_IRQHandler                          0x080001a3   Thumb Code     0  startup_stm32f103xb.o(.text)
    __user_initial_stackheap                 0x080001a5   Thumb Code     0  startup_stm32f103xb.o(.text)
    __aeabi_llsr                             0x080001c9   Thumb Code     0  llushr.o(.text)
    _ll_ushift_r                             0x080001c9   Thumb Code    38  llushr.o(.text)
    __aeabi_memcpy                           0x080001ef   Thumb Code     0  rt_memcpy_v6.o(.text)
    __rt_memcpy                              0x080001ef   Thumb Code   138  rt_memcpy_v6.o(.text)
    _memcpy_lastbytes                        0x08000255   Thumb Code     0  rt_memcpy_v6.o(.text)
    __aeabi_memclr4                          0x08000279   Thumb Code     0  rt_memclr_w.o(.text)
    __aeabi_memclr8                          0x08000279   Thumb Code     0  rt_memclr_w.o(.text)
    __rt_memclr_w                            0x08000279   Thumb Code    78  rt_memclr_w.o(.text)
    _memset_w                                0x0800027d   Thumb Code     0  rt_memclr_w.o(.text)
    __use_two_region_memory                  0x080002c7   Thumb Code     2  heapauxi.o(.text)
    __rt_heap_escrow$2region                 0x080002c9   Thumb Code     2  heapauxi.o(.text)
    __rt_heap_expand$2region                 0x080002cb   Thumb Code     2  heapauxi.o(.text)
    __aeabi_memcpy4                          0x080002cd   Thumb Code     0  rt_memcpy_w.o(.text)
    __aeabi_memcpy8                          0x080002cd   Thumb Code     0  rt_memcpy_w.o(.text)
    __rt_memcpy_w                            0x080002cd   Thumb Code   100  rt_memcpy_w.o(.text)
    _memcpy_lastbytes_aligned                0x08000315   Thumb Code     0  rt_memcpy_w.o(.text)
    __user_setup_stackheap                   0x08000331   Thumb Code    74  sys_stackheap_outer.o(.text)
    exit                                     0x0800037b   Thumb Code    18  exit.o(.text)
    __user_libspace                          0x0800038d   Thumb Code     8  libspace.o(.text)
    __user_perproc_libspace                  0x0800038d   Thumb Code     0  libspace.o(.text)
    __user_perthread_libspace                0x0800038d   Thumb Code     0  libspace.o(.text)
    _sys_exit                                0x08000395   Thumb Code     8  sys_exit.o(.text)
    __I$use$semihosting                      0x080003a1   Thumb Code     0  use_no_semi.o(.text)
    __use_no_semihosting_swi                 0x080003a1   Thumb Code     2  use_no_semi.o(.text)
    BusFault_Handler                         0x080003a3   Thumb Code     2  stm32f1xx_it.o(i.BusFault_Handler)
    __semihosting_library_function           0x080003a3   Thumb Code     0  indicate_semi.o(.text)
    CAN1_RX1_IRQHandler                      0x080003a5   Thumb Code     6  stm32f1xx_it.o(i.CAN1_RX1_IRQHandler)
    CAN1_SCE_IRQHandler                      0x080003b1   Thumb Code     6  stm32f1xx_it.o(i.CAN1_SCE_IRQHandler)
    CAN_transmit_Interrupt                   0x080003bd   Thumb Code   142  canbus.o(i.CAN_transmit_Interrupt)
    DebugMon_Handler                         0x08000459   Thumb Code     2  stm32f1xx_it.o(i.DebugMon_Handler)
    Error_Handler                            0x0800045b   Thumb Code     4  main.o(i.Error_Handler)
    FLASH_WaitForLastOperation               0x080004d9   Thumb Code    80  stm32f1xx_hal_flash.o(i.FLASH_WaitForLastOperation)
    Flash_Erase                              0x0800052d   Thumb Code    50  flash.o(i.Flash_Erase)
    Flash_Read_Bytes                         0x08000565   Thumb Code    22  flash.o(i.Flash_Read_Bytes)
    Flash_Write_Bytes                        0x0800057d   Thumb Code    80  flash.o(i.Flash_Write_Bytes)
    HAL_CAN_ActivateNotification             0x080005d1   Thumb Code    36  stm32f1xx_hal_can.o(i.HAL_CAN_ActivateNotification)
    HAL_CAN_AddTxMessage                     0x080005f5   Thumb Code   220  stm32f1xx_hal_can.o(i.HAL_CAN_AddTxMessage)
    HAL_CAN_ConfigFilter                     0x080006d1   Thumb Code   238  stm32f1xx_hal_can.o(i.HAL_CAN_ConfigFilter)
    HAL_CAN_DeactivateNotification           0x080007bf   Thumb Code    36  stm32f1xx_hal_can.o(i.HAL_CAN_DeactivateNotification)
    HAL_CAN_ErrorCallback                    0x080007e3   Thumb Code     2  stm32f1xx_hal_can.o(i.HAL_CAN_ErrorCallback)
    HAL_CAN_GetRxMessage                     0x080007e5   Thumb Code   232  stm32f1xx_hal_can.o(i.HAL_CAN_GetRxMessage)
    HAL_CAN_IRQHandler                       0x080008cd   Thumb Code   508  stm32f1xx_hal_can.o(i.HAL_CAN_IRQHandler)
    HAL_CAN_Init                             0x08000ac9   Thumb Code   282  stm32f1xx_hal_can.o(i.HAL_CAN_Init)
    HAL_CAN_MspInit                          0x08000be5   Thumb Code   160  stm32f1xx_hal_msp.o(i.HAL_CAN_MspInit)
    HAL_CAN_RxFifo0FullCallback              0x08000c91   Thumb Code     2  stm32f1xx_hal_can.o(i.HAL_CAN_RxFifo0FullCallback)
    HAL_CAN_RxFifo0MsgPendingCallback        0x08000c95   Thumb Code    48  canbus.o(i.HAL_CAN_RxFifo0MsgPendingCallback)
    HAL_CAN_RxFifo1FullCallback              0x08000cd5   Thumb Code     2  stm32f1xx_hal_can.o(i.HAL_CAN_RxFifo1FullCallback)
    HAL_CAN_RxFifo1MsgPendingCallback        0x08000cd9   Thumb Code   164  canbus.o(i.HAL_CAN_RxFifo1MsgPendingCallback)
    HAL_CAN_SleepCallback                    0x08000d91   Thumb Code     2  stm32f1xx_hal_can.o(i.HAL_CAN_SleepCallback)
    HAL_CAN_Start                            0x08000d95   Thumb Code    88  stm32f1xx_hal_can.o(i.HAL_CAN_Start)
    HAL_CAN_TxMailbox0AbortCallback          0x08000ded   Thumb Code     2  stm32f1xx_hal_can.o(i.HAL_CAN_TxMailbox0AbortCallback)
    HAL_CAN_TxMailbox0CompleteCallback       0x08000df1   Thumb Code    12  canbus.o(i.HAL_CAN_TxMailbox0CompleteCallback)
    HAL_CAN_TxMailbox1AbortCallback          0x08000e01   Thumb Code     2  stm32f1xx_hal_can.o(i.HAL_CAN_TxMailbox1AbortCallback)
    HAL_CAN_TxMailbox1CompleteCallback       0x08000e05   Thumb Code    12  canbus.o(i.HAL_CAN_TxMailbox1CompleteCallback)
    HAL_CAN_TxMailbox2AbortCallback          0x08000e15   Thumb Code     2  stm32f1xx_hal_can.o(i.HAL_CAN_TxMailbox2AbortCallback)
    HAL_CAN_TxMailbox2CompleteCallback       0x08000e19   Thumb Code    12  canbus.o(i.HAL_CAN_TxMailbox2CompleteCallback)
    HAL_CAN_WakeUpFromRxMsgCallback          0x08000e29   Thumb Code     2  stm32f1xx_hal_can.o(i.HAL_CAN_WakeUpFromRxMsgCallback)
    HAL_Delay                                0x08000e2d   Thumb Code    32  stm32f1xx_hal.o(i.HAL_Delay)
    HAL_FLASH_Program                        0x08000e51   Thumb Code   120  stm32f1xx_hal_flash.o(i.HAL_FLASH_Program)
    HAL_FLASH_Unlock                         0x08000ed1   Thumb Code    28  stm32f1xx_hal_flash.o(i.HAL_FLASH_Unlock)
    HAL_GPIO_Init                            0x08000ef9   Thumb Code   446  stm32f1xx_hal_gpio.o(i.HAL_GPIO_Init)
    HAL_GPIO_ReadPin                         0x080010d9   Thumb Code    10  stm32f1xx_hal_gpio.o(i.HAL_GPIO_ReadPin)
    HAL_GPIO_WritePin                        0x080010e3   Thumb Code    10  stm32f1xx_hal_gpio.o(i.HAL_GPIO_WritePin)
    HAL_GetTick                              0x080010ed   Thumb Code     6  stm32f1xx_hal.o(i.HAL_GetTick)
    HAL_IWDG_Init                            0x080010f9   Thumb Code    90  stm32f1xx_hal_iwdg.o(i.HAL_IWDG_Init)
    HAL_IWDG_Refresh                         0x08001153   Thumb Code    12  stm32f1xx_hal_iwdg.o(i.HAL_IWDG_Refresh)
    HAL_IncTick                              0x08001161   Thumb Code    12  stm32f1xx_hal.o(i.HAL_IncTick)
    HAL_Init                                 0x08001171   Thumb Code    32  stm32f1xx_hal.o(i.HAL_Init)
    HAL_InitTick                             0x08001195   Thumb Code    54  stm32f1xx_hal.o(i.HAL_InitTick)
    HAL_MspInit                              0x080011d5   Thumb Code    52  stm32f1xx_hal_msp.o(i.HAL_MspInit)
    HAL_NVIC_EnableIRQ                       0x08001211   Thumb Code    26  stm32f1xx_hal_cortex.o(i.HAL_NVIC_EnableIRQ)
    HAL_NVIC_SetPriority                     0x0800122d   Thumb Code    60  stm32f1xx_hal_cortex.o(i.HAL_NVIC_SetPriority)
    HAL_NVIC_SetPriorityGrouping             0x0800126d   Thumb Code    26  stm32f1xx_hal_cortex.o(i.HAL_NVIC_SetPriorityGrouping)
    HAL_NVIC_SystemReset                     0x08001291   Thumb Code    26  stm32f1xx_hal_cortex.o(i.HAL_NVIC_SystemReset)
    HAL_RCC_ClockConfig                      0x080012b5   Thumb Code   280  stm32f1xx_hal_rcc.o(i.HAL_RCC_ClockConfig)
    HAL_RCC_GetSysClockFreq                  0x080013e1   Thumb Code    74  stm32f1xx_hal_rcc.o(i.HAL_RCC_GetSysClockFreq)
    HAL_RCC_OscConfig                        0x0800144d   Thumb Code   778  stm32f1xx_hal_rcc.o(i.HAL_RCC_OscConfig)
    HAL_SYSTICK_Config                       0x0800176d   Thumb Code    40  stm32f1xx_hal_cortex.o(i.HAL_SYSTICK_Config)
    HAL_TIMEx_BreakCallback                  0x08001795   Thumb Code     2  stm32f1xx_hal_tim_ex.o(i.HAL_TIMEx_BreakCallback)
    HAL_TIMEx_CommutCallback                 0x08001797   Thumb Code     2  stm32f1xx_hal_tim_ex.o(i.HAL_TIMEx_CommutCallback)
    HAL_TIMEx_MasterConfigSynchronization    0x08001799   Thumb Code    92  stm32f1xx_hal_tim_ex.o(i.HAL_TIMEx_MasterConfigSynchronization)
    HAL_TIM_Base_Init                        0x08001801   Thumb Code    90  stm32f1xx_hal_tim.o(i.HAL_TIM_Base_Init)
    HAL_TIM_Base_MspInit                     0x0800185d   Thumb Code   122  stm32f1xx_hal_msp.o(i.HAL_TIM_Base_MspInit)
    HAL_TIM_Base_Start_IT                    0x080018e5   Thumb Code    76  stm32f1xx_hal_tim.o(i.HAL_TIM_Base_Start_IT)
    HAL_TIM_ConfigClockSource                0x0800193d   Thumb Code   214  stm32f1xx_hal_tim.o(i.HAL_TIM_ConfigClockSource)
    HAL_TIM_IC_CaptureCallback               0x08001a13   Thumb Code     2  stm32f1xx_hal_tim.o(i.HAL_TIM_IC_CaptureCallback)
    HAL_TIM_IRQHandler                       0x08001a15   Thumb Code   358  stm32f1xx_hal_tim.o(i.HAL_TIM_IRQHandler)
    HAL_TIM_OC_DelayElapsedCallback          0x08001b7b   Thumb Code     2  stm32f1xx_hal_tim.o(i.HAL_TIM_OC_DelayElapsedCallback)
    HAL_TIM_PWM_PulseFinishedCallback        0x08001b7d   Thumb Code     2  stm32f1xx_hal_tim.o(i.HAL_TIM_PWM_PulseFinishedCallback)
    HAL_TIM_PeriodElapsedCallback            0x08001b81   Thumb Code   944  interrupt.o(i.HAL_TIM_PeriodElapsedCallback)
    HAL_TIM_TriggerCallback                  0x08001fdd   Thumb Code     2  stm32f1xx_hal_tim.o(i.HAL_TIM_TriggerCallback)
    HardFault_Handler                        0x08001fdf   Thumb Code     2  stm32f1xx_it.o(i.HardFault_Handler)
    Init_Can                                 0x08001fe1   Thumb Code   338  canbus.o(i.Init_Can)
    KeyProg                                  0x08002149   Thumb Code   270  display.o(i.KeyProg)
    KeyScan                                  0x08002289   Thumb Code   186  display.o(i.KeyScan)
    MemManage_Handler                        0x0800258d   Thumb Code     2  stm32f1xx_it.o(i.MemManage_Handler)
    NMI_Handler                              0x0800258f   Thumb Code     2  stm32f1xx_it.o(i.NMI_Handler)
    PendSV_Handler                           0x08002591   Thumb Code     2  stm32f1xx_it.o(i.PendSV_Handler)
    SPI_SendOneByte                          0x08002595   Thumb Code    54  display.o(i.SPI_SendOneByte)
    SVC_Handler                              0x080025d1   Thumb Code     2  stm32f1xx_it.o(i.SVC_Handler)
    SetNodeId                                0x080025d5   Thumb Code   286  display.o(i.SetNodeId)
    SysTick_Handler                          0x08002719   Thumb Code     4  stm32f1xx_it.o(i.SysTick_Handler)
    SystemClock_Config                       0x0800271d   Thumb Code   100  main.o(i.SystemClock_Config)
    SystemInit                               0x08002781   Thumb Code     2  system_stm32f1xx.o(i.SystemInit)
    TIM2_IRQHandler                          0x08002785   Thumb Code     6  stm32f1xx_it.o(i.TIM2_IRQHandler)
    TIM3_IRQHandler                          0x08002791   Thumb Code     6  stm32f1xx_it.o(i.TIM3_IRQHandler)
    TIM4_IRQHandler                          0x0800279d   Thumb Code     6  stm32f1xx_it.o(i.TIM4_IRQHandler)
    TIM_Base_SetConfig                       0x080027a9   Thumb Code    94  stm32f1xx_hal_tim.o(i.TIM_Base_SetConfig)
    TIM_ETR_SetConfig                        0x08002815   Thumb Code    20  stm32f1xx_hal_tim.o(i.TIM_ETR_SetConfig)
    TestMode                                 0x08002881   Thumb Code   304  display.o(i.TestMode)
    USB_HP_CAN1_TX_IRQHandler                0x080029d9   Thumb Code     6  stm32f1xx_it.o(i.USB_HP_CAN1_TX_IRQHandler)
    USB_LP_CAN1_RX0_IRQHandler               0x080029e5   Thumb Code     6  stm32f1xx_it.o(i.USB_LP_CAN1_RX0_IRQHandler)
    UsageFault_Handler                       0x080029f1   Thumb Code     2  stm32f1xx_it.o(i.UsageFault_Handler)
    abort_sdo                                0x08002a15   Thumb Code   162  canbus.o(i.abort_sdo)
    can_transmit                             0x08002acd   Thumb Code   190  canbus.o(i.can_transmit)
    check_for_call                           0x08002ba1   Thumb Code    32  canbus.o(i.check_for_call)
    check_hse                                0x08002bc1   Thumb Code   166  main.o(i.check_hse)
    init_userpara                            0x08002c75   Thumb Code   190  main.o(i.init_userpara)
    lss_response                             0x08002d45   Thumb Code    92  canbus.o(i.lss_response)
    main                                     0x08002da9   Thumb Code   746  main.o(i.main)
    read_dict                                0x080030b5   Thumb Code   156  dict.o(i.read_dict)
    read_rx                                  0x08003155   Thumb Code  1774  canbus.o(i.read_rx)
    sdo_response                             0x0800387d   Thumb Code   150  canbus.o(i.sdo_response)
    sdo_segment                              0x08003921   Thumb Code   114  canbus.o(i.sdo_segment)
    search_dict                              0x080039a1   Thumb Code   124  dict.o(i.search_dict)
    sent_heartbeat                           0x08003a2d   Thumb Code    58  canbus.o(i.sent_heartbeat)
    set_io_config                            0x08003a79   Thumb Code   108  canbus.o(i.set_io_config)
    set_output                               0x08003aed   Thumb Code  1322  canbus.o(i.set_output)
    transmit_error                           0x0800402d   Thumb Code   116  canbus.o(i.transmit_error)
    transmit_in                              0x080040b5   Thumb Code    76  canbus.o(i.transmit_in)
    write_dict                               0x0800410d   Thumb Code   240  dict.o(i.write_dict)
    tDisp_FloorAscii                         0x08004214   Data          37  display.o(.constdata)
    tFloor_Tab                               0x0800423a   Data         256  display.o(.constdata)
    sign                                     0x0800433a   Data         352  display.o(.constdata)
    version_uea_G741                         0x0800449a   Data           6  version.o(.constdata)
    version_uea_G742                         0x080044a0   Data           6  version.o(.constdata)
    hardware_uea_G741                        0x080044a6   Data           6  version.o(.constdata)
    device_name_G741                         0x080044ac   Data           6  version.o(.constdata)
    hardware_uea_G742                        0x080044b2   Data           6  version.o(.constdata)
    device_name_G742                         0x080044b8   Data           6  version.o(.constdata)
    dict                                     0x080044c0   Data         324  dict.o(.constdata)
    tKeyCode                                 0x08004604   Data           4  main.o(.constdata)
    AHBPrescTable                            0x08004608   Data          16  system_stm32f1xx.o(.constdata)
    Region$$Table$$Base                      0x08004618   Number         0  anon$$obj.o(Region$$Table)
    Region$$Table$$Limit                     0x08004638   Number         0  anon$$obj.o(Region$$Table)
    display                                  0x20000004   Data           4  display.o(.data)
    showNodeId                               0x20000008   Data           4  display.o(.data)
    fire_alarm                               0x2000000c   Data           1  canbus.o(.data)
    fire_evacuation                          0x2000000d   Data           1  canbus.o(.data)
    fire_state                               0x2000000e   Data           1  canbus.o(.data)
    rc                                       0x20000010   Data           1  canbus.o(.data)
    tc                                       0x20000011   Data           1  canbus.o(.data)
    ro                                       0x20000012   Data           1  canbus.o(.data)
    ri                                       0x20000013   Data           1  canbus.o(.data)
    to                                       0x20000014   Data           1  canbus.o(.data)
    ti                                       0x20000015   Data           1  canbus.o(.data)
    txmallbox                                0x20000016   Data           2  canbus.o(.data)
    txmallbox_request                        0x20000018   Data           2  canbus.o(.data)
    pTxMailbox                               0x2000001c   Data           4  canbus.o(.data)
    mallbox                                  0x20000020   Data           6  canbus.o(.data)
    Can1RxData                               0x20000026   Data           8  canbus.o(.data)
    CanRxData                                0x2000002e   Data           8  canbus.o(.data)
    CanTxData_t                              0x20000036   Data           8  canbus.o(.data)
    node_id                                  0x20000044   Data           1  main.o(.data)
    disp_lift                                0x20000045   Data           1  main.o(.data)
    preset_node_id                           0x20000046   Data           1  main.o(.data)
    sdo_timer                                0x20000047   Data           1  main.o(.data)
    errorregister                            0x20000048   Data           1  main.o(.data)
    landingcallfloor                         0x20000049   Data           1  main.o(.data)
    arrowtype                                0x2000004a   Data           1  main.o(.data)
    arrowflash                               0x2000004b   Data           1  main.o(.data)
    flashcontent                             0x2000004c   Data           1  main.o(.data)
    mSwitch_code                             0x2000004d   Data           1  main.o(.data)
    hsecheck                                 0x2000004e   Data           1  main.o(.data)
    hse_heartbeat                            0x2000004f   Data           1  main.o(.data)
    can_inittime                             0x20000050   Data           1  main.o(.data)
    display_scantimer                        0x20000051   Data           1  main.o(.data)
    hardware_version                         0x20000052   Data           1  main.o(.data)
    com_can_work                             0x20000053   Data           1  main.o(.data)
    keytimer                                 0x20000054   Data           1  main.o(.data)
    mKeyValue                                0x20000055   Data           1  main.o(.data)
    display_timer                            0x20000056   Data           1  main.o(.data)
    backlight_mode                           0x20000057   Data           1  main.o(.data)
    merker                                   0x20000058   Data           1  main.o(.data)
    nmtstate                                 0x20000059   Data           1  main.o(.data)
    setid_mode                               0x2000005a   Data           1  main.o(.data)
    setid_mode_old                           0x2000005b   Data           1  main.o(.data)
    in                                       0x2000005c   Data           1  main.o(.data)
    inold                                    0x2000005d   Data           1  main.o(.data)
    out                                      0x2000005e   Data           1  main.o(.data)
    inpush                                   0x2000005f   Data           1  main.o(.data)
    outpush                                  0x20000060   Data           1  main.o(.data)
    in_polarity                              0x20000061   Data           1  main.o(.data)
    out_polarity                             0x20000062   Data           1  main.o(.data)
    heartbeat                                0x20000063   Data           1  main.o(.data)
    hsetime                                  0x20000064   Data           1  main.o(.data)
    bTime                                    0x20000065   Data           1  main.o(.data)
    sdo_index                                0x20000066   Data           2  main.o(.data)
    errorcode                                0x20000068   Data           2  main.o(.data)
    nmtwait                                  0x2000006a   Data           2  main.o(.data)
    input                                    0x2000006c   Data           3  main.o(.data)
    device_type                              0x20000070   Data           4  main.o(.data)
    virtual_device                           0x20000074   Data           6  main.o(.data)
    virt_in                                  0x2000007a   Data           7  main.o(.data)
    virt_out                                 0x20000081   Data           7  main.o(.data)
    disp_id                                  0x20000088   Data           1  main.o(.data)
    sdo_subindex                             0x20000089   Data           1  main.o(.data)
    row                                      0x2000008a   Data           1  main.o(.data)
    scroll                                   0x2000008b   Data           1  main.o(.data)
    scrollpos                                0x2000008c   Data           1  main.o(.data)
    input_detect                             0x2000008d   Data           1  main.o(.data)
    landingcalltimer                         0x2000008e   Data           1  main.o(.data)
    direction_ind_mode                       0x2000008f   Data           1  main.o(.data)
    arrowflash_old                           0x20000090   Data           1  main.o(.data)
    can_passive_time                         0x20000091   Data           1  main.o(.data)
    flashtimer                               0x20000092   Data           1  main.o(.data)
    mKeyValue_Back                           0x20000093   Data           1  main.o(.data)
    mLongKeyTime                             0x20000094   Data           1  main.o(.data)
    timer_1S5                                0x20000095   Data           1  main.o(.data)
    u8Start_Dark                             0x20000096   Data           1  main.o(.data)
    backlight_func                           0x20000097   Data           1  main.o(.data)
    backlight_off_time                       0x20000098   Data           2  main.o(.data)
    backlight_time_count                     0x2000009a   Data           2  main.o(.data)
    light_para_ok                            0x2000009c   Data           1  main.o(.data)
    display_STN_mode                         0x2000009d   Data           1  main.o(.data)
    id_buff                                  0x2000009e   Data           4  main.o(.data)
    recei_monitor                            0x200000a2   Data           8  main.o(.data)
    bKey_Fg                                  0x200000aa   Data           1  main.o(.data)
    uwTickFreq                               0x200000ac   Data           1  stm32f1xx_hal.o(.data)
    uwTickPrio                               0x200000b0   Data           4  stm32f1xx_hal.o(.data)
    uwTick                                   0x200000b4   Data           4  stm32f1xx_hal.o(.data)
    SystemCoreClock                          0x200000b8   Data           4  system_stm32f1xx.o(.data)
    rx                                       0x200000bc   Data         300  canbus.o(.bss)
    tx                                       0x200001e8   Data         300  canbus.o(.bss)
    Can1RxHeader                             0x20000314   Data          28  canbus.o(.bss)
    CanRxHeader                              0x20000330   Data          28  canbus.o(.bss)
    inpar                                    0x2000034c   Data          56  main.o(.bss)
    outpar                                   0x20000384   Data          64  main.o(.bss)
    hcan                                     0x200003c4   Data          40  main.o(.bss)
    hiwdg                                    0x200003ec   Data          12  main.o(.bss)
    htim2                                    0x200003f8   Data          72  main.o(.bss)
    htim3                                    0x20000440   Data          72  main.o(.bss)
    htim4                                    0x20000488   Data          72  main.o(.bss)
    pFlash                                   0x200004d0   Data          32  stm32f1xx_hal_flash.o(.bss)
    __libspace_start                         0x200004f0   Data          96  libspace.o(.bss)
    __temporary_stack_top$libspace           0x20000550   Data           0  libspace.o(.bss)



==============================================================================

Memory Map of the image

  Image Entry point : 0x080000ed

  Load Region LR_IROM1 (Base: 0x08000000, Size: 0x000046f4, Max: 0x00010000, ABSOLUTE)

    Execution Region ER_IROM1 (Exec base: 0x08000000, Load base: 0x08000000, Size: 0x00004638, Max: 0x00010000, ABSOLUTE)

    Exec Addr    Load Addr    Size         Type   Attr      Idx    E Section Name        Object

    0x08000000   0x08000000   0x000000ec   Data   RO            3    RESET               startup_stm32f103xb.o
    0x080000ec   0x080000ec   0x00000008   Code   RO         3155  * !!!main             c_w.l(__main.o)
    0x080000f4   0x080000f4   0x00000034   Code   RO         3325    !!!scatter          c_w.l(__scatter.o)
    0x08000128   0x08000128   0x0000001a   Code   RO         3327    !!handler_copy      c_w.l(__scatter_copy.o)
    0x08000142   0x08000142   0x00000002   PAD
    0x08000144   0x08000144   0x0000001c   Code   RO         3329    !!handler_zi        c_w.l(__scatter_zi.o)
    0x08000160   0x08000160   0x00000002   Code   RO         3193    .ARM.Collect$$libinit$$00000000  c_w.l(libinit.o)
    0x08000162   0x08000162   0x00000000   Code   RO         3200    .ARM.Collect$$libinit$$00000002  c_w.l(libinit2.o)
    0x08000162   0x08000162   0x00000000   Code   RO         3202    .ARM.Collect$$libinit$$00000004  c_w.l(libinit2.o)
    0x08000162   0x08000162   0x00000000   Code   RO         3205    .ARM.Collect$$libinit$$0000000A  c_w.l(libinit2.o)
    0x08000162   0x08000162   0x00000000   Code   RO         3207    .ARM.Collect$$libinit$$0000000C  c_w.l(libinit2.o)
    0x08000162   0x08000162   0x00000000   Code   RO         3209    .ARM.Collect$$libinit$$0000000E  c_w.l(libinit2.o)
    0x08000162   0x08000162   0x00000000   Code   RO         3212    .ARM.Collect$$libinit$$00000011  c_w.l(libinit2.o)
    0x08000162   0x08000162   0x00000000   Code   RO         3214    .ARM.Collect$$libinit$$00000013  c_w.l(libinit2.o)
    0x08000162   0x08000162   0x00000000   Code   RO         3216    .ARM.Collect$$libinit$$00000015  c_w.l(libinit2.o)
    0x08000162   0x08000162   0x00000000   Code   RO         3218    .ARM.Collect$$libinit$$00000017  c_w.l(libinit2.o)
    0x08000162   0x08000162   0x00000000   Code   RO         3220    .ARM.Collect$$libinit$$00000019  c_w.l(libinit2.o)
    0x08000162   0x08000162   0x00000000   Code   RO         3222    .ARM.Collect$$libinit$$0000001B  c_w.l(libinit2.o)
    0x08000162   0x08000162   0x00000000   Code   RO         3224    .ARM.Collect$$libinit$$0000001D  c_w.l(libinit2.o)
    0x08000162   0x08000162   0x00000000   Code   RO         3226    .ARM.Collect$$libinit$$0000001F  c_w.l(libinit2.o)
    0x08000162   0x08000162   0x00000000   Code   RO         3228    .ARM.Collect$$libinit$$00000021  c_w.l(libinit2.o)
    0x08000162   0x08000162   0x00000000   Code   RO         3230    .ARM.Collect$$libinit$$00000023  c_w.l(libinit2.o)
    0x08000162   0x08000162   0x00000000   Code   RO         3232    .ARM.Collect$$libinit$$00000025  c_w.l(libinit2.o)
    0x08000162   0x08000162   0x00000000   Code   RO         3236    .ARM.Collect$$libinit$$0000002C  c_w.l(libinit2.o)
    0x08000162   0x08000162   0x00000000   Code   RO         3238    .ARM.Collect$$libinit$$0000002E  c_w.l(libinit2.o)
    0x08000162   0x08000162   0x00000000   Code   RO         3240    .ARM.Collect$$libinit$$00000030  c_w.l(libinit2.o)
    0x08000162   0x08000162   0x00000000   Code   RO         3242    .ARM.Collect$$libinit$$00000032  c_w.l(libinit2.o)
    0x08000162   0x08000162   0x00000002   Code   RO         3243    .ARM.Collect$$libinit$$00000033  c_w.l(libinit2.o)
    0x08000164   0x08000164   0x00000002   Code   RO         3263    .ARM.Collect$$libshutdown$$00000000  c_w.l(libshutdown.o)
    0x08000166   0x08000166   0x00000000   Code   RO         3276    .ARM.Collect$$libshutdown$$00000002  c_w.l(libshutdown2.o)
    0x08000166   0x08000166   0x00000000   Code   RO         3278    .ARM.Collect$$libshutdown$$00000004  c_w.l(libshutdown2.o)
    0x08000166   0x08000166   0x00000000   Code   RO         3280    .ARM.Collect$$libshutdown$$00000006  c_w.l(libshutdown2.o)
    0x08000166   0x08000166   0x00000000   Code   RO         3283    .ARM.Collect$$libshutdown$$00000009  c_w.l(libshutdown2.o)
    0x08000166   0x08000166   0x00000000   Code   RO         3286    .ARM.Collect$$libshutdown$$0000000C  c_w.l(libshutdown2.o)
    0x08000166   0x08000166   0x00000000   Code   RO         3288    .ARM.Collect$$libshutdown$$0000000E  c_w.l(libshutdown2.o)
    0x08000166   0x08000166   0x00000000   Code   RO         3291    .ARM.Collect$$libshutdown$$00000011  c_w.l(libshutdown2.o)
    0x08000166   0x08000166   0x00000002   Code   RO         3292    .ARM.Collect$$libshutdown$$00000012  c_w.l(libshutdown2.o)
    0x08000168   0x08000168   0x00000000   Code   RO         3157    .ARM.Collect$$rtentry$$00000000  c_w.l(__rtentry.o)
    0x08000168   0x08000168   0x00000000   Code   RO         3168    .ARM.Collect$$rtentry$$00000002  c_w.l(__rtentry2.o)
    0x08000168   0x08000168   0x00000006   Code   RO         3180    .ARM.Collect$$rtentry$$00000004  c_w.l(__rtentry4.o)
    0x0800016e   0x0800016e   0x00000000   Code   RO         3170    .ARM.Collect$$rtentry$$00000009  c_w.l(__rtentry2.o)
    0x0800016e   0x0800016e   0x00000004   Code   RO         3171    .ARM.Collect$$rtentry$$0000000A  c_w.l(__rtentry2.o)
    0x08000172   0x08000172   0x00000000   Code   RO         3173    .ARM.Collect$$rtentry$$0000000C  c_w.l(__rtentry2.o)
    0x08000172   0x08000172   0x00000008   Code   RO         3174    .ARM.Collect$$rtentry$$0000000D  c_w.l(__rtentry2.o)
    0x0800017a   0x0800017a   0x00000002   Code   RO         3197    .ARM.Collect$$rtexit$$00000000  c_w.l(rtexit.o)
    0x0800017c   0x0800017c   0x00000000   Code   RO         3245    .ARM.Collect$$rtexit$$00000002  c_w.l(rtexit2.o)
    0x0800017c   0x0800017c   0x00000004   Code   RO         3246    .ARM.Collect$$rtexit$$00000003  c_w.l(rtexit2.o)
    0x08000180   0x08000180   0x00000006   Code   RO         3247    .ARM.Collect$$rtexit$$00000004  c_w.l(rtexit2.o)
    0x08000186   0x08000186   0x00000002   PAD
    0x08000188   0x08000188   0x00000040   Code   RO            4    .text               startup_stm32f103xb.o
    0x080001c8   0x080001c8   0x00000026   Code   RO         3115    .text               c_w.l(llushr.o)
    0x080001ee   0x080001ee   0x0000008a   Code   RO         3149    .text               c_w.l(rt_memcpy_v6.o)
    0x08000278   0x08000278   0x0000004e   Code   RO         3151    .text               c_w.l(rt_memclr_w.o)
    0x080002c6   0x080002c6   0x00000006   Code   RO         3153    .text               c_w.l(heapauxi.o)
    0x080002cc   0x080002cc   0x00000064   Code   RO         3165    .text               c_w.l(rt_memcpy_w.o)
    0x08000330   0x08000330   0x0000004a   Code   RO         3184    .text               c_w.l(sys_stackheap_outer.o)
    0x0800037a   0x0800037a   0x00000012   Code   RO         3186    .text               c_w.l(exit.o)
    0x0800038c   0x0800038c   0x00000008   Code   RO         3194    .text               c_w.l(libspace.o)
    0x08000394   0x08000394   0x0000000c   Code   RO         3255    .text               c_w.l(sys_exit.o)
    0x080003a0   0x080003a0   0x00000002   Code   RO         3266    .text               c_w.l(use_no_semi.o)
    0x080003a2   0x080003a2   0x00000000   Code   RO         3268    .text               c_w.l(indicate_semi.o)
    0x080003a2   0x080003a2   0x00000002   Code   RO          580    i.BusFault_Handler  stm32f1xx_it.o
    0x080003a4   0x080003a4   0x0000000c   Code   RO          581    i.CAN1_RX1_IRQHandler  stm32f1xx_it.o
    0x080003b0   0x080003b0   0x0000000c   Code   RO          582    i.CAN1_SCE_IRQHandler  stm32f1xx_it.o
    0x080003bc   0x080003bc   0x0000009c   Code   RO          249    i.CAN_transmit_Interrupt  canbus.o
    0x08000458   0x08000458   0x00000002   Code   RO          583    i.DebugMon_Handler  stm32f1xx_it.o
    0x0800045a   0x0800045a   0x00000004   Code   RO          465    i.Error_Handler     main.o
    0x0800045e   0x0800045e   0x00000002   PAD
    0x08000460   0x08000460   0x0000001c   Code   RO         1815    i.FLASH_Program_HalfWord  stm32f1xx_hal_flash.o
    0x0800047c   0x0800047c   0x0000005c   Code   RO         1816    i.FLASH_SetErrorCode  stm32f1xx_hal_flash.o
    0x080004d8   0x080004d8   0x00000054   Code   RO         1817    i.FLASH_WaitForLastOperation  stm32f1xx_hal_flash.o
    0x0800052c   0x0800052c   0x00000038   Code   RO          746    i.Flash_Erase       flash.o
    0x08000564   0x08000564   0x00000016   Code   RO          750    i.Flash_Read_Bytes  flash.o
    0x0800057a   0x0800057a   0x00000002   PAD
    0x0800057c   0x0800057c   0x00000054   Code   RO          753    i.Flash_Write_Bytes  flash.o
    0x080005d0   0x080005d0   0x00000024   Code   RO          867    i.HAL_CAN_ActivateNotification  stm32f1xx_hal_can.o
    0x080005f4   0x080005f4   0x000000dc   Code   RO          868    i.HAL_CAN_AddTxMessage  stm32f1xx_hal_can.o
    0x080006d0   0x080006d0   0x000000ee   Code   RO          869    i.HAL_CAN_ConfigFilter  stm32f1xx_hal_can.o
    0x080007be   0x080007be   0x00000024   Code   RO          871    i.HAL_CAN_DeactivateNotification  stm32f1xx_hal_can.o
    0x080007e2   0x080007e2   0x00000002   Code   RO          872    i.HAL_CAN_ErrorCallback  stm32f1xx_hal_can.o
    0x080007e4   0x080007e4   0x000000e8   Code   RO          875    i.HAL_CAN_GetRxMessage  stm32f1xx_hal_can.o
    0x080008cc   0x080008cc   0x000001fc   Code   RO          879    i.HAL_CAN_IRQHandler  stm32f1xx_hal_can.o
    0x08000ac8   0x08000ac8   0x0000011a   Code   RO          880    i.HAL_CAN_Init      stm32f1xx_hal_can.o
    0x08000be2   0x08000be2   0x00000002   PAD
    0x08000be4   0x08000be4   0x000000ac   Code   RO          699    i.HAL_CAN_MspInit   stm32f1xx_hal_msp.o
    0x08000c90   0x08000c90   0x00000002   Code   RO          887    i.HAL_CAN_RxFifo0FullCallback  stm32f1xx_hal_can.o
    0x08000c92   0x08000c92   0x00000002   PAD
    0x08000c94   0x08000c94   0x00000040   Code   RO          250    i.HAL_CAN_RxFifo0MsgPendingCallback  canbus.o
    0x08000cd4   0x08000cd4   0x00000002   Code   RO          889    i.HAL_CAN_RxFifo1FullCallback  stm32f1xx_hal_can.o
    0x08000cd6   0x08000cd6   0x00000002   PAD
    0x08000cd8   0x08000cd8   0x000000b8   Code   RO          251    i.HAL_CAN_RxFifo1MsgPendingCallback  canbus.o
    0x08000d90   0x08000d90   0x00000002   Code   RO          891    i.HAL_CAN_SleepCallback  stm32f1xx_hal_can.o
    0x08000d92   0x08000d92   0x00000002   PAD
    0x08000d94   0x08000d94   0x00000058   Code   RO          892    i.HAL_CAN_Start     stm32f1xx_hal_can.o
    0x08000dec   0x08000dec   0x00000002   Code   RO          894    i.HAL_CAN_TxMailbox0AbortCallback  stm32f1xx_hal_can.o
    0x08000dee   0x08000dee   0x00000002   PAD
    0x08000df0   0x08000df0   0x00000010   Code   RO          252    i.HAL_CAN_TxMailbox0CompleteCallback  canbus.o
    0x08000e00   0x08000e00   0x00000002   Code   RO          896    i.HAL_CAN_TxMailbox1AbortCallback  stm32f1xx_hal_can.o
    0x08000e02   0x08000e02   0x00000002   PAD
    0x08000e04   0x08000e04   0x00000010   Code   RO          253    i.HAL_CAN_TxMailbox1CompleteCallback  canbus.o
    0x08000e14   0x08000e14   0x00000002   Code   RO          898    i.HAL_CAN_TxMailbox2AbortCallback  stm32f1xx_hal_can.o
    0x08000e16   0x08000e16   0x00000002   PAD
    0x08000e18   0x08000e18   0x00000010   Code   RO          254    i.HAL_CAN_TxMailbox2CompleteCallback  canbus.o
    0x08000e28   0x08000e28   0x00000002   Code   RO          901    i.HAL_CAN_WakeUpFromRxMsgCallback  stm32f1xx_hal_can.o
    0x08000e2a   0x08000e2a   0x00000002   PAD
    0x08000e2c   0x08000e2c   0x00000024   Code   RO         1107    i.HAL_Delay         stm32f1xx_hal.o
    0x08000e50   0x08000e50   0x00000080   Code   RO         1826    i.HAL_FLASH_Program  stm32f1xx_hal_flash.o
    0x08000ed0   0x08000ed0   0x00000028   Code   RO         1828    i.HAL_FLASH_Unlock  stm32f1xx_hal_flash.o
    0x08000ef8   0x08000ef8   0x000001e0   Code   RO         1415    i.HAL_GPIO_Init     stm32f1xx_hal_gpio.o
    0x080010d8   0x080010d8   0x0000000a   Code   RO         1417    i.HAL_GPIO_ReadPin  stm32f1xx_hal_gpio.o
    0x080010e2   0x080010e2   0x0000000a   Code   RO         1419    i.HAL_GPIO_WritePin  stm32f1xx_hal_gpio.o
    0x080010ec   0x080010ec   0x0000000c   Code   RO         1111    i.HAL_GetTick       stm32f1xx_hal.o
    0x080010f8   0x080010f8   0x0000005a   Code   RO         2075    i.HAL_IWDG_Init     stm32f1xx_hal_iwdg.o
    0x08001152   0x08001152   0x0000000c   Code   RO         2076    i.HAL_IWDG_Refresh  stm32f1xx_hal_iwdg.o
    0x0800115e   0x0800115e   0x00000002   PAD
    0x08001160   0x08001160   0x00000010   Code   RO         1117    i.HAL_IncTick       stm32f1xx_hal.o
    0x08001170   0x08001170   0x00000024   Code   RO         1118    i.HAL_Init          stm32f1xx_hal.o
    0x08001194   0x08001194   0x00000040   Code   RO         1119    i.HAL_InitTick      stm32f1xx_hal.o
    0x080011d4   0x080011d4   0x0000003c   Code   RO          700    i.HAL_MspInit       stm32f1xx_hal_msp.o
    0x08001210   0x08001210   0x0000001a   Code   RO         1575    i.HAL_NVIC_EnableIRQ  stm32f1xx_hal_cortex.o
    0x0800122a   0x0800122a   0x00000002   PAD
    0x0800122c   0x0800122c   0x00000040   Code   RO         1581    i.HAL_NVIC_SetPriority  stm32f1xx_hal_cortex.o
    0x0800126c   0x0800126c   0x00000024   Code   RO         1582    i.HAL_NVIC_SetPriorityGrouping  stm32f1xx_hal_cortex.o
    0x08001290   0x08001290   0x00000024   Code   RO         1583    i.HAL_NVIC_SystemReset  stm32f1xx_hal_cortex.o
    0x080012b4   0x080012b4   0x0000012c   Code   RO         1275    i.HAL_RCC_ClockConfig  stm32f1xx_hal_rcc.o
    0x080013e0   0x080013e0   0x0000006c   Code   RO         1284    i.HAL_RCC_GetSysClockFreq  stm32f1xx_hal_rcc.o
    0x0800144c   0x0800144c   0x00000320   Code   RO         1287    i.HAL_RCC_OscConfig  stm32f1xx_hal_rcc.o
    0x0800176c   0x0800176c   0x00000028   Code   RO         1586    i.HAL_SYSTICK_Config  stm32f1xx_hal_cortex.o
    0x08001794   0x08001794   0x00000002   Code   RO         2811    i.HAL_TIMEx_BreakCallback  stm32f1xx_hal_tim_ex.o
    0x08001796   0x08001796   0x00000002   Code   RO         2812    i.HAL_TIMEx_CommutCallback  stm32f1xx_hal_tim_ex.o
    0x08001798   0x08001798   0x00000068   Code   RO         2830    i.HAL_TIMEx_MasterConfigSynchronization  stm32f1xx_hal_tim_ex.o
    0x08001800   0x08001800   0x0000005a   Code   RO         2107    i.HAL_TIM_Base_Init  stm32f1xx_hal_tim.o
    0x0800185a   0x0800185a   0x00000002   PAD
    0x0800185c   0x0800185c   0x00000088   Code   RO          702    i.HAL_TIM_Base_MspInit  stm32f1xx_hal_msp.o
    0x080018e4   0x080018e4   0x00000058   Code   RO         2112    i.HAL_TIM_Base_Start_IT  stm32f1xx_hal_tim.o
    0x0800193c   0x0800193c   0x000000d6   Code   RO         2116    i.HAL_TIM_ConfigClockSource  stm32f1xx_hal_tim.o
    0x08001a12   0x08001a12   0x00000002   Code   RO         2141    i.HAL_TIM_IC_CaptureCallback  stm32f1xx_hal_tim.o
    0x08001a14   0x08001a14   0x00000166   Code   RO         2155    i.HAL_TIM_IRQHandler  stm32f1xx_hal_tim.o
    0x08001b7a   0x08001b7a   0x00000002   Code   RO         2158    i.HAL_TIM_OC_DelayElapsedCallback  stm32f1xx_hal_tim.o
    0x08001b7c   0x08001b7c   0x00000002   Code   RO         2185    i.HAL_TIM_PWM_PulseFinishedCallback  stm32f1xx_hal_tim.o
    0x08001b7e   0x08001b7e   0x00000002   PAD
    0x08001b80   0x08001b80   0x0000045c   Code   RO          438    i.HAL_TIM_PeriodElapsedCallback  interrupt.o
    0x08001fdc   0x08001fdc   0x00000002   Code   RO         2198    i.HAL_TIM_TriggerCallback  stm32f1xx_hal_tim.o
    0x08001fde   0x08001fde   0x00000002   Code   RO          584    i.HardFault_Handler  stm32f1xx_it.o
    0x08001fe0   0x08001fe0   0x00000168   Code   RO          255    i.Init_Can          canbus.o
    0x08002148   0x08002148   0x00000140   Code   RO           14    i.KeyProg           display.o
    0x08002288   0x08002288   0x000000d4   Code   RO           15    i.KeyScan           display.o
    0x0800235c   0x0800235c   0x00000040   Code   RO          466    i.MX_CAN_Init       main.o
    0x0800239c   0x0800239c   0x000000b8   Code   RO          467    i.MX_GPIO_Init      main.o
    0x08002454   0x08002454   0x00000068   Code   RO          468    i.MX_TIM2_Init      main.o
    0x080024bc   0x080024bc   0x00000068   Code   RO          469    i.MX_TIM3_Init      main.o
    0x08002524   0x08002524   0x00000068   Code   RO          470    i.MX_TIM4_Init      main.o
    0x0800258c   0x0800258c   0x00000002   Code   RO          585    i.MemManage_Handler  stm32f1xx_it.o
    0x0800258e   0x0800258e   0x00000002   Code   RO          586    i.NMI_Handler       stm32f1xx_it.o
    0x08002590   0x08002590   0x00000002   Code   RO          587    i.PendSV_Handler    stm32f1xx_it.o
    0x08002592   0x08002592   0x00000002   PAD
    0x08002594   0x08002594   0x0000003c   Code   RO           16    i.SPI_SendOneByte   display.o
    0x080025d0   0x080025d0   0x00000002   Code   RO          588    i.SVC_Handler       stm32f1xx_it.o
    0x080025d2   0x080025d2   0x00000002   PAD
    0x080025d4   0x080025d4   0x00000144   Code   RO           17    i.SetNodeId         display.o
    0x08002718   0x08002718   0x00000004   Code   RO          589    i.SysTick_Handler   stm32f1xx_it.o
    0x0800271c   0x0800271c   0x00000064   Code   RO          471    i.SystemClock_Config  main.o
    0x08002780   0x08002780   0x00000002   Code   RO         3079    i.SystemInit        system_stm32f1xx.o
    0x08002782   0x08002782   0x00000002   PAD
    0x08002784   0x08002784   0x0000000c   Code   RO          590    i.TIM2_IRQHandler   stm32f1xx_it.o
    0x08002790   0x08002790   0x0000000c   Code   RO          591    i.TIM3_IRQHandler   stm32f1xx_it.o
    0x0800279c   0x0800279c   0x0000000c   Code   RO          592    i.TIM4_IRQHandler   stm32f1xx_it.o
    0x080027a8   0x080027a8   0x0000006c   Code   RO         2200    i.TIM_Base_SetConfig  stm32f1xx_hal_tim.o
    0x08002814   0x08002814   0x00000014   Code   RO         2211    i.TIM_ETR_SetConfig  stm32f1xx_hal_tim.o
    0x08002828   0x08002828   0x00000010   Code   RO         2212    i.TIM_ITRx_SetConfig  stm32f1xx_hal_tim.o
    0x08002838   0x08002838   0x00000022   Code   RO         2218    i.TIM_TI1_ConfigInputStage  stm32f1xx_hal_tim.o
    0x0800285a   0x0800285a   0x00000024   Code   RO         2220    i.TIM_TI2_ConfigInputStage  stm32f1xx_hal_tim.o
    0x0800287e   0x0800287e   0x00000002   PAD
    0x08002880   0x08002880   0x00000158   Code   RO           18    i.TestMode          display.o
    0x080029d8   0x080029d8   0x0000000c   Code   RO          593    i.USB_HP_CAN1_TX_IRQHandler  stm32f1xx_it.o
    0x080029e4   0x080029e4   0x0000000c   Code   RO          594    i.USB_LP_CAN1_RX0_IRQHandler  stm32f1xx_it.o
    0x080029f0   0x080029f0   0x00000002   Code   RO          595    i.UsageFault_Handler  stm32f1xx_it.o
    0x080029f2   0x080029f2   0x00000020   Code   RO         1588    i.__NVIC_SetPriority  stm32f1xx_hal_cortex.o
    0x08002a12   0x08002a12   0x00000002   PAD
    0x08002a14   0x08002a14   0x000000b8   Code   RO          256    i.abort_sdo         canbus.o
    0x08002acc   0x08002acc   0x000000d4   Code   RO          257    i.can_transmit      canbus.o
    0x08002ba0   0x08002ba0   0x00000020   Code   RO          258    i.check_for_call    canbus.o
    0x08002bc0   0x08002bc0   0x000000b4   Code   RO          472    i.check_hse         main.o
    0x08002c74   0x08002c74   0x000000d0   Code   RO          473    i.init_userpara     main.o
    0x08002d44   0x08002d44   0x00000064   Code   RO          259    i.lss_response      canbus.o
    0x08002da8   0x08002da8   0x0000030c   Code   RO          474    i.main              main.o
    0x080030b4   0x080030b4   0x000000a0   Code   RO          396    i.read_dict         dict.o
    0x08003154   0x08003154   0x00000728   Code   RO          260    i.read_rx           canbus.o
    0x0800387c   0x0800387c   0x000000a4   Code   RO          261    i.sdo_response      canbus.o
    0x08003920   0x08003920   0x00000080   Code   RO          262    i.sdo_segment       canbus.o
    0x080039a0   0x080039a0   0x0000008c   Code   RO          397    i.search_dict       dict.o
    0x08003a2c   0x08003a2c   0x0000004c   Code   RO          263    i.sent_heartbeat    canbus.o
    0x08003a78   0x08003a78   0x00000074   Code   RO          264    i.set_io_config     canbus.o
    0x08003aec   0x08003aec   0x00000540   Code   RO          265    i.set_output        canbus.o
    0x0800402c   0x0800402c   0x00000088   Code   RO          266    i.transmit_error    canbus.o
    0x080040b4   0x080040b4   0x00000058   Code   RO          267    i.transmit_in       canbus.o
    0x0800410c   0x0800410c   0x00000108   Code   RO          398    i.write_dict        dict.o
    0x08004214   0x08004214   0x00000126   Data   RO           19    .constdata          display.o
    0x0800433a   0x0800433a   0x00000160   Data   RO           20    .constdata          display.o
    0x0800449a   0x0800449a   0x00000006   Data   RO          214    .constdata          version.o
    0x080044a0   0x080044a0   0x00000006   Data   RO          215    .constdata          version.o
    0x080044a6   0x080044a6   0x00000006   Data   RO          216    .constdata          version.o
    0x080044ac   0x080044ac   0x00000006   Data   RO          217    .constdata          version.o
    0x080044b2   0x080044b2   0x00000006   Data   RO          218    .constdata          version.o
    0x080044b8   0x080044b8   0x00000006   Data   RO          219    .constdata          version.o
    0x080044be   0x080044be   0x00000002   PAD
    0x080044c0   0x080044c0   0x00000144   Data   RO          399    .constdata          dict.o
    0x08004604   0x08004604   0x00000004   Data   RO          476    .constdata          main.o
    0x08004608   0x08004608   0x00000010   Data   RO         3080    .constdata          system_stm32f1xx.o
    0x08004618   0x08004618   0x00000020   Data   RO         3323    Region$$Table       anon$$obj.o


    Execution Region RW_IRAM1 (Exec base: 0x20000000, Load base: 0x08004638, Size: 0x00000b50, Max: 0x00005000, ABSOLUTE)

    Exec Addr    Load Addr    Size         Type   Attr      Idx    E Section Name        Object

    0x20000000   0x08004638   0x0000000c   Data   RW           22    .data               display.o
    0x2000000c   0x08004644   0x00000032   Data   RW          270    .data               canbus.o
    0x2000003e   0x08004676   0x00000003   Data   RW          439    .data               interrupt.o
    0x20000041   0x08004679   0x00000003   PAD
    0x20000044   0x0800467c   0x00000044   Data   RW          477    .data               main.o
    0x20000088   0x080046c0   0x00000001   Data   RW          478    .data               main.o
    0x20000089   0x080046c1   0x00000001   Data   RW          479    .data               main.o
    0x2000008a   0x080046c2   0x00000001   Data   RW          480    .data               main.o
    0x2000008b   0x080046c3   0x00000001   Data   RW          481    .data               main.o
    0x2000008c   0x080046c4   0x00000001   Data   RW          482    .data               main.o
    0x2000008d   0x080046c5   0x00000001   Data   RW          484    .data               main.o
    0x2000008e   0x080046c6   0x00000001   Data   RW          485    .data               main.o
    0x2000008f   0x080046c7   0x00000001   Data   RW          486    .data               main.o
    0x20000090   0x080046c8   0x00000001   Data   RW          487    .data               main.o
    0x20000091   0x080046c9   0x00000001   Data   RW          489    .data               main.o
    0x20000092   0x080046ca   0x00000001   Data   RW          492    .data               main.o
    0x20000093   0x080046cb   0x00000001   Data   RW          493    .data               main.o
    0x20000094   0x080046cc   0x00000001   Data   RW          494    .data               main.o
    0x20000095   0x080046cd   0x00000001   Data   RW          495    .data               main.o
    0x20000096   0x080046ce   0x00000001   Data   RW          497    .data               main.o
    0x20000097   0x080046cf   0x00000001   Data   RW          499    .data               main.o
    0x20000098   0x080046d0   0x00000002   Data   RW          500    .data               main.o
    0x2000009a   0x080046d2   0x00000002   Data   RW          501    .data               main.o
    0x2000009c   0x080046d4   0x00000001   Data   RW          502    .data               main.o
    0x2000009d   0x080046d5   0x00000001   Data   RW          503    .data               main.o
    0x2000009e   0x080046d6   0x00000004   Data   RW          505    .data               main.o
    0x200000a2   0x080046da   0x00000008   Data   RW          506    .data               main.o
    0x200000aa   0x080046e2   0x00000001   Data   RW          507    .data               main.o
    0x200000ab   0x080046e3   0x00000001   PAD
    0x200000ac   0x080046e4   0x0000000c   Data   RW         1125    .data               stm32f1xx_hal.o
    0x200000b8   0x080046f0   0x00000004   Data   RW         3082    .data               system_stm32f1xx.o
    0x200000bc        -       0x00000290   Zero   RW          269    .bss                canbus.o
    0x2000034c        -       0x00000184   Zero   RW          475    .bss                main.o
    0x200004d0        -       0x00000020   Zero   RW         1829    .bss                stm32f1xx_hal_flash.o
    0x200004f0        -       0x00000060   Zero   RW         3195    .bss                c_w.l(libspace.o)
    0x20000550        -       0x00000200   Zero   RW            2    HEAP                startup_stm32f103xb.o
    0x20000750        -       0x00000400   Zero   RW            1    STACK               startup_stm32f103xb.o


==============================================================================

Image component sizes


      Code (inc. data)   RO Data    RW Data    ZI Data      Debug   Object Name

      5224        454          0         50        656      14970   canbus.o
       564         44        324          0          0       3482   dict.o
      1260        160        646         12          0     444324   display.o
       162         10          0          0          0       2299   flash.o
      1116        172          0          3          0       1728   interrupt.o
      1832        112          4        103        388      12160   main.o
        64         26        236          0       1536        780   startup_stm32f103xb.o
       164         28          0         12          0       5645   stm32f1xx_hal.o
      1656          0          0          0          0      11697   stm32f1xx_hal_can.o
       234         24          0          0          0      29290   stm32f1xx_hal_cortex.o
       372         40          0          0         32       3977   stm32f1xx_hal_flash.o
       500         34          0          0          0       3391   stm32f1xx_hal_gpio.o
       102          0          0          0          0       1739   stm32f1xx_hal_iwdg.o
       368         34          0          0          0       2187   stm32f1xx_hal_msp.o
      1208         76          0          0          0       3934   stm32f1xx_hal_rcc.o
       972         26          0          0          0       9209   stm32f1xx_hal_tim.o
       108         12          0          0          0       2241   stm32f1xx_hal_tim_ex.o
       104         42          0          0          0       6425   stm32f1xx_it.o
         2          0         16          4          0       1023   system_stm32f1xx.o
         0          0         36          0          0        935   version.o

    ----------------------------------------------------------------------
     16050       1294       1296        188       2612     561436   Object Totals
         0          0         32          0          0          0   (incl. Generated)
        38          0          2          4          0          0   (incl. Padding)

    ----------------------------------------------------------------------

      Code (inc. data)   RO Data    RW Data    ZI Data      Debug   Library Member Name

         8          0          0          0          0         68   __main.o
         0          0          0          0          0          0   __rtentry.o
        12          0          0          0          0          0   __rtentry2.o
         6          0          0          0          0          0   __rtentry4.o
        52          8          0          0          0          0   __scatter.o
        26          0          0          0          0          0   __scatter_copy.o
        28          0          0          0          0          0   __scatter_zi.o
        18          0          0          0          0         80   exit.o
         6          0          0          0          0        152   heapauxi.o
         0          0          0          0          0          0   indicate_semi.o
         2          0          0          0          0          0   libinit.o
         2          0          0          0          0          0   libinit2.o
         2          0          0          0          0          0   libshutdown.o
         2          0          0          0          0          0   libshutdown2.o
         8          4          0          0         96         68   libspace.o
        38          0          0          0          0         68   llushr.o
        78          0          0          0          0         80   rt_memclr_w.o
       138          0          0          0          0         68   rt_memcpy_v6.o
       100          0          0          0          0         80   rt_memcpy_w.o
         2          0          0          0          0          0   rtexit.o
        10          0          0          0          0          0   rtexit2.o
        12          4          0          0          0         68   sys_exit.o
        74          0          0          0          0         80   sys_stackheap_outer.o
         2          0          0          0          0         68   use_no_semi.o

    ----------------------------------------------------------------------
       630         16          0          0         96        880   Library Totals
         4          0          0          0          0          0   (incl. Padding)

    ----------------------------------------------------------------------

      Code (inc. data)   RO Data    RW Data    ZI Data      Debug   Library Name

       626         16          0          0         96        880   c_w.l

    ----------------------------------------------------------------------
       630         16          0          0         96        880   Library Totals

    ----------------------------------------------------------------------

==============================================================================


      Code (inc. data)   RO Data    RW Data    ZI Data      Debug   

     16680       1310       1296        188       2708     556176   Grand Totals
     16680       1310       1296        188       2708     556176   ELF Image Totals
     16680       1310       1296        188          0          0   ROM Totals

==============================================================================

    Total RO  Size (Code + RO Data)                17976 (  17.55kB)
    Total RW  Size (RW Data + ZI Data)              2896 (   2.83kB)
    Total ROM Size (Code + RO Data + RW Data)      18164 (  17.74kB)

==============================================================================

