<html>
<body>
<pre>
<h1>µVision Build Log</h1>
<h2>Tool Versions:</h2>
IDE-Version: µVision V5.36.0.0
Copyright (C) 2021 ARM Ltd and ARM Germany GmbH. All rights reserved.
License Information: QUANG QUANG, QUANG, LIC=D0DY6-DYD0B-F09NG-TRIR5-95MI8-36TFF
 
Tool Versions:
Toolchain:       MDK-ARM Plus  Version: 5.36.0.0
Toolchain Path:  C:\Keil_v5\ARM\ARMCC\Bin
C Compiler:      Armcc.exe V5.06 update 7 (build 960)
Assembler:       Armasm.exe V5.06 update 7 (build 960)
Linker/Locator:  ArmLink.exe V5.06 update 7 (build 960)
Library Manager: ArmAr.exe V5.06 update 7 (build 960)
Hex Converter:   FromElf.exe V5.06 update 7 (build 960)
CPU DLL:         SARMCM3.DLL V5.36.0.0
Dialog DLL:      DCM.DLL V1.17.3.0
Target DLL:      STLink\ST-LINKIII-KEIL_SWO.dll V3.0.9.0
Dialog DLL:      TCM.DLL V1.53.0.0
 
<h2>Project:</h2>
D:\Task\LIOP_VGS502\MDK-ARM\LIOP_VGS502.uvprojx
Project File Date:  05/05/2022

<h2>Output:</h2>
*** Using Compiler 'V5.06 update 7 (build 960)', folder: 'C:\Keil_v5\ARM\ARMCC\Bin'
Build target 'LIOP_VGS502'
Note: source file '../Core/Src/system_stm32f1xx.c' - object file renamed from 'LIOP_VGS502\system_stm32f1xx.o' to 'LIOP_VGS502\system_stm32f1xx_1.o'.
compiling CanBus.c...
../Core/Inc/dict.h(10): warning:  #21-D: type qualifiers are meaningless in this declaration
  const struct _dict
..\Core\Src\CanBus.c(37): warning:  #223-D: function "memcpy" declared implicitly
  				memcpy((void *)&rx[ri][2], Can1RxData, Can1RxHeader.DLC);
..\Core\Src\CanBus.c(97): warning:  #223-D: function "memcpy" declared implicitly
  		memcpy(CanTxData, (void *)(tx[to] + 2), 8);
..\Core\Src\CanBus.c(403): warning:  #177-D: variable "cte"  was declared but never referenced
  	static BYTE cte = 0;
..\Core\Src\CanBus.c(797): warning:  #223-D: function "memcpy" declared implicitly
  	memcpy(CanTxData_t, (void *)(tx[to] + 2), 8);
..\Core\Src\CanBus.c: 5 warnings, 0 errors
linking...
Program Size: Code=13208 RO-data=860 RW-data=176 ZI-data=2680  
FromELF: creating hex file...
"LIOP_VGS502\LIOP_VGS502.axf" - 0 Error(s), 5 Warning(s).

<h2>Software Packages used:</h2>

Package Vendor: ARM
                http://www.keil.com/pack/ARM.CMSIS.5.8.0.pack
                ARM.CMSIS.5.8.0
                CMSIS (Common Microcontroller Software Interface Standard)
   * Component: CORE Version: 5.5.0

Package Vendor: Keil
                http://www.keil.com/pack/Keil.STM32F1xx_DFP.2.4.0.pack
                Keil.STM32F1xx_DFP.2.4.0
                STMicroelectronics STM32F1 Series Device Support, Drivers and Examples

<h2>Collection of Component include folders:</h2>
  .\RTE\_LIOP_VGS502
  C:\Users\Ha Thien Quang\AppData\Local\Arm\Packs\ARM\CMSIS\5.8.0\CMSIS\Core\Include
  C:\Users\Ha Thien Quang\AppData\Local\Arm\Packs\Keil\STM32F1xx_DFP\2.4.0\Device\Include

<h2>Collection of Component Files used:</h2>

   * Component: ARM::CMSIS:CORE:5.5.0
      Include file:  CMSIS\Core\Include\tz_context.h
Build Time Elapsed:  00:00:02
</pre>
</body>
</html>
